Archive member included to satisfy reference by file (symbol)

app/libapp.a(lora_rr_signalman.cc.obj)
                              (--whole-archive)
app/libapp.a(main.cc.obj)     (--whole-archive)
zephyr/libzephyr.a(cbprintf.c.obj)
                              (--whole-archive)
zephyr/libzephyr.a(cbprintf_packaged.c.obj)
                              (--whole-archive)
zephyr/libzephyr.a(crc32c_sw.c.obj)
                              (--whole-archive)
zephyr/libzephyr.a(crc32_sw.c.obj)
                              (--whole-archive)
zephyr/libzephyr.a(crc16_sw.c.obj)
                              (--whole-archive)
zephyr/libzephyr.a(crc8_sw.c.obj)
                              (--whole-archive)
zephyr/libzephyr.a(crc7_sw.c.obj)
                              (--whole-archive)
zephyr/libzephyr.a(dec.c.obj)
                              (--whole-archive)
zephyr/libzephyr.a(fdtable.c.obj)
                              (--whole-archive)
zephyr/libzephyr.a(hex.c.obj)
                              (--whole-archive)
zephyr/libzephyr.a(notify.c.obj)
                              (--whole-archive)
zephyr/libzephyr.a(printk.c.obj)
                              (--whole-archive)
zephyr/libzephyr.a(onoff.c.obj)
                              (--whole-archive)
zephyr/libzephyr.a(rb.c.obj)  (--whole-archive)
zephyr/libzephyr.a(sem.c.obj)
                              (--whole-archive)
zephyr/libzephyr.a(thread_entry.c.obj)
                              (--whole-archive)
zephyr/libzephyr.a(timeutil.c.obj)
                              (--whole-archive)
zephyr/libzephyr.a(heap.c.obj)
                              (--whole-archive)
zephyr/libzephyr.a(heap-validate.c.obj)
                              (--whole-archive)
zephyr/libzephyr.a(bitarray.c.obj)
                              (--whole-archive)
zephyr/libzephyr.a(multi_heap.c.obj)
                              (--whole-archive)
zephyr/libzephyr.a(cbprintf_complete.c.obj)
                              (--whole-archive)
zephyr/libzephyr.a(configs.c.obj)
                              (--whole-archive)
zephyr/libzephyr.a(soc.c.obj)
                              (--whole-archive)
zephyr/libzephyr.a(stm32cube_hal.c.obj)
                              (--whole-archive)
zephyr/libzephyr.a(soc_config.c.obj)
                              (--whole-archive)
zephyr/libzephyr.a(cpp_init.c.obj)
                              (--whole-archive)
zephyr/libzephyr.a(cpp_init_array.c.obj)
                              (--whole-archive)
zephyr/libzephyr.a(cpp_ctors.c.obj)
                              (--whole-archive)
zephyr/libzephyr.a(cpp_dtors.c.obj)
                              (--whole-archive)
zephyr/libzephyr.a(tracing_none.c.obj)
                              (--whole-archive)
zephyr/libzephyr.a(pinmux_stm32.c.obj)
                              (--whole-archive)
zephyr/arch/common/libarch__common.a(sw_isr_common.c.obj)
                              (--whole-archive)
zephyr/arch/arch/arm/core/aarch32/libarch__arm__core__aarch32.a(cpu_idle.S.obj)
                              (--whole-archive)
zephyr/arch/arch/arm/core/aarch32/libarch__arm__core__aarch32.a(fatal.c.obj)
                              (--whole-archive)
zephyr/arch/arch/arm/core/aarch32/libarch__arm__core__aarch32.a(irq_manage.c.obj)
                              (--whole-archive)
zephyr/arch/arch/arm/core/aarch32/libarch__arm__core__aarch32.a(nmi.c.obj)
                              (--whole-archive)
zephyr/arch/arch/arm/core/aarch32/libarch__arm__core__aarch32.a(nmi_on_reset.S.obj)
                              (--whole-archive)
zephyr/arch/arch/arm/core/aarch32/libarch__arm__core__aarch32.a(prep_c.c.obj)
                              (--whole-archive)
zephyr/arch/arch/arm/core/aarch32/libarch__arm__core__aarch32.a(swap.c.obj)
                              (--whole-archive)
zephyr/arch/arch/arm/core/aarch32/libarch__arm__core__aarch32.a(swap_helper.S.obj)
                              (--whole-archive)
zephyr/arch/arch/arm/core/aarch32/libarch__arm__core__aarch32.a(thread.c.obj)
                              (--whole-archive)
zephyr/arch/arch/arm/core/aarch32/libarch__arm__core__aarch32.a(isr_wrapper.S.obj)
                              (--whole-archive)
zephyr/arch/arch/arm/core/aarch32/libarch__arm__core__aarch32.a(__aeabi_atexit.c.obj)
                              (--whole-archive)
zephyr/arch/arch/arm/core/aarch32/cortex_m/libarch__arm__core__aarch32__cortex_m.a(exc_exit.S.obj)
                              (--whole-archive)
zephyr/arch/arch/arm/core/aarch32/cortex_m/libarch__arm__core__aarch32__cortex_m.a(fault.c.obj)
                              (--whole-archive)
zephyr/arch/arch/arm/core/aarch32/cortex_m/libarch__arm__core__aarch32__cortex_m.a(fault_s.S.obj)
                              (--whole-archive)
zephyr/arch/arch/arm/core/aarch32/cortex_m/libarch__arm__core__aarch32__cortex_m.a(fpu.c.obj)
                              (--whole-archive)
[...]
Memory Configuration

Name             Origin             Length             Attributes
FLASH            0x0000000008000000 0x0000000000040000 xr
SRAM             0x0000000020000000 0x0000000000028000 xw
IDT_LIST         0x00000000fffff7ff 0x0000000000000800 xw
*default*        0x0000000000000000 0xffffffffffffffff

Linker script and memory map

LOAD zephyr/CMakeFiles/zephyr_pre0.dir/misc/empty_file.c.obj
LOAD zephyr/CMakeFiles/offsets.dir/./arch/arm/core/offsets/offsets.c.obj
                0x0000000000000020                _region_min_align = 0x20

.rel.plt        0x0000000008000000        0x0
 *(SORT_BY_ALIGNMENT(.rel.plt))
                [!provide]                        PROVIDE (__rel_iplt_start = .)
 *(SORT_BY_ALIGNMENT(.rel.iplt))
 .rel.iplt      0x0000000008000000        0x0 app/libapp.a(lora_rr_signalman.cc.obj)
                [!provide]                        PROVIDE (__rel_iplt_end = .)

.rela.plt       0x0000000000000000        0x0
 *(SORT_BY_ALIGNMENT(.rela.plt))
                [!provide]                        PROVIDE (__rela_iplt_start = .)
 *(SORT_BY_ALIGNMENT(.rela.iplt))
                [!provide]                        PROVIDE (__rela_iplt_end = .)

.rel.dyn
 *(SORT_BY_ALIGNMENT(.rel.*))

.rela.dyn
 *(SORT_BY_ALIGNMENT(.rela.*))

/DISCARD/
 *(SORT_BY_ALIGNMENT(.plt))
 *(SORT_BY_ALIGNMENT(.iplt))
 *(SORT_BY_ALIGNMENT(.got.plt))
 *(SORT_BY_ALIGNMENT(.igot.plt))
 *(SORT_BY_ALIGNMENT(.got))
 *(SORT_BY_ALIGNMENT(.igot))
 *(SORT_BY_ALIGNMENT(.note.GNU-stack))
                0x0000000008000000                __rom_region_start = 0x8000000

rom_start       0x0000000008000000      0x194
                0x0000000000000000                . = 0x0
                0x0000000000000000                . = ALIGN (0x4)
                0x0000000000000000                . = ALIGN (0x80)
                0x0000000000000000                . = ALIGN (0x200)
                0x0000000008000000                _vector_start = .
 *(SORT_BY_ALIGNMENT(.exc_vector_table))
 *(SORT_BY_ALIGNMENT(.exc_vector_table.*))
 .exc_vector_table._vector_table_section
                0x0000000008000000       0x40 zephyr/arch/arch/arm/core/aarch32/cortex_m/libarch__arm__core__aarch32__cortex_m.a(vector_table.S.obj)
                0x0000000008000000                _vector_table
 *(SORT_BY_ALIGNMENT(.gnu.linkonce.irq_vector_table*))
 .gnu.linkonce.irq_vector_table
                0x0000000008000040      0x154 zephyr/arch/common/libisr_tables.a(isr_tables.c.obj)
                0x0000000008000040                _irq_vector_table
 *(SORT_BY_ALIGNMENT(.vectors))
                0x0000000008000194                _vector_end = .

text            0x00000000080001a0     0xdb7c
                0x00000000080001a0                __text_region_start = .
 *(SORT_BY_ALIGNMENT(.text))
 .text          0x00000000080001a0       0xa0 /opt/zephyr-sdk/arm-zephyr-eabi/arm-zephyr-eabi/lib/thumb/v7e-m+fp/hard/libc_nano.a(lib_a-memchr.o)
                0x00000000080001a0                memchr
 .text          0x0000000008000240      0x378 /opt/zephyr-sdk/arm-zephyr-eabi/bin/../lib/gcc/arm-zephyr-eabi/10.3.0/thumb/v7e-m+fp/hard/libgcc.a(_arm_addsubdf3.o)
                0x0000000008000240                __aeabi_drsub
                0x0000000008000248                __aeabi_dsub
                0x0000000008000248                __subdf3
                0x000000000800024c                __adddf3
                0x000000000800024c                __aeabi_dadd
                0x00000000080004c4                __aeabi_ui2d
                0x00000000080004c4                __floatunsidf
                0x00000000080004e4                __floatsidf
                0x00000000080004e4                __aeabi_i2d
                0x0000000008000508                __extendsfdf2
                0x0000000008000508                __aeabi_f2d
                0x000000000800054c                __aeabi_ul2d
                0x000000000800054c                __floatundidf
                0x000000000800055c                __floatdidf
                0x000000000800055c                __aeabi_l2d
 .text          0x00000000080005b8      0x424 /opt/zephyr-sdk/arm-zephyr-eabi/bin/../lib/gcc/arm-zephyr-eabi/10.3.0/thumb/v7e-m+fp/hard/libgcc.a(_arm_muldivdf3.o)
                0x00000000080005b8                __aeabi_dmul
                0x00000000080005b8                __muldf3
                0x000000000800080c                __aeabi_ddiv
                0x000000000800080c                __divdf3
 .text          0x00000000080009dc       0x30 /opt/zephyr-sdk/arm-zephyr-eabi/bin/../lib/gcc/arm-zephyr-eabi/10.3.0/thumb/v7e-m+fp/hard/libgcc.a(_aeabi_uldivmod.o)
                0x00000000080009dc                __aeabi_uldivmod
 .text          0x0000000008000a0c        0x4 /opt/zephyr-sdk/arm-zephyr-eabi/bin/../lib/gcc/arm-zephyr-eabi/10.3.0/thumb/v7e-m+fp/hard/libgcc.a(_dvmd_tls.o)
                0x0000000008000a0c                __aeabi_ldiv0
                0x0000000008000a0c                __aeabi_idiv0
 .text          0x0000000008000a10      0x110 /opt/zephyr-sdk/arm-zephyr-eabi/bin/../lib/gcc/arm-zephyr-eabi/10.3.0/thumb/v7e-m+fp/hard/libgcc.a(_arm_cmpdf2.o)
                0x0000000008000a10                __gtdf2
                0x0000000008000a10                __gedf2
                0x0000000008000a18                __ltdf2
                0x0000000008000a18                __ledf2
                0x0000000008000a20                __cmpdf2
                0x0000000008000a20                __eqdf2
                0x0000000008000a20                __nedf2
                0x0000000008000a9c                __aeabi_cdrcmple
                0x0000000008000aac                __aeabi_cdcmple
                0x0000000008000aac                __aeabi_cdcmpeq
                0x0000000008000abc                __aeabi_dcmpeq
                0x0000000008000ad0                __aeabi_dcmplt
                0x0000000008000ae4                __aeabi_dcmple
                0x0000000008000af8                __aeabi_dcmpge
                0x0000000008000b0c                __aeabi_dcmpgt
 .text          0x0000000008000b20       0x2c /opt/zephyr-sdk/arm-zephyr-eabi/bin/../lib/gcc/arm-zephyr-eabi/10.3.0/thumb/v7e-m+fp/hard/libgcc.a(_arm_unorddf2.o)
                0x0000000008000b20                __aeabi_dcmpun
                0x0000000008000b20                __unorddf2
 .text          0x0000000008000b4c       0x50 /opt/zephyr-sdk/arm-zephyr-eabi/bin/../lib/gcc/arm-zephyr-eabi/10.3.0/thumb/v7e-m+fp/hard/libgcc.a(_arm_fixdfsi.o)
                0x0000000008000b4c                __fixdfsi
                0x0000000008000b4c                __aeabi_d2iz
 .text          0x0000000008000b9c      0x2aa /opt/zephyr-sdk/arm-zephyr-eabi/bin/../lib/gcc/arm-zephyr-eabi/10.3.0/thumb/v7e-m+fp/hard/libgcc.a(_udivmoddi4.o)
                0x0000000008000b9c                __udivmoddi4
 .text          0x0000000008000e46       0x14 /opt/zephyr-sdk/arm-zephyr-eabi/arm-zephyr-eabi/lib/thumb/v7e-m+fp/hard/libc_nano.a(lib_a-strcmp.o)
                0x0000000008000e46                strcmp
 .text          0x0000000008000e5a       0x10 /opt/zephyr-sdk/arm-zephyr-eabi/arm-zephyr-eabi/lib/thumb/v7e-m+fp/hard/libc_nano.a(lib_a-strlen.o)
                0x0000000008000e5a                strlen
 *(SORT_BY_ALIGNMENT(.text.*))
 *fill*         0x0000000008000e6a        0x6 
 .text.RtcSetAlarm
                0x0000000008000e70       0x2c zephyr/drivers/lora/libloramac-node.a(hal_common.c.obj)
                0x0000000008000e70                RtcSetAlarm
 *fill*         0x0000000008000e9c        0x4 
 .text.ws2812_pwm_init
                0x0000000008000ea0       0xa0 modules/rts-zephyr/drivers/led_strip/lib..__..__tmp__projects__beacon_project_rzd__lora_russia_railways__modules__rts-zephyr__drivers__led_strip.a(ws2812_pwm_stm32.c.obj)
 .text.work_queue_main
                0x0000000008000f40      0x160 zephyr/kernel/libkernel.a(work.c.obj)
 .text.k_work_queue_start
                0x00000000080010a0       0x74 zephyr/kernel/libkernel.a(work.c.obj)
                0x00000000080010a0                k_work_queue_start
 *fill*         0x0000000008001114        0x4 
 .text.sys_clock_announce
                0x0000000008001118       0xfc zephyr/kernel/libkernel.a(timeout.c.obj)
                0x0000000008001118                sys_clock_announce
 *fill*         0x0000000008001214        0x4 
 .text._dtoa_r  0x0000000008001218      0xbdc /opt/zephyr-sdk/arm-zephyr-eabi/arm-zephyr-eabi/lib/thumb/v7e-m+fp/hard/libc_nano.a(lib_a-dtoa.o)
                0x0000000008001218                _dtoa_r
 .text._OffsetAbsSyms
                0x0000000008001df4        0x4 zephyr/CMakeFiles/offsets.dir/./arch/arm/core/offsets/offsets.c.obj
                0x0000000008001df4                _OffsetAbsSyms
 .text._Z23button_alarm_pressed_cbPK6deviceP13gpio_callbackj
                0x0000000008001df8       0x20 app/libapp.a(lora_rr_signalman.cc.obj)
                0x0000000008001df8                button_alarm_pressed_cb(device const*, gpio_callback*, unsigned int)
 .text.proc_task
                0x0000000008001e18      0x28c app/libapp.a(lora_rr_signalman.cc.obj)
                0x0000000008001e18                proc_task
 .text.modem_task
                0x00000000080020a4      0x304 app/libapp.a(lora_rr_signalman.cc.obj)
                0x00000000080020a4                modem_task
 .text.work_button_pressed_handler_dev
                0x00000000080023a8       0x34 app/libapp.a(lora_rr_signalman.cc.obj)
                0x00000000080023a8                work_button_pressed_handler_dev
 .text.periodic_timer_handler
                0x00000000080023dc       0x20 app/libapp.a(lora_rr_signalman.cc.obj)
                0x00000000080023dc                periodic_timer_handler
 .text.z_thread_entry
                0x00000000080023fc       0x18 zephyr/libzephyr.a(thread_entry.c.obj)
                0x00000000080023fc                z_thread_entry
 .text.free_list_add
                0x0000000008002414       0x58 zephyr/libzephyr.a(heap.c.obj)
 .text.sys_heap_init
                0x000000000800246c       0x78 zephyr/libzephyr.a(heap.c.obj)
                0x000000000800246c                sys_heap_init
 .text._ConfigAbsSyms
                0x00000000080024e4        0x4 zephyr/libzephyr.a(configs.c.obj)
                0x00000000080024e4                _ConfigAbsSyms
 .text.stm32l4_init
                0x00000000080024e8       0x2c zephyr/libzephyr.a(soc.c.obj)
 .text.st_stm32_common_config
                0x0000000008002514        0x4 zephyr/libzephyr.a(soc_config.c.obj)
 .text.z_cpp_init_static
                0x0000000008002518       0x10 zephyr/libzephyr.a(cpp_init.c.obj)
                0x0000000008002518                z_cpp_init_static
 .text.__do_init_array_aux
                0x0000000008002528       0x20 zephyr/libzephyr.a(cpp_init_array.c.obj)
                0x0000000008002528                __do_init_array_aux
 .text.__do_global_ctors_aux
                0x0000000008002548       0x20 zephyr/libzephyr.a(cpp_ctors.c.obj)
                0x0000000008002548                __do_global_ctors_aux
 .text.z_arm_cpu_idle_init
                0x0000000008002568        0xc zephyr/arch/arch/arm/core/aarch32/libarch__arm__core__aarch32.a(cpu_idle.S.obj)
                0x0000000008002568                z_arm_cpu_idle_init
 .text.arch_cpu_idle
                0x0000000008002574       0x1c zephyr/arch/arch/arm/core/aarch32/libarch__arm__core__aarch32.a(cpu_idle.S.obj)
                0x0000000008002574                arch_cpu_idle
 .text.z_arm_fatal_error
                0x0000000008002590        0x4 zephyr/arch/arch/arm/core/aarch32/libarch__arm__core__aarch32.a(fatal.c.obj)
                0x0000000008002590                z_arm_fatal_error
 .text.z_do_kernel_oops
                0x0000000008002594        0x8 zephyr/arch/arch/arm/core/aarch32/libarch__arm__core__aarch32.a(fatal.c.obj)
                0x0000000008002594                z_do_kernel_oops
 .text.arch_irq_enable
                0x000000000800259c       0x20 zephyr/arch/arch/arm/core/aarch32/libarch__arm__core__aarch32.a(irq_manage.c.obj)
                0x000000000800259c                arch_irq_enable
 .text.arch_irq_disable
                0x00000000080025bc       0x28 zephyr/arch/arch/arm/core/aarch32/libarch__arm__core__aarch32.a(irq_manage.c.obj)
                0x00000000080025bc                arch_irq_disable
 .text.arch_irq_is_enabled
                0x00000000080025e4       0x1c zephyr/arch/arch/arm/core/aarch32/libarch__arm__core__aarch32.a(irq_manage.c.obj)
                0x00000000080025e4                arch_irq_is_enabled
 .text.z_arm_irq_priority_set
                0x0000000008002600       0x2c zephyr/arch/arch/arm/core/aarch32/libarch__arm__core__aarch32.a(irq_manage.c.obj)
                0x0000000008002600                z_arm_irq_priority_set
 .text.z_irq_spurious
                0x000000000800262c        0x8 zephyr/arch/arch/arm/core/aarch32/libarch__arm__core__aarch32.a(irq_manage.c.obj)
                0x000000000800262c                z_irq_spurious
 .text.z_arm_nmi
                0x0000000008002634       0x10 zephyr/arch/arch/arm/core/aarch32/libarch__arm__core__aarch32.a(nmi.c.obj)
                0x0000000008002634                z_arm_nmi
 .text.z_SysNmiOnReset
                0x0000000008002644        0x8 zephyr/arch/arch/arm/core/aarch32/libarch__arm__core__aarch32.a(nmi_on_reset.S.obj)
                0x0000000008002644                z_SysNmiOnReset
 .text.z_arm_prep_c
                0x000000000800264c       0x60 zephyr/arch/arch/arm/core/aarch32/libarch__arm__core__aarch32.a(prep_c.c.obj)
                0x000000000800264c                z_arm_prep_c
 .text.arch_swap
                0x00000000080026ac       0x38 zephyr/arch/arch/arm/core/aarch32/libarch__arm__core__aarch32.a(swap.c.obj)
                0x00000000080026ac                arch_swap
 .text.z_arm_pendsv
                0x00000000080026e4       0x90 zephyr/arch/arch/arm/core/aarch32/libarch__arm__core__aarch32.a(swap_helper.S.obj)
                0x00000000080026e4                z_arm_pendsv
 .text.z_arm_svc
                0x0000000008002774       0x20 zephyr/arch/arch/arm/core/aarch32/libarch__arm__core__aarch32.a(swap_helper.S.obj)
                0x0000000008002774                z_arm_svc
 .text.arch_new_thread
                0x0000000008002794       0x6c zephyr/arch/arch/arm/core/aarch32/libarch__arm__core__aarch32.a(thread.c.obj)
                0x0000000008002794                arch_new_thread
 .text.z_arm_mpu_stack_guard_and_fpu_adjust
                0x0000000008002800       0x78 zephyr/arch/arch/arm/core/aarch32/libarch__arm__core__aarch32.a(thread.c.obj)
                0x0000000008002800                z_arm_mpu_stack_guard_and_fpu_adjust
 .text.z_check_thread_stack_fail
                0x0000000008002878       0x48 zephyr/arch/arch/arm/core/aarch32/libarch__arm__core__aarch32.a(thread.c.obj)
                0x0000000008002878                z_check_thread_stack_fail
 .text.arch_switch_to_main_thread
                0x00000000080028c0       0x48 zephyr/arch/arch/arm/core/aarch32/libarch__arm__core__aarch32.a(thread.c.obj)
                0x00000000080028c0                arch_switch_to_main_thread
 .text._isr_wrapper
                0x0000000008002908       0x28 zephyr/arch/arch/arm/core/aarch32/libarch__arm__core__aarch32.a(isr_wrapper.S.obj)
                0x0000000008002908                _isr_wrapper
 .text._HandlerModeExit
                0x0000000008002930       0x1c zephyr/arch/arch/arm/core/aarch32/cortex_m/libarch__arm__core__aarch32__cortex_m.a(exc_exit.S.obj)
                0x0000000008002930                z_arm_exc_exit
                0x0000000008002930                z_arm_int_exit
 .text.mem_manage_fault
                0x000000000800294c       0x70 zephyr/arch/arch/arm/core/aarch32/cortex_m/libarch__arm__core__aarch32__cortex_m.a(fault.c.obj)
 .text.bus_fault.constprop.0
                0x00000000080029bc       0x40 zephyr/arch/arch/arm/core/aarch32/cortex_m/libarch__arm__core__aarch32__cortex_m.a(fault.c.obj)
 .text.z_arm_fault
                0x00000000080029fc      0x140 zephyr/arch/arch/arm/core/aarch32/cortex_m/libarch__arm__core__aarch32__cortex_m.a(fault.c.obj)
                0x00000000080029fc                z_arm_fault
 .text.z_arm_fault_init
                0x0000000008002b3c       0x10 zephyr/arch/arch/arm/core/aarch32/cortex_m/libarch__arm__core__aarch32__cortex_m.a(fault.c.obj)
                0x0000000008002b3c                z_arm_fault_init
 .text.__fault  0x0000000008002b4c       0x14 zephyr/arch/arch/arm/core/aarch32/cortex_m/libarch__arm__core__aarch32__cortex_m.a(fault_s.S.obj)
                0x0000000008002b4c                z_arm_bus_fault
                0x0000000008002b4c                z_arm_usage_fault
                0x0000000008002b4c                z_arm_mpu_fault
                0x0000000008002b4c                z_arm_exc_spurious
                0x0000000008002b4c                z_arm_debug_monitor
                0x0000000008002b4c                z_arm_hard_fault
 .text.z_arm_interrupt_init
                0x0000000008002b60       0x18 zephyr/arch/arch/arm/core/aarch32/cortex_m/libarch__arm__core__aarch32__cortex_m.a(irq_init.c.obj)
                0x0000000008002b60                z_arm_interrupt_init
 .text._reset_section
                0x0000000008002b78       0x2c zephyr/arch/arch/arm/core/aarch32/cortex_m/libarch__arm__core__aarch32__cortex_m.a(reset.S.obj)
                0x0000000008002b78                z_arm_reset
                0x0000000008002b78                __start
 .text.z_impl_k_thread_abort
                0x0000000008002ba4       0x2c zephyr/arch/arch/arm/core/aarch32/cortex_m/libarch__arm__core__aarch32__cortex_m.a(thread_abort.c.obj)
                0x0000000008002ba4                z_impl_k_thread_abort
 .text.z_arm_configure_static_mpu_regions
                0x0000000008002bd0       0x18 zephyr/arch/arch/arm/core/aarch32/mpu/libarch__arm__core__aarch32__mpu.a(arm_core_mpu.c.obj)
                0x0000000008002bd0                z_arm_configure_static_mpu_regions
 .text.z_arm_configure_dynamic_mpu_regions
                0x0000000008002be8       0x2c zephyr/arch/arch/arm/core/aarch32/mpu/libarch__arm__core__aarch32__mpu.a(arm_core_mpu.c.obj)
                0x0000000008002be8                z_arm_configure_dynamic_mpu_regions
 .text.mpu_configure_regions
                0x0000000008002c14       0x90 zephyr/arch/arch/arm/core/aarch32/mpu/libarch__arm__core__aarch32__mpu.a(arm_mpu.c.obj)
 .text.arm_core_mpu_configure_static_mpu_regions
                0x0000000008002ca4       0x14 zephyr/arch/arch/arm/core/aarch32/mpu/libarch__arm__core__aarch32__mpu.a(arm_mpu.c.obj)
                0x0000000008002ca4                arm_core_mpu_configure_static_mpu_regions
 .text.arm_core_mpu_configure_dynamic_mpu_regions
                0x0000000008002cb8       0x30 zephyr/arch/arch/arm/core/aarch32/mpu/libarch__arm__core__aarch32__mpu.a(arm_mpu.c.obj)
                0x0000000008002cb8                arm_core_mpu_configure_dynamic_mpu_regions
 .text.z_arm_mpu_init
                0x0000000008002ce8       0x78 zephyr/arch/arch/arm/core/aarch32/mpu/libarch__arm__core__aarch32__mpu.a(arm_mpu.c.obj)
                0x0000000008002ce8                z_arm_mpu_init
 .text.malloc_prepare
                0x0000000008002d60        0x4 zephyr/lib/libc/newlib/liblib__libc__newlib.a(libc-hooks.c.obj)
 .text._stdout_hook_default
                0x0000000008002d64        0x8 zephyr/lib/libc/newlib/liblib__libc__newlib.a(libc-hooks.c.obj)
 .text._stdin_hook_default
                0x0000000008002d6c        0x4 zephyr/lib/libc/newlib/liblib__libc__newlib.a(libc-hooks.c.obj)
 .text._read    0x0000000008002d70       0x40 zephyr/lib/libc/newlib/liblib__libc__newlib.a(libc-hooks.c.obj)
                0x0000000008002d70                read
                0x0000000008002d70                _read
 .text._write   0x0000000008002db0       0x30 zephyr/lib/libc/newlib/liblib__libc__newlib.a(libc-hooks.c.obj)
                0x0000000008002db0                write
                0x0000000008002db0                _write
 .text._close   0x0000000008002de0        0x8 zephyr/lib/libc/newlib/liblib__libc__newlib.a(libc-hooks.c.obj)
                0x0000000008002de0                close
                0x0000000008002de0                _close
 .text._lseek   0x0000000008002de8        0x4 zephyr/lib/libc/newlib/liblib__libc__newlib.a(libc-hooks.c.obj)
                0x0000000008002de8                lseek
                0x0000000008002de8                _lseek
 .text._isatty  0x0000000008002dec        0xc zephyr/lib/libc/newlib/liblib__libc__newlib.a(libc-hooks.c.obj)
                0x0000000008002dec                isatty
                0x0000000008002dec                _isatty
 .text._kill    0x0000000008002df8        0x4 zephyr/lib/libc/newlib/liblib__libc__newlib.a(libc-hooks.c.obj)
                0x0000000008002df8                kill
                0x0000000008002df8                _kill
 .text._getpid  0x0000000008002dfc        0x4 zephyr/lib/libc/newlib/liblib__libc__newlib.a(libc-hooks.c.obj)
                0x0000000008002dfc                _getpid
                0x0000000008002dfc                getpid
 .text._fstat   0x0000000008002e00        0xc zephyr/lib/libc/newlib/liblib__libc__newlib.a(libc-hooks.c.obj)
                0x0000000008002e00                _fstat
                0x0000000008002e00                fstat
 .text._exit    0x0000000008002e0c       0x38 zephyr/lib/libc/newlib/liblib__libc__newlib.a(libc-hooks.c.obj)
                0x0000000008002e0c                _exit
 .text._sbrk    0x0000000008002e44       0x2c zephyr/lib/libc/newlib/liblib__libc__newlib.a(libc-hooks.c.obj)
                0x0000000008002e44                _sbrk
                0x0000000008002e44                sbrk
 .text.__retarget_lock_init_recursive
                0x0000000008002e70       0x14 zephyr/lib/libc/newlib/liblib__libc__newlib.a(libc-hooks.c.obj)
                0x0000000008002e70                __retarget_lock_init_recursive
 .text.__retarget_lock_acquire_recursive
                0x0000000008002e84        0xc zephyr/lib/libc/newlib/liblib__libc__newlib.a(libc-hooks.c.obj)
                0x0000000008002e84                __retarget_lock_acquire_recursive
 .text.__retarget_lock_release_recursive
                0x0000000008002e90        0x4 zephyr/lib/libc/newlib/liblib__libc__newlib.a(libc-hooks.c.obj)
                0x0000000008002e90                __retarget_lock_release_recursive
 .text.stm32_exti_init
                0x0000000008002e94       0x4c zephyr/drivers/interrupt_controller/libdrivers__interrupt_controller.a(intc_exti_stm32.c.obj)
 .text.__stm32_exti_isr_15_10
                0x0000000008002ee0       0x44 zephyr/drivers/interrupt_controller/libdrivers__interrupt_controller.a(intc_exti_stm32.c.obj)
 .text.__stm32_exti_isr_0
                0x0000000008002f24       0x20 zephyr/drivers/interrupt_controller/libdrivers__interrupt_controller.a(intc_exti_stm32.c.obj)
 .text.__stm32_exti_isr_1
                0x0000000008002f44       0x20 zephyr/drivers/interrupt_controller/libdrivers__interrupt_controller.a(intc_exti_stm32.c.obj)
 .text.__stm32_exti_isr_2
                0x0000000008002f64       0x20 zephyr/drivers/interrupt_controller/libdrivers__interrupt_controller.a(intc_exti_stm32.c.obj)
 .text.__stm32_exti_isr_3
                0x0000000008002f84       0x20 zephyr/drivers/interrupt_controller/libdrivers__interrupt_controller.a(intc_exti_stm32.c.obj)
 .text.__stm32_exti_isr_4
                0x0000000008002fa4       0x20 zephyr/drivers/interrupt_controller/libdrivers__interrupt_controller.a(intc_exti_stm32.c.obj)
 .text.__stm32_exti_isr_9_5
                0x0000000008002fc4       0x44 zephyr/drivers/interrupt_controller/libdrivers__interrupt_controller.a(intc_exti_stm32.c.obj)
 .text.stm32_exti_enable
                0x0000000008003008       0x24 zephyr/drivers/interrupt_controller/libdrivers__interrupt_controller.a(intc_exti_stm32.c.obj)
                0x0000000008003008                stm32_exti_enable
 .text.stm32_exti_disable
                0x000000000800302c       0x1c zephyr/drivers/interrupt_controller/libdrivers__interrupt_controller.a(intc_exti_stm32.c.obj)
                0x000000000800302c                stm32_exti_disable
 .text.stm32_exti_trigger
                0x0000000008003048       0x70 zephyr/drivers/interrupt_controller/libdrivers__interrupt_controller.a(intc_exti_stm32.c.obj)
                0x0000000008003048                stm32_exti_trigger
 .text.stm32_exti_set_callback
                0x00000000080030b8       0x28 zephyr/drivers/interrupt_controller/libdrivers__interrupt_controller.a(intc_exti_stm32.c.obj)
                0x00000000080030b8                stm32_exti_set_callback
 .text.stm32_exti_unset_callback
                0x00000000080030e0       0x14 zephyr/drivers/interrupt_controller/libdrivers__interrupt_controller.a(intc_exti_stm32.c.obj)
                0x00000000080030e0                stm32_exti_unset_callback
 .text.stm32_clock_control_get_subsys_rate
                0x00000000080030f4       0x20 zephyr/drivers/clock_control/libdrivers__clock_control.a(clock_stm32_ll_common.c.obj)
 .text.stm32_clock_control_on
                0x0000000008003114       0xb0 zephyr/drivers/clock_control/libdrivers__clock_control.a(clock_stm32_ll_common.c.obj)
 .text.stm32_clock_control_off
                0x00000000080031c4       0x7c zephyr/drivers/clock_control/libdrivers__clock_control.a(clock_stm32_ll_common.c.obj)
 .text.stm32_clock_control_init
                0x0000000008003240       0x78 zephyr/drivers/clock_control/libdrivers__clock_control.a(clock_stm32_ll_common.c.obj)
                0x0000000008003240                stm32_clock_control_init
 .text.config_pll_init
                0x00000000080032b8       0x10 zephyr/drivers/clock_control/libdrivers__clock_control.a(clock_stm32l4_l5_wb_wl.c.obj)
                0x00000000080032b8                config_pll_init
 .text.config_enable_default_clocks
                0x00000000080032c8       0x20 zephyr/drivers/clock_control/libdrivers__clock_control.a(clock_stm32l4_l5_wb_wl.c.obj)
                0x00000000080032c8                config_enable_default_clocks
 .text.dma_stm32_config_irq_0
                0x00000000080032e8       0x78 zephyr/drivers/dma/libdrivers__dma.a(dma_stm32.c.obj)
 .text.dma_stm32_config_irq_1
                0x0000000008003360       0x78 zephyr/drivers/dma/libdrivers__dma.a(dma_stm32.c.obj)
 .text.dma_stm32_get_status
                0x00000000080033d8       0x4c zephyr/drivers/dma/libdrivers__dma.a(dma_stm32.c.obj)
 .text.dma_stm32_init
                0x0000000008003424       0x54 zephyr/drivers/dma/libdrivers__dma.a(dma_stm32.c.obj)
 .text.dma_stm32_irq_handler
                0x0000000008003478       0xa0 zephyr/drivers/dma/libdrivers__dma.a(dma_stm32.c.obj)
 .text.dma_stm32_irq_0_0
                0x0000000008003518        0x8 zephyr/drivers/dma/libdrivers__dma.a(dma_stm32.c.obj)
 .text.dma_stm32_irq_0_1
                0x0000000008003520        0x8 zephyr/drivers/dma/libdrivers__dma.a(dma_stm32.c.obj)
 .text.dma_stm32_irq_0_2
                0x0000000008003528        0x8 zephyr/drivers/dma/libdrivers__dma.a(dma_stm32.c.obj)
 .text.dma_stm32_irq_0_3
                0x0000000008003530        0x8 zephyr/drivers/dma/libdrivers__dma.a(dma_stm32.c.obj)
 .text.dma_stm32_irq_0_4
                0x0000000008003538        0x8 zephyr/drivers/dma/libdrivers__dma.a(dma_stm32.c.obj)
 .text.dma_stm32_irq_0_5
                0x0000000008003540        0x8 zephyr/drivers/dma/libdrivers__dma.a(dma_stm32.c.obj)
 .text.dma_stm32_irq_0_6
                0x0000000008003548        0x8 zephyr/drivers/dma/libdrivers__dma.a(dma_stm32.c.obj)
 .text.dma_stm32_irq_1_6
                0x0000000008003550        0x8 zephyr/drivers/dma/libdrivers__dma.a(dma_stm32.c.obj)
 .text.dma_stm32_irq_1_0
                0x0000000008003558        0x8 zephyr/drivers/dma/libdrivers__dma.a(dma_stm32.c.obj)
 .text.dma_stm32_irq_1_1
                0x0000000008003560        0x8 zephyr/drivers/dma/libdrivers__dma.a(dma_stm32.c.obj)
 .text.dma_stm32_irq_1_2
                0x0000000008003568        0x8 zephyr/drivers/dma/libdrivers__dma.a(dma_stm32.c.obj)
 .text.dma_stm32_irq_1_3
                0x0000000008003570        0x8 zephyr/drivers/dma/libdrivers__dma.a(dma_stm32.c.obj)
 .text.dma_stm32_irq_1_4
                0x0000000008003578        0x8 zephyr/drivers/dma/libdrivers__dma.a(dma_stm32.c.obj)
 .text.dma_stm32_irq_1_5
                0x0000000008003580        0x8 zephyr/drivers/dma/libdrivers__dma.a(dma_stm32.c.obj)
 .text.dma_stm32_start
                0x0000000008003588       0x40 zephyr/drivers/dma/libdrivers__dma.a(dma_stm32.c.obj)
 .text.dma_stm32_stop
                0x00000000080035c8       0x84 zephyr/drivers/dma/libdrivers__dma.a(dma_stm32.c.obj)
 .text.dma_stm32_reload
                0x000000000800364c       0xf0 zephyr/drivers/dma/libdrivers__dma.a(dma_stm32.c.obj)
 .text.dma_stm32_configure
                0x000000000800373c      0x274 zephyr/drivers/dma/libdrivers__dma.a(dma_stm32.c.obj)
 .text.LL_DMA_IsActiveFlag_TC1
                0x00000000080039b0        0x8 zephyr/drivers/dma/libdrivers__dma.a(dma_stm32_v2.c.obj)
 .text.LL_DMA_IsActiveFlag_TC2
                0x00000000080039b8        0x8 zephyr/drivers/dma/libdrivers__dma.a(dma_stm32_v2.c.obj)
 .text.LL_DMA_IsActiveFlag_TC3
                0x00000000080039c0        0x8 zephyr/drivers/dma/libdrivers__dma.a(dma_stm32_v2.c.obj)
 .text.LL_DMA_IsActiveFlag_TC4
                0x00000000080039c8        0x8 zephyr/drivers/dma/libdrivers__dma.a(dma_stm32_v2.c.obj)
 .text.LL_DMA_IsActiveFlag_TC5
                0x00000000080039d0        0x8 zephyr/drivers/dma/libdrivers__dma.a(dma_stm32_v2.c.obj)
 .text.LL_DMA_IsActiveFlag_TC6
                0x00000000080039d8        0x8 zephyr/drivers/dma/libdrivers__dma.a(dma_stm32_v2.c.obj)
 .text.LL_DMA_IsActiveFlag_TC7
                0x00000000080039e0        0x8 zephyr/drivers/dma/libdrivers__dma.a(dma_stm32_v2.c.obj)
 .text.LL_DMA_IsActiveFlag_HT1
                0x00000000080039e8        0x8 zephyr/drivers/dma/libdrivers__dma.a(dma_stm32_v2.c.obj)
 .text.LL_DMA_IsActiveFlag_HT2
                0x00000000080039f0        0x8 zephyr/drivers/dma/libdrivers__dma.a(dma_stm32_v2.c.obj)
 .text.LL_DMA_IsActiveFlag_HT3
                0x00000000080039f8        0x8 zephyr/drivers/dma/libdrivers__dma.a(dma_stm32_v2.c.obj)
 .text.LL_DMA_IsActiveFlag_HT4
                0x0000000008003a00        0x8 zephyr/drivers/dma/libdrivers__dma.a(dma_stm32_v2.c.obj)
 .text.LL_DMA_IsActiveFlag_HT5
                0x0000000008003a08        0x8 zephyr/drivers/dma/libdrivers__dma.a(dma_stm32_v2.c.obj)
 .text.LL_DMA_IsActiveFlag_HT6
                0x0000000008003a10        0x8 zephyr/drivers/dma/libdrivers__dma.a(dma_stm32_v2.c.obj)
 .text.LL_DMA_IsActiveFlag_HT7
                0x0000000008003a18        0x8 zephyr/drivers/dma/libdrivers__dma.a(dma_stm32_v2.c.obj)
 .text.LL_DMA_ClearFlag_TC1
                0x0000000008003a20        0x8 zephyr/drivers/dma/libdrivers__dma.a(dma_stm32_v2.c.obj)
 .text.LL_DMA_ClearFlag_TC2
                0x0000000008003a28        0x8 zephyr/drivers/dma/libdrivers__dma.a(dma_stm32_v2.c.obj)
 .text.LL_DMA_ClearFlag_TC3
                0x0000000008003a30        0x8 zephyr/drivers/dma/libdrivers__dma.a(dma_stm32_v2.c.obj)
 .text.LL_DMA_ClearFlag_TC4
                0x0000000008003a38        0x8 zephyr/drivers/dma/libdrivers__dma.a(dma_stm32_v2.c.obj)
 .text.LL_DMA_ClearFlag_TC5
                0x0000000008003a40        0x8 zephyr/drivers/dma/libdrivers__dma.a(dma_stm32_v2.c.obj)
 .text.LL_DMA_ClearFlag_TC6
                0x0000000008003a48        0x8 zephyr/drivers/dma/libdrivers__dma.a(dma_stm32_v2.c.obj)
 .text.LL_DMA_ClearFlag_TC7
                0x0000000008003a50        0x8 zephyr/drivers/dma/libdrivers__dma.a(dma_stm32_v2.c.obj)
 .text.LL_DMA_ClearFlag_HT1
                0x0000000008003a58        0x8 zephyr/drivers/dma/libdrivers__dma.a(dma_stm32_v2.c.obj)
 .text.LL_DMA_ClearFlag_HT2
                0x0000000008003a60        0x8 zephyr/drivers/dma/libdrivers__dma.a(dma_stm32_v2.c.obj)
 .text.LL_DMA_ClearFlag_HT3
                0x0000000008003a68        0x8 zephyr/drivers/dma/libdrivers__dma.a(dma_stm32_v2.c.obj)
 .text.LL_DMA_ClearFlag_HT4
                0x0000000008003a70        0x8 zephyr/drivers/dma/libdrivers__dma.a(dma_stm32_v2.c.obj)
 .text.LL_DMA_ClearFlag_HT5
                0x0000000008003a78        0x8 zephyr/drivers/dma/libdrivers__dma.a(dma_stm32_v2.c.obj)
 .text.LL_DMA_ClearFlag_HT6
                0x0000000008003a80        0x8 zephyr/drivers/dma/libdrivers__dma.a(dma_stm32_v2.c.obj)
 .text.LL_DMA_ClearFlag_HT7
                0x0000000008003a88        0x8 zephyr/drivers/dma/libdrivers__dma.a(dma_stm32_v2.c.obj)
 .text.LL_DMA_ClearFlag_TE1
                0x0000000008003a90        0x8 zephyr/drivers/dma/libdrivers__dma.a(dma_stm32_v2.c.obj)
 .text.LL_DMA_ClearFlag_TE2
                0x0000000008003a98        0x8 zephyr/drivers/dma/libdrivers__dma.a(dma_stm32_v2.c.obj)
 .text.LL_DMA_ClearFlag_TE3
                0x0000000008003aa0        0x8 zephyr/drivers/dma/libdrivers__dma.a(dma_stm32_v2.c.obj)
 .text.LL_DMA_ClearFlag_TE4
                0x0000000008003aa8        0x8 zephyr/drivers/dma/libdrivers__dma.a(dma_stm32_v2.c.obj)
 .text.LL_DMA_ClearFlag_TE5
                0x0000000008003ab0        0x8 zephyr/drivers/dma/libdrivers__dma.a(dma_stm32_v2.c.obj)
 .text.LL_DMA_ClearFlag_TE6
                0x0000000008003ab8        0x8 zephyr/drivers/dma/libdrivers__dma.a(dma_stm32_v2.c.obj)
 .text.LL_DMA_ClearFlag_TE7
                0x0000000008003ac0        0x8 zephyr/drivers/dma/libdrivers__dma.a(dma_stm32_v2.c.obj)
 .text.dma_stm32_id_to_stream
                0x0000000008003ac8        0xc zephyr/drivers/dma/libdrivers__dma.a(dma_stm32_v2.c.obj)
                0x0000000008003ac8                dma_stm32_id_to_stream
 .text.dma_stm32_clear_ht
                0x0000000008003ad4        0xc zephyr/drivers/dma/libdrivers__dma.a(dma_stm32_v2.c.obj)
                0x0000000008003ad4                dma_stm32_clear_ht
 .text.dma_stm32_clear_tc
                0x0000000008003ae0        0xc zephyr/drivers/dma/libdrivers__dma.a(dma_stm32_v2.c.obj)
                0x0000000008003ae0                dma_stm32_clear_tc
 .text.stm32_dma_dump_stream_irq
                0x0000000008003aec        0x4 zephyr/drivers/dma/libdrivers__dma.a(dma_stm32_v2.c.obj)
                0x0000000008003aec                stm32_dma_dump_stream_irq
 .text.stm32_dma_is_tc_irq_active
                0x0000000008003af0       0x34 zephyr/drivers/dma/libdrivers__dma.a(dma_stm32_v2.c.obj)
                0x0000000008003af0                stm32_dma_is_tc_irq_active
 .text.stm32_dma_is_ht_irq_active
                0x0000000008003b24       0x34 zephyr/drivers/dma/libdrivers__dma.a(dma_stm32_v2.c.obj)
                0x0000000008003b24                stm32_dma_is_ht_irq_active
 .text.stm32_dma_clear_stream_irq
                0x0000000008003b58        0xc zephyr/drivers/dma/libdrivers__dma.a(dma_stm32_v2.c.obj)
                0x0000000008003b58                stm32_dma_clear_stream_irq
 .text.stm32_dma_is_unexpected_irq_happened
                0x0000000008003b64        0x4 zephyr/drivers/dma/libdrivers__dma.a(dma_stm32_v2.c.obj)
                0x0000000008003b64                stm32_dma_is_unexpected_irq_happened
 .text.stm32_dma_enable_stream
                0x0000000008003b68       0x1c zephyr/drivers/dma/libdrivers__dma.a(dma_stm32_v2.c.obj)
                0x0000000008003b68                stm32_dma_enable_stream
 .text.stm32_dma_disable_stream
                0x0000000008003b84       0x2c zephyr/drivers/dma/libdrivers__dma.a(dma_stm32_v2.c.obj)
                0x0000000008003b84                stm32_dma_disable_stream
 .text.gpio_stm32_port_get_raw
                0x0000000008003bb0        0xc zephyr/drivers/gpio/libdrivers__gpio.a(gpio_stm32.c.obj)
 .text.gpio_stm32_port_set_masked_raw
                0x0000000008003bbc       0x18 zephyr/drivers/gpio/libdrivers__gpio.a(gpio_stm32.c.obj)
 .text.gpio_stm32_port_set_bits_raw
                0x0000000008003bd4        0xc zephyr/drivers/gpio/libdrivers__gpio.a(gpio_stm32.c.obj)
 .text.gpio_stm32_port_clear_bits_raw
                0x0000000008003be0        0xc zephyr/drivers/gpio/libdrivers__gpio.a(gpio_stm32.c.obj)
 .text.gpio_stm32_port_toggle_bits
                0x0000000008003bec       0x10 zephyr/drivers/gpio/libdrivers__gpio.a(gpio_stm32.c.obj)
 .text.gpio_stm32_manage_callback
                0x0000000008003bfc       0x64 zephyr/drivers/gpio/libdrivers__gpio.a(gpio_stm32.c.obj)
 .text.gpio_stm32_pin_interrupt_configure
                0x0000000008003c60      0x12c zephyr/drivers/gpio/libdrivers__gpio.a(gpio_stm32.c.obj)
 .text.gpio_stm32_configure_raw.isra.0
                0x0000000008003d8c      0x130 zephyr/drivers/gpio/libdrivers__gpio.a(gpio_stm32.c.obj)
 .text.gpio_stm32_config
                0x0000000008003ebc       0x80 zephyr/drivers/gpio/libdrivers__gpio.a(gpio_stm32.c.obj)
 .text.gpio_stm32_isr
                0x0000000008003f3c       0x2c zephyr/drivers/gpio/libdrivers__gpio.a(gpio_stm32.c.obj)
 .text.gpio_stm32_init
                0x0000000008003f68       0x30 zephyr/drivers/gpio/libdrivers__gpio.a(gpio_stm32.c.obj)
 .text.gpio_stm32_configure
                0x0000000008003f98        0xc zephyr/drivers/gpio/libdrivers__gpio.a(gpio_stm32.c.obj)
                0x0000000008003f98                gpio_stm32_configure
 .text.LL_TIM_OC_SetCompareCH1
                0x0000000008003fa4        0x4 zephyr/drivers/pwm/libdrivers__pwm.a(pwm_stm32.c.obj)
 .text.LL_TIM_OC_SetCompareCH2
                0x0000000008003fa8        0x4 zephyr/drivers/pwm/libdrivers__pwm.a(pwm_stm32.c.obj)
 .text.LL_TIM_OC_SetCompareCH3
                0x0000000008003fac        0x4 zephyr/drivers/pwm/libdrivers__pwm.a(pwm_stm32.c.obj)
 .text.LL_TIM_OC_SetCompareCH4
                0x0000000008003fb0        0x4 zephyr/drivers/pwm/libdrivers__pwm.a(pwm_stm32.c.obj)
 .text.LL_TIM_OC_SetCompareCH5
                0x0000000008003fb4        0x8 zephyr/drivers/pwm/libdrivers__pwm.a(pwm_stm32.c.obj)
 .text.LL_TIM_OC_SetCompareCH6
                0x0000000008003fbc        0x4 zephyr/drivers/pwm/libdrivers__pwm.a(pwm_stm32.c.obj)
 .text.pwm_stm32_get_cycles_per_sec
                0x0000000008003fc0       0x18 zephyr/drivers/pwm/libdrivers__pwm.a(pwm_stm32.c.obj)
 .text.pwm_stm32_pin_set
                0x0000000008003fd8      0x1b8 zephyr/drivers/pwm/libdrivers__pwm.a(pwm_stm32.c.obj)
 .text.pwm_stm32_init
                0x0000000008004190       0xd4 zephyr/drivers/pwm/libdrivers__pwm.a(pwm_stm32.c.obj)
 .text.dma_callback
                0x0000000008004264       0x48 zephyr/drivers/spi/libdrivers__spi.a(spi_ll_stm32.c.obj)
 .text.spi_stm32_configure.isra.0
                0x00000000080042ac      0x154 zephyr/drivers/spi/libdrivers__spi.a(spi_ll_stm32.c.obj)
 .text.spi_stm32_release
                0x0000000008004400       0x48 zephyr/drivers/spi/libdrivers__spi.a(spi_ll_stm32.c.obj)
 .text.spi_stm32_complete.constprop.0.isra.0
                0x0000000008004448       0x84 zephyr/drivers/spi/libdrivers__spi.a(spi_ll_stm32.c.obj)
 .text.spi_stm32_transceive
                0x00000000080044cc      0x8e4 zephyr/drivers/spi/libdrivers__spi.a(spi_ll_stm32.c.obj)
 .text.spi_stm32_init
                0x0000000008004db0      0x144 zephyr/drivers/spi/libdrivers__spi.a(spi_ll_stm32.c.obj)
 .text.timer_work_handler
                0x0000000008004ef4        0x4 zephyr/drivers/lora/libloramac-node.a(hal_common.c.obj)
 .text.timer_callback
                0x0000000008004ef8        0xc zephyr/drivers/lora/libloramac-node.a(hal_common.c.obj)
 .text.RtcGetTimerValue
                0x0000000008004f04       0x10 zephyr/drivers/lora/libloramac-node.a(hal_common.c.obj)
                0x0000000008004f04                RtcGetTimerValue
 .text.RtcGetTimerElapsedTime
                0x0000000008004f14       0x1c zephyr/drivers/lora/libloramac-node.a(hal_common.c.obj)
                0x0000000008004f14                RtcGetTimerElapsedTime
 .text.RtcGetMinimumTimeout
                0x0000000008004f30        0x4 zephyr/drivers/lora/libloramac-node.a(hal_common.c.obj)
                0x0000000008004f30                RtcGetMinimumTimeout
 .text.RtcStopAlarm
                0x0000000008004f34        0xc zephyr/drivers/lora/libloramac-node.a(hal_common.c.obj)
                0x0000000008004f34                RtcStopAlarm
 .text.RtcSetTimerContext
                0x0000000008004f40       0x18 zephyr/drivers/lora/libloramac-node.a(hal_common.c.obj)
                0x0000000008004f40                RtcSetTimerContext
 .text.RtcGetTimerContext
                0x0000000008004f58        0xc zephyr/drivers/lora/libloramac-node.a(hal_common.c.obj)
                0x0000000008004f58                RtcGetTimerContext
 .text.DelayMsMcu
                0x0000000008004f64        0xc zephyr/drivers/lora/libloramac-node.a(hal_common.c.obj)
                0x0000000008004f64                DelayMsMcu
 .text.RtcMs2Tick
                0x0000000008004f70        0x4 zephyr/drivers/lora/libloramac-node.a(hal_common.c.obj)
                0x0000000008004f70                RtcMs2Tick
 .text.RtcTick2Ms
                0x0000000008004f74        0x4 zephyr/drivers/lora/libloramac-node.a(hal_common.c.obj)
                0x0000000008004f74                RtcTick2Ms
 .text.BoardCriticalSectionBegin
                0x0000000008004f78       0x14 zephyr/drivers/lora/libloramac-node.a(hal_common.c.obj)
                0x0000000008004f78                BoardCriticalSectionBegin
 .text.BoardCriticalSectionEnd
                0x0000000008004f8c        0xc zephyr/drivers/lora/libloramac-node.a(hal_common.c.obj)
                0x0000000008004f8c                BoardCriticalSectionEnd
 .text.sx12xx_ev_rx_error_timeout
                0x0000000008004f98       0x24 zephyr/drivers/lora/libloramac-node.a(sx12xx_common.c.obj)
 .text.sx12xx_ev_rx_done
                0x0000000008004fbc       0xac zephyr/drivers/lora/libloramac-node.a(sx12xx_common.c.obj)
 .text.sx12xx_ev_tx_done
                0x0000000008005068       0x5c zephyr/drivers/lora/libloramac-node.a(sx12xx_common.c.obj)
 .text.sx12xx_ev_tx_timed_out
                0x00000000080050c4       0x60 zephyr/drivers/lora/libloramac-node.a(sx12xx_common.c.obj)
 .text.__sx12xx_configure_pin
                0x0000000008005124       0x5c zephyr/drivers/lora/libloramac-node.a(sx12xx_common.c.obj)
                0x0000000008005124                __sx12xx_configure_pin
 .text.sx12xx_lora_send
                0x0000000008005180      0x114 zephyr/drivers/lora/libloramac-node.a(sx12xx_common.c.obj)
                0x0000000008005180                sx12xx_lora_send
 .text.sx12xx_lora_send_async
                0x0000000008005294       0x54 zephyr/drivers/lora/libloramac-node.a(sx12xx_common.c.obj)
                0x0000000008005294                sx12xx_lora_send_async
 .text.sx12xx_lora_recv
                0x00000000080052e8       0xf0 zephyr/drivers/lora/libloramac-node.a(sx12xx_common.c.obj)
                0x00000000080052e8                sx12xx_lora_recv
 .text.sx12xx_lora_recv_async
                0x00000000080053d8       0x9c zephyr/drivers/lora/libloramac-node.a(sx12xx_common.c.obj)
                0x00000000080053d8                sx12xx_lora_recv_async
 .text.sx12xx_lora_config
                0x0000000008005474      0x108 zephyr/drivers/lora/libloramac-node.a(sx12xx_common.c.obj)
                0x0000000008005474                sx12xx_lora_config
 .text.sx12xx_lora_test_cw
                0x000000000800557c       0xec zephyr/drivers/lora/libloramac-node.a(sx12xx_common.c.obj)
                0x000000000800557c                sx12xx_lora_test_cw
 .text.sx12xx_lora_time_on_air
                0x0000000008005668       0x34 zephyr/drivers/lora/libloramac-node.a(sx12xx_common.c.obj)
                0x0000000008005668                sx12xx_lora_time_on_air
 .text.sx12xx_lora_is_channel_free
                0x000000000800569c       0x94 zephyr/drivers/lora/libloramac-node.a(sx12xx_common.c.obj)
                0x000000000800569c                sx12xx_lora_is_channel_free
 .text.sx12xx_init
                0x0000000008005730       0x54 zephyr/drivers/lora/libloramac-node.a(sx12xx_common.c.obj)
                0x0000000008005730                sx12xx_init
 .text.SX1276CheckRfFrequency
                0x0000000008005784        0x4 zephyr/drivers/lora/libloramac-node.a(sx127x.c.obj)
                0x0000000008005784                SX1276CheckRfFrequency
 .text.sx127x_dio_work_handle
                0x0000000008005788       0x18 zephyr/drivers/lora/libloramac-node.a(sx127x.c.obj)
 .text.sx127x_irq_callback
                0x00000000080057a0       0x50 zephyr/drivers/lora/libloramac-node.a(sx127x.c.obj)
 .text.SX1276WriteBuffer
                0x00000000080057f0       0x3c zephyr/drivers/lora/libloramac-node.a(sx127x.c.obj)
                0x00000000080057f0                SX1276WriteBuffer
 .text.SX1276ReadBuffer
                0x000000000800582c       0x3c zephyr/drivers/lora/libloramac-node.a(sx127x.c.obj)
                0x000000000800582c                SX1276ReadBuffer
 .text.sx127x_lora_init
                0x0000000008005868       0xe0 zephyr/drivers/lora/libloramac-node.a(sx127x.c.obj)
 .text.SX1276GetBoardTcxoWakeupTime
                0x0000000008005948        0x4 zephyr/drivers/lora/libloramac-node.a(sx127x.c.obj)
                0x0000000008005948                SX1276GetBoardTcxoWakeupTime
 .text.SX1276SetAntSwLowPower
                0x000000000800594c        0x4 zephyr/drivers/lora/libloramac-node.a(sx127x.c.obj)
                0x000000000800594c                SX1276SetAntSwLowPower
 .text.SX1276SetBoardTcxo
                0x0000000008005950        0x4 zephyr/drivers/lora/libloramac-node.a(sx127x.c.obj)
                0x0000000008005950                SX1276SetBoardTcxo
 .text.SX1276SetAntSw
                0x0000000008005954        0x4 zephyr/drivers/lora/libloramac-node.a(sx127x.c.obj)
                0x0000000008005954                SX1276SetAntSw
 .text.SX1276Reset
                0x0000000008005958       0x48 zephyr/drivers/lora/libloramac-node.a(sx127x.c.obj)
                0x0000000008005958                SX1276Reset
 .text.SX1276IoIrqInit
                0x00000000080059a0       0xe4 zephyr/drivers/lora/libloramac-node.a(sx127x.c.obj)
                0x00000000080059a0                SX1276IoIrqInit
 .text.SX1276SetRfTxPower
                0x0000000008005a84       0xf8 zephyr/drivers/lora/libloramac-node.a(sx127x.c.obj)
                0x0000000008005a84                SX1276SetRfTxPower
 .text.SX1276GetDio1PinState
                0x0000000008005b7c       0x34 zephyr/drivers/lora/libloramac-node.a(sx127x.c.obj)
                0x0000000008005b7c                SX1276GetDio1PinState
 .text.memcpy1  0x0000000008005bb0       0x14 zephyr/drivers/lora/libloramac-node.a(utilities.c.obj)
                0x0000000008005bb0                memcpy1
 .text.TimerInit
                0x0000000008005bc4       0x10 zephyr/drivers/lora/libloramac-node.a(timer.c.obj)
                0x0000000008005bc4                TimerInit
 .text.TimerStart
                0x0000000008005bd4       0xdc zephyr/drivers/lora/libloramac-node.a(timer.c.obj)
                0x0000000008005bd4                TimerStart
 .text.TimerIrqHandler
                0x0000000008005cb0       0xa8 zephyr/drivers/lora/libloramac-node.a(timer.c.obj)
                0x0000000008005cb0                TimerIrqHandler
 .text.TimerStop
                0x0000000008005d58       0x90 zephyr/drivers/lora/libloramac-node.a(timer.c.obj)
                0x0000000008005d58                TimerStop
 .text.TimerSetValue
                0x0000000008005de8       0x24 zephyr/drivers/lora/libloramac-node.a(timer.c.obj)
                0x0000000008005de8                TimerSetValue
 .text.TimerGetCurrentTime
                0x0000000008005e0c       0x10 zephyr/drivers/lora/libloramac-node.a(timer.c.obj)
                0x0000000008005e0c                TimerGetCurrentTime
 .text.TimerGetElapsedTime
                0x0000000008005e1c       0x20 zephyr/drivers/lora/libloramac-node.a(timer.c.obj)
                0x0000000008005e1c                TimerGetElapsedTime
 .text.DelayMs  0x0000000008005e3c        0x4 zephyr/drivers/lora/libloramac-node.a(delay.c.obj)
                0x0000000008005e3c                DelayMs
 .text.SX1276OnDio2Irq
                0x0000000008005e40      0x118 zephyr/drivers/lora/libloramac-node.a(sx1276.c.obj)
 .text.SX1276OnDio1Irq
                0x0000000008005f58      0x160 zephyr/drivers/lora/libloramac-node.a(sx1276.c.obj)
 .text.SX1276OnDio0Irq
                0x00000000080060b8      0x32c zephyr/drivers/lora/libloramac-node.a(sx1276.c.obj)
 .text.SX1276SetOpMode
                0x00000000080063e4       0x50 zephyr/drivers/lora/libloramac-node.a(sx1276.c.obj)
 .text.SX1276OnDio4Irq
                0x0000000008006434       0x1c zephyr/drivers/lora/libloramac-node.a(sx1276.c.obj)
 .text.SX1276OnDio3Irq
                0x0000000008006450       0x80 zephyr/drivers/lora/libloramac-node.a(sx1276.c.obj)
 .text.SX1276GetStatus
                0x00000000080064d0        0xc zephyr/drivers/lora/libloramac-node.a(sx1276.c.obj)
                0x00000000080064d0                SX1276GetStatus
 .text.SX1276SetChannel
                0x00000000080064dc       0x6c zephyr/drivers/lora/libloramac-node.a(sx1276.c.obj)
                0x00000000080064dc                SX1276SetChannel
 .text.RxChainCalibration
                0x0000000008006548      0x140 zephyr/drivers/lora/libloramac-node.a(sx1276.c.obj)
 .text.SX1276GetTimeOnAir
                0x0000000008006688      0x110 zephyr/drivers/lora/libloramac-node.a(sx1276.c.obj)
                0x0000000008006688                SX1276GetTimeOnAir
 .text.SX1276Send
                0x0000000008006798      0x27c zephyr/drivers/lora/libloramac-node.a(sx1276.c.obj)
                0x0000000008006798                SX1276Send
 .text.SX1276SetSleep
                0x0000000008006a14       0x64 zephyr/drivers/lora/libloramac-node.a(sx1276.c.obj)
                0x0000000008006a14                SX1276SetSleep
 .text.SX1276SetStby
                0x0000000008006a78       0x34 zephyr/drivers/lora/libloramac-node.a(sx1276.c.obj)
                0x0000000008006a78                SX1276SetStby
 .text.SX1276SetRx
                0x0000000008006aac      0x364 zephyr/drivers/lora/libloramac-node.a(sx1276.c.obj)
                0x0000000008006aac                SX1276SetRx
 .text.SX1276SetModem
                0x0000000008006e10      0x120 zephyr/drivers/lora/libloramac-node.a(sx1276.c.obj)
                0x0000000008006e10                SX1276SetModem
 .text.SX1276Init
                0x0000000008006f30       0xb4 zephyr/drivers/lora/libloramac-node.a(sx1276.c.obj)
                0x0000000008006f30                SX1276Init
 .text.SX1276IsChannelFree
                0x0000000008006fe4      0x154 zephyr/drivers/lora/libloramac-node.a(sx1276.c.obj)
                0x0000000008006fe4                SX1276IsChannelFree
 .text.SX1276Random
                0x0000000008007138       0xac zephyr/drivers/lora/libloramac-node.a(sx1276.c.obj)
                0x0000000008007138                SX1276Random
 .text.SX1276SetRxConfig
                0x00000000080071e4      0x418 zephyr/drivers/lora/libloramac-node.a(sx1276.c.obj)
                0x00000000080071e4                SX1276SetRxConfig
 .text.SX1276SetTxConfig
                0x00000000080075fc      0x31c zephyr/drivers/lora/libloramac-node.a(sx1276.c.obj)
                0x00000000080075fc                SX1276SetTxConfig
 .text.SX1276SetTxContinuousWave
                0x0000000008007918       0xac zephyr/drivers/lora/libloramac-node.a(sx1276.c.obj)
                0x0000000008007918                SX1276SetTxContinuousWave
 .text.SX1276OnTimeoutIrq
                0x00000000080079c4      0x140 zephyr/drivers/lora/libloramac-node.a(sx1276.c.obj)
 .text.SX1276Write
                0x0000000008007b04       0x1c zephyr/drivers/lora/libloramac-node.a(sx1276.c.obj)
                0x0000000008007b04                SX1276Write
 .text.SX1276Read
                0x0000000008007b20       0x18 zephyr/drivers/lora/libloramac-node.a(sx1276.c.obj)
                0x0000000008007b20                SX1276Read
 .text.SX1276SetMaxPayloadLength
                0x0000000008007b38       0x48 zephyr/drivers/lora/libloramac-node.a(sx1276.c.obj)
                0x0000000008007b38                SX1276SetMaxPayloadLength
 .text.SX1276SetPublicNetwork
                0x0000000008007b80       0x34 zephyr/drivers/lora/libloramac-node.a(sx1276.c.obj)
                0x0000000008007b80                SX1276SetPublicNetwork
 .text.SX1276GetWakeupTime
                0x0000000008007bb4        0xc zephyr/drivers/lora/libloramac-node.a(sx1276.c.obj)
                0x0000000008007bb4                SX1276GetWakeupTime
 .text.random_byte_get
                0x0000000008007bc0       0x68 zephyr/drivers/entropy/libdrivers__entropy.a(entropy_stm32.c.obj)
 .text.rng_pool_get
                0x0000000008007c28       0x90 zephyr/drivers/entropy/libdrivers__entropy.a(entropy_stm32.c.obj)
 .text.stm32_rng_isr
                0x0000000008007cb8       0x78 zephyr/drivers/entropy/libdrivers__entropy.a(entropy_stm32.c.obj)
 .text.entropy_stm32_rng_get_entropy
                0x0000000008007d30       0x60 zephyr/drivers/entropy/libdrivers__entropy.a(entropy_stm32.c.obj)
 .text.entropy_stm32_rng_init
                0x0000000008007d90       0xd8 zephyr/drivers/entropy/libdrivers__entropy.a(entropy_stm32.c.obj)
 .text.entropy_stm32_rng_get_entropy_isr
                0x0000000008007e68       0xa4 zephyr/drivers/entropy/libdrivers__entropy.a(entropy_stm32.c.obj)
 .text.elapsed  0x0000000008007f0c       0x38 zephyr/drivers/timer/libdrivers__timer.a(cortex_m_systick.c.obj)
 .text.sys_clock_driver_init
                0x0000000008007f44       0x3c zephyr/drivers/timer/libdrivers__timer.a(cortex_m_systick.c.obj)
 .text.sys_clock_isr
                0x0000000008007f80       0x4c zephyr/drivers/timer/libdrivers__timer.a(cortex_m_systick.c.obj)
                0x0000000008007f80                sys_clock_isr
 .text.sys_clock_set_timeout
                0x0000000008007fcc      0x110 zephyr/drivers/timer/libdrivers__timer.a(cortex_m_systick.c.obj)
                0x0000000008007fcc                sys_clock_set_timeout
 .text.sys_clock_elapsed
                0x00000000080080dc       0x7c zephyr/drivers/timer/libdrivers__timer.a(cortex_m_systick.c.obj)
                0x00000000080080dc                sys_clock_elapsed
 .text.sys_clock_cycle_get_32
                0x0000000008008158       0x64 zephyr/drivers/timer/libdrivers__timer.a(cortex_m_systick.c.obj)
                0x0000000008008158                sys_clock_cycle_get_32
 .text.pinctrl_lookup_state
                0x00000000080081bc       0x44 zephyr/drivers/pinctrl/libdrivers__pinctrl.a(common.c.obj)
                0x00000000080081bc                pinctrl_lookup_state
 .text.pinctrl_configure_pins
                0x0000000008008200       0x90 zephyr/drivers/pinctrl/libdrivers__pinctrl.a(pinctrl_stm32.c.obj)
                0x0000000008008200                pinctrl_configure_pins
 .text.LL_DMA_Init
                0x0000000008008290       0x7c modules/stm32/stm32cube/lib..__modules__hal__stm32__stm32cube.a(stm32l4xx_ll_dma.c.obj)
                0x0000000008008290                LL_DMA_Init
 .text.LL_DMA_StructInit
                0x000000000800830c       0x1c modules/stm32/stm32cube/lib..__modules__hal__stm32__stm32cube.a(stm32l4xx_ll_dma.c.obj)
                0x000000000800830c                LL_DMA_StructInit
 .text.LL_TIM_StructInit
                0x0000000008008328       0x14 modules/stm32/stm32cube/lib..__modules__hal__stm32__stm32cube.a(stm32l4xx_ll_tim.c.obj)
                0x0000000008008328                LL_TIM_StructInit
 .text.LL_TIM_Init
                0x000000000800833c       0x74 modules/stm32/stm32cube/lib..__modules__hal__stm32__stm32cube.a(stm32l4xx_ll_tim.c.obj)
                0x000000000800833c                LL_TIM_Init
 .text.LL_TIM_OC_StructInit
                0x00000000080083b0       0x14 modules/stm32/stm32cube/lib..__modules__hal__stm32__stm32cube.a(stm32l4xx_ll_tim.c.obj)
                0x00000000080083b0                LL_TIM_OC_StructInit
 .text.LL_TIM_OC_Init
                0x00000000080083c4      0x2e4 modules/stm32/stm32cube/lib..__modules__hal__stm32__stm32cube.a(stm32l4xx_ll_tim.c.obj)
                0x00000000080083c4                LL_TIM_OC_Init
 .text.LL_SetFlashLatency.part.0
                0x00000000080086a8       0xb8 modules/stm32/stm32cube/lib..__modules__hal__stm32__stm32cube.a(stm32l4xx_ll_utils.c.obj)
 .text.UTILS_EnablePLLAndSwitchSystem
                0x0000000008008760       0xb8 modules/stm32/stm32cube/lib..__modules__hal__stm32__stm32cube.a(stm32l4xx_ll_utils.c.obj)
 .text.LL_PLL_ConfigSystemClock_HSI
                0x0000000008008818       0x80 modules/stm32/stm32cube/lib..__modules__hal__stm32__stm32cube.a(stm32l4xx_ll_utils.c.obj)
                0x0000000008008818                LL_PLL_ConfigSystemClock_HSI
 .text.LL_TIM_OC_SetCompareCH1
                0x0000000008008898        0x4 modules/rts-zephyr/drivers/led_strip/lib..__..__tmp__projects__beacon_project_rzd__lora_russia_railways__modules__rts-zephyr__drivers__led_strip.a(ws2812_pwm_stm32.c.obj)
 .text.LL_TIM_OC_SetCompareCH2
                0x000000000800889c        0x4 modules/rts-zephyr/drivers/led_strip/lib..__..__tmp__projects__beacon_project_rzd__lora_russia_railways__modules__rts-zephyr__drivers__led_strip.a(ws2812_pwm_stm32.c.obj)
 .text.LL_TIM_OC_SetCompareCH3
                0x00000000080088a0        0x4 modules/rts-zephyr/drivers/led_strip/lib..__..__tmp__projects__beacon_project_rzd__lora_russia_railways__modules__rts-zephyr__drivers__led_strip.a(ws2812_pwm_stm32.c.obj)
 .text.LL_TIM_OC_SetCompareCH4
                0x00000000080088a4        0x4 modules/rts-zephyr/drivers/led_strip/lib..__..__tmp__projects__beacon_project_rzd__lora_russia_railways__modules__rts-zephyr__drivers__led_strip.a(ws2812_pwm_stm32.c.obj)
 .text.LL_TIM_OC_SetCompareCH5
                0x00000000080088a8        0x8 modules/rts-zephyr/drivers/led_strip/lib..__..__tmp__projects__beacon_project_rzd__lora_russia_railways__modules__rts-zephyr__drivers__led_strip.a(ws2812_pwm_stm32.c.obj)
 .text.LL_TIM_OC_SetCompareCH6
                0x00000000080088b0        0x4 modules/rts-zephyr/drivers/led_strip/lib..__..__tmp__projects__beacon_project_rzd__lora_russia_railways__modules__rts-zephyr__drivers__led_strip.a(ws2812_pwm_stm32.c.obj)
 .text.LL_TIM_ClearFlag_CC1
                0x00000000080088b4        0x8 modules/rts-zephyr/drivers/led_strip/lib..__..__tmp__projects__beacon_project_rzd__lora_russia_railways__modules__rts-zephyr__drivers__led_strip.a(ws2812_pwm_stm32.c.obj)
 .text.LL_TIM_IsActiveFlag_CC1
                0x00000000080088bc        0x8 modules/rts-zephyr/drivers/led_strip/lib..__..__tmp__projects__beacon_project_rzd__lora_russia_railways__modules__rts-zephyr__drivers__led_strip.a(ws2812_pwm_stm32.c.obj)
 .text.LL_TIM_ClearFlag_CC2
                0x00000000080088c4        0x8 modules/rts-zephyr/drivers/led_strip/lib..__..__tmp__projects__beacon_project_rzd__lora_russia_railways__modules__rts-zephyr__drivers__led_strip.a(ws2812_pwm_stm32.c.obj)
 .text.LL_TIM_IsActiveFlag_CC2
                0x00000000080088cc        0x8 modules/rts-zephyr/drivers/led_strip/lib..__..__tmp__projects__beacon_project_rzd__lora_russia_railways__modules__rts-zephyr__drivers__led_strip.a(ws2812_pwm_stm32.c.obj)
 .text.LL_TIM_ClearFlag_CC3
                0x00000000080088d4        0x8 modules/rts-zephyr/drivers/led_strip/lib..__..__tmp__projects__beacon_project_rzd__lora_russia_railways__modules__rts-zephyr__drivers__led_strip.a(ws2812_pwm_stm32.c.obj)
 .text.LL_TIM_IsActiveFlag_CC3
                0x00000000080088dc        0x8 modules/rts-zephyr/drivers/led_strip/lib..__..__tmp__projects__beacon_project_rzd__lora_russia_railways__modules__rts-zephyr__drivers__led_strip.a(ws2812_pwm_stm32.c.obj)
 .text.LL_TIM_ClearFlag_CC4
                0x00000000080088e4        0x8 modules/rts-zephyr/drivers/led_strip/lib..__..__tmp__projects__beacon_project_rzd__lora_russia_railways__modules__rts-zephyr__drivers__led_strip.a(ws2812_pwm_stm32.c.obj)
 .text.LL_TIM_IsActiveFlag_CC4
                0x00000000080088ec        0x8 modules/rts-zephyr/drivers/led_strip/lib..__..__tmp__projects__beacon_project_rzd__lora_russia_railways__modules__rts-zephyr__drivers__led_strip.a(ws2812_pwm_stm32.c.obj)
 .text.LL_TIM_ClearFlag_CC5
                0x00000000080088f4        0x8 modules/rts-zephyr/drivers/led_strip/lib..__..__tmp__projects__beacon_project_rzd__lora_russia_railways__modules__rts-zephyr__drivers__led_strip.a(ws2812_pwm_stm32.c.obj)
 .text.LL_TIM_IsActiveFlag_CC5
                0x00000000080088fc        0x8 modules/rts-zephyr/drivers/led_strip/lib..__..__tmp__projects__beacon_project_rzd__lora_russia_railways__modules__rts-zephyr__drivers__led_strip.a(ws2812_pwm_stm32.c.obj)
 .text.LL_TIM_ClearFlag_CC6
                0x0000000008008904        0x8 modules/rts-zephyr/drivers/led_strip/lib..__..__tmp__projects__beacon_project_rzd__lora_russia_railways__modules__rts-zephyr__drivers__led_strip.a(ws2812_pwm_stm32.c.obj)
 .text.LL_TIM_GenerateEvent_CC1
                0x000000000800890c        0xc modules/rts-zephyr/drivers/led_strip/lib..__..__tmp__projects__beacon_project_rzd__lora_russia_railways__modules__rts-zephyr__drivers__led_strip.a(ws2812_pwm_stm32.c.obj)
 .text.ws2812_strip_update_channels
                0x0000000008008918        0x8 modules/rts-zephyr/drivers/led_strip/lib..__..__tmp__projects__beacon_project_rzd__lora_russia_railways__modules__rts-zephyr__drivers__led_strip.a(ws2812_pwm_stm32.c.obj)
 .text.ws2812_strip_update_rgb
                0x0000000008008920      0x260 modules/rts-zephyr/drivers/led_strip/lib..__..__tmp__projects__beacon_project_rzd__lora_russia_railways__modules__rts-zephyr__drivers__led_strip.a(ws2812_pwm_stm32.c.obj)
 .text.led_hsv2rgb
                0x0000000008008b80       0xd8 modules/rts-zephyr/subsys/led_utils/lib..__..__tmp__projects__beacon_project_rzd__lora_russia_railways__modules__rts-zephyr__subsys__led_utils.a(led_utils.c.obj)
                0x0000000008008b80                led_hsv2rgb
 .text.lora_receive_error_timeout
                0x0000000008008c58       0x48 modules/rts-zephyr/subsys/lora_rr/lib..__..__tmp__projects__beacon_project_rzd__lora_russia_railways__modules__rts-zephyr__subsys__lora_rr.a(lora_rr_common.cc.obj)
                0x0000000008008c58                lora_receive_error_timeout
 .text.dwork_enable_ind_handler
                0x0000000008008ca0       0x20 modules/rts-zephyr/subsys/lora_rr/lib..__..__tmp__projects__beacon_project_rzd__lora_russia_railways__modules__rts-zephyr__subsys__lora_rr.a(lora_rr_common.cc.obj)
                0x0000000008008ca0                dwork_enable_ind_handler
 .text.lora_receive_cb
                0x0000000008008cc0       0xc0 modules/rts-zephyr/subsys/lora_rr/lib..__..__tmp__projects__beacon_project_rzd__lora_russia_railways__modules__rts-zephyr__subsys__lora_rr.a(lora_rr_common.cc.obj)
                0x0000000008008cc0                lora_receive_cb
 .text.work_buzzer_handler
                0x0000000008008d80      0x438 modules/rts-zephyr/subsys/lora_rr/lib..__..__tmp__projects__beacon_project_rzd__lora_russia_railways__modules__rts-zephyr__subsys__lora_rr.a(lora_rr_common.cc.obj)
                0x0000000008008d80                work_buzzer_handler
 .text.set_ind  0x00000000080091b8       0x78 modules/rts-zephyr/subsys/lora_rr/lib..__..__tmp__projects__beacon_project_rzd__lora_russia_railways__modules__rts-zephyr__subsys__lora_rr.a(lora_rr_common.cc.obj)
                0x00000000080091b8                set_ind
 .text.work_button_pressed_handler
                0x0000000008009230      0x194 modules/rts-zephyr/subsys/lora_rr/lib..__..__tmp__projects__beacon_project_rzd__lora_russia_railways__modules__rts-zephyr__subsys__lora_rr.a(lora_rr_common.cc.obj)
                0x0000000008009230                work_button_pressed_handler
 .text.common_kernel_services_init
                0x00000000080093c4       0x6c modules/rts-zephyr/subsys/lora_rr/lib..__..__tmp__projects__beacon_project_rzd__lora_russia_railways__modules__rts-zephyr__subsys__lora_rr.a(lora_rr_common.cc.obj)
                0x00000000080093c4                common_kernel_services_init
 .text.proc_rx_data
                0x0000000008009430      0x1a8 modules/rts-zephyr/subsys/lora_rr/lib..__..__tmp__projects__beacon_project_rzd__lora_russia_railways__modules__rts-zephyr__subsys__lora_rr.a(lora_rr_common.cc.obj)
                0x0000000008009430                proc_rx_data
 .text.proc_tx_data
                0x00000000080095d8      0x1a8 modules/rts-zephyr/subsys/lora_rr/lib..__..__tmp__projects__beacon_project_rzd__lora_russia_railways__modules__rts-zephyr__subsys__lora_rr.a(lora_rr_common.cc.obj)
                0x00000000080095d8                proc_tx_data
 .text.radio_rx_queue_is_empty
                0x0000000008009780       0x10 modules/rts-zephyr/subsys/lora_rr/lib..__..__tmp__projects__beacon_project_rzd__lora_russia_railways__modules__rts-zephyr__subsys__lora_rr.a(lora_rr_common.cc.obj)
                0x0000000008009780                radio_rx_queue_is_empty
 .text.get_rssi
                0x0000000008009790       0x10 modules/rts-zephyr/subsys/lora_rr/lib..__..__tmp__projects__beacon_project_rzd__lora_russia_railways__modules__rts-zephyr__subsys__lora_rr.a(lora_rr_common.cc.obj)
                0x0000000008009790                get_rssi
 .text.set_msg  0x00000000080097a0       0x24 modules/rts-zephyr/subsys/lora_rr/lib..__..__tmp__projects__beacon_project_rzd__lora_russia_railways__modules__rts-zephyr__subsys__lora_rr.a(lora_rr_common.cc.obj)
                0x00000000080097a0                set_msg
 .text.set_buzzer_mode
                0x00000000080097c4      0x428 modules/rts-zephyr/subsys/lora_rr/lib..__..__tmp__projects__beacon_project_rzd__lora_russia_railways__modules__rts-zephyr__subsys__lora_rr.a(lora_rr_common.cc.obj)
                0x00000000080097c4                set_buzzer_mode
 .text.irq_routine
                0x0000000008009bec       0x14 modules/rts-zephyr/subsys/lora_rr/lib..__..__tmp__projects__beacon_project_rzd__lora_russia_railways__modules__rts-zephyr__subsys__lora_rr.a(lora_rr_common.cc.obj)
                0x0000000008009bec                irq_routine
 .text.update_indication_task
                0x0000000008009c00      0x288 modules/rts-zephyr/subsys/indication_rr/lib..__..__tmp__projects__beacon_project_rzd__lora_russia_railways__modules__rts-zephyr__subsys__indication_rr.a(indication.c.obj)
                0x0000000008009c00                update_indication_task
 .text.z_device_state_init
                0x0000000008009e88        0x4 zephyr/kernel/libkernel.a(device.c.obj)
                0x0000000008009e88                z_device_state_init
 .text.z_sys_init_run_level
                0x0000000008009e8c       0x44 zephyr/kernel/libkernel.a(device.c.obj)
                0x0000000008009e8c                z_sys_init_run_level
 .text.z_impl_device_get_binding
                0x0000000008009ed0       0x68 zephyr/kernel/libkernel.a(device.c.obj)
                0x0000000008009ed0                z_impl_device_get_binding
 .text.z_device_is_ready
                0x0000000008009f38       0x18 zephyr/kernel/libkernel.a(device.c.obj)
                0x0000000008009f38                z_device_is_ready
 .text.arch_system_halt
                0x0000000008009f50       0x14 zephyr/kernel/libkernel.a(fatal.c.obj)
                0x0000000008009f50                arch_system_halt
 .text.k_sys_fatal_error_handler
                0x0000000008009f64        0x8 zephyr/kernel/libkernel.a(fatal.c.obj)
                0x0000000008009f64                k_sys_fatal_error_handler
 .text.z_fatal_error
                0x0000000008009f6c       0x3c zephyr/kernel/libkernel.a(fatal.c.obj)
                0x0000000008009f6c                z_fatal_error
 .text.bg_thread_main
                0x0000000008009fa8       0x38 zephyr/kernel/libkernel.a(init.c.obj)
 .text.z_bss_zero
                0x0000000008009fe0       0x14 zephyr/kernel/libkernel.a(init.c.obj)
                0x0000000008009fe0                z_bss_zero
 .text.z_cstart
                0x0000000008009ff4      0x110 zephyr/kernel/libkernel.a(init.c.obj)
                0x0000000008009ff4                z_cstart
 .text.k_is_in_isr
                0x000000000800a104        0xc zephyr/kernel/libkernel.a(thread.c.obj)
                0x000000000800a104                k_is_in_isr
 .text.z_impl_k_thread_name_set
                0x000000000800a110        0x8 zephyr/kernel/libkernel.a(thread.c.obj)
                0x000000000800a110                z_impl_k_thread_name_set
 .text.z_impl_k_thread_start
                0x000000000800a118        0x4 zephyr/kernel/libkernel.a(thread.c.obj)
                0x000000000800a118                z_impl_k_thread_start
 .text.z_setup_new_thread
                0x000000000800a11c       0x60 zephyr/kernel/libkernel.a(thread.c.obj)
                0x000000000800a11c                z_setup_new_thread
 .text.z_impl_k_thread_create
                0x000000000800a17c       0x98 zephyr/kernel/libkernel.a(thread.c.obj)
                0x000000000800a17c                z_impl_k_thread_create
 .text.z_init_static_threads
                0x000000000800a214       0xf0 zephyr/kernel/libkernel.a(thread.c.obj)
                0x000000000800a214                z_init_static_threads
 .text.idle     0x000000000800a304       0x18 zephyr/kernel/libkernel.a(idle.c.obj)
                0x000000000800a304                idle
 .text.z_impl_k_msgq_put
                0x000000000800a31c       0xb8 zephyr/kernel/libkernel.a(msg_q.c.obj)
                0x000000000800a31c                z_impl_k_msgq_put
 .text.z_impl_k_msgq_get
                0x000000000800a3d4       0xc0 zephyr/kernel/libkernel.a(msg_q.c.obj)
                0x000000000800a3d4                z_impl_k_msgq_get
 .text.z_impl_k_msgq_purge
                0x000000000800a494       0x44 zephyr/kernel/libkernel.a(msg_q.c.obj)
                0x000000000800a494                z_impl_k_msgq_purge
 .text.z_impl_k_mutex_init
                0x000000000800a4d8       0x10 zephyr/kernel/libkernel.a(mutex.c.obj)
                0x000000000800a4d8                z_impl_k_mutex_init
 .text.z_impl_k_mutex_lock
                0x000000000800a4e8      0x108 zephyr/kernel/libkernel.a(mutex.c.obj)
                0x000000000800a4e8                z_impl_k_mutex_lock
 .text.z_impl_k_mutex_unlock
                0x000000000800a5f0       0x90 zephyr/kernel/libkernel.a(mutex.c.obj)
                0x000000000800a5f0                z_impl_k_mutex_unlock
 .text.z_impl_k_sem_init
                0x000000000800a680       0x20 zephyr/kernel/libkernel.a(sem.c.obj)
                0x000000000800a680                z_impl_k_sem_init
 .text.z_impl_k_sem_give
                0x000000000800a6a0       0x54 zephyr/kernel/libkernel.a(sem.c.obj)
                0x000000000800a6a0                z_impl_k_sem_give
 .text.z_impl_k_sem_take
                0x000000000800a6f4       0x58 zephyr/kernel/libkernel.a(sem.c.obj)
                0x000000000800a6f4                z_impl_k_sem_take
 .text.z_impl_k_sem_reset
                0x000000000800a74c       0x48 zephyr/kernel/libkernel.a(sem.c.obj)
                0x000000000800a74c                z_impl_k_sem_reset
 .text.submit_to_queue_locked
                0x000000000800a794       0xbc zephyr/kernel/libkernel.a(work.c.obj)
 .text.work_timeout
                0x000000000800a850       0x44 zephyr/kernel/libkernel.a(work.c.obj)
 .text.k_work_init
                0x000000000800a894        0xc zephyr/kernel/libkernel.a(work.c.obj)
                0x000000000800a894                k_work_init
 .text.k_work_submit_to_queue
                0x000000000800a8a0       0x48 zephyr/kernel/libkernel.a(work.c.obj)
                0x000000000800a8a0                k_work_submit_to_queue
 .text.k_work_submit
                0x000000000800a8e8       0x48 zephyr/kernel/libkernel.a(work.c.obj)
                0x000000000800a8e8                k_work_submit
 .text.k_work_init_delayable
                0x000000000800a930       0x18 zephyr/kernel/libkernel.a(work.c.obj)
                0x000000000800a930                k_work_init_delayable
 .text.k_work_schedule
                0x000000000800a948       0x5c zephyr/kernel/libkernel.a(work.c.obj)
                0x000000000800a948                k_work_schedule
 .text.update_cache
                0x000000000800a9a4       0x58 zephyr/kernel/libkernel.a(sched.c.obj)
 .text.move_thread_to_end_of_prio_q
                0x000000000800a9fc       0x80 zephyr/kernel/libkernel.a(sched.c.obj)
 .text.ready_thread
                0x000000000800aa7c       0x6c zephyr/kernel/libkernel.a(sched.c.obj)
 .text.z_thread_timeout
                0x000000000800aae8       0x54 zephyr/kernel/libkernel.a(sched.c.obj)
                0x000000000800aae8                z_thread_timeout
 .text.add_to_waitq_locked
                0x000000000800ab3c       0x90 zephyr/kernel/libkernel.a(sched.c.obj)
 .text.pend     0x000000000800abcc       0x4c zephyr/kernel/libkernel.a(sched.c.obj)
 .text.z_sched_prio_cmp
                0x000000000800ac18       0x14 zephyr/kernel/libkernel.a(sched.c.obj)
                0x000000000800ac18                z_sched_prio_cmp
 .text.z_time_slice
                0x000000000800ac2c       0xa8 zephyr/kernel/libkernel.a(sched.c.obj)
                0x000000000800ac2c                z_time_slice
 .text.z_ready_thread
                0x000000000800acd4       0x20 zephyr/kernel/libkernel.a(sched.c.obj)
                0x000000000800acd4                z_ready_thread
 .text.z_sched_start
                0x000000000800acf4       0x50 zephyr/kernel/libkernel.a(sched.c.obj)
                0x000000000800acf4                z_sched_start
 .text.z_impl_k_thread_suspend
                0x000000000800ad44       0x8c zephyr/kernel/libkernel.a(sched.c.obj)
                0x000000000800ad44                z_impl_k_thread_suspend
 .text.z_unpend_thread_no_timeout
                0x000000000800add0       0x34 zephyr/kernel/libkernel.a(sched.c.obj)
                0x000000000800add0                z_unpend_thread_no_timeout
 .text.z_pend_curr
                0x000000000800ae04       0x28 zephyr/kernel/libkernel.a(sched.c.obj)
                0x000000000800ae04                z_pend_curr
 .text.z_unpend1_no_timeout
                0x000000000800ae2c       0x48 zephyr/kernel/libkernel.a(sched.c.obj)
                0x000000000800ae2c                z_unpend1_no_timeout
 .text.z_unpend_first_thread
                0x000000000800ae74       0x54 zephyr/kernel/libkernel.a(sched.c.obj)
                0x000000000800ae74                z_unpend_first_thread
 .text.z_unpend_thread
                0x000000000800aec8       0x38 zephyr/kernel/libkernel.a(sched.c.obj)
                0x000000000800aec8                z_unpend_thread
 .text.z_set_prio
                0x000000000800af00       0x94 zephyr/kernel/libkernel.a(sched.c.obj)
                0x000000000800af00                z_set_prio
 .text.z_reschedule
                0x000000000800af94       0x24 zephyr/kernel/libkernel.a(sched.c.obj)
                0x000000000800af94                z_reschedule
 .text.z_reschedule_irqlock
                0x000000000800afb8       0x18 zephyr/kernel/libkernel.a(sched.c.obj)
                0x000000000800afb8                z_reschedule_irqlock
 .text.k_sched_lock
                0x000000000800afd0       0x28 zephyr/kernel/libkernel.a(sched.c.obj)
                0x000000000800afd0                k_sched_lock
 .text.k_sched_unlock
                0x000000000800aff8       0x58 zephyr/kernel/libkernel.a(sched.c.obj)
                0x000000000800aff8                k_sched_unlock
 .text.z_sched_init
                0x000000000800b050       0x44 zephyr/kernel/libkernel.a(sched.c.obj)
                0x000000000800b050                z_sched_init
 .text.z_impl_k_yield
                0x000000000800b094       0x84 zephyr/kernel/libkernel.a(sched.c.obj)
                0x000000000800b094                z_impl_k_yield
 .text.z_tick_sleep
                0x000000000800b118       0xb8 zephyr/kernel/libkernel.a(sched.c.obj)
 .text.z_impl_k_sleep
                0x000000000800b1d0       0x30 zephyr/kernel/libkernel.a(sched.c.obj)
                0x000000000800b1d0                z_impl_k_sleep
 .text.z_impl_k_usleep
                0x000000000800b200       0x28 zephyr/kernel/libkernel.a(sched.c.obj)
                0x000000000800b200                z_impl_k_usleep
 .text.z_impl_k_wakeup
                0x000000000800b228       0x74 zephyr/kernel/libkernel.a(sched.c.obj)
                0x000000000800b228                z_impl_k_wakeup
 .text.z_impl_z_current_get
                0x000000000800b29c        0xc zephyr/kernel/libkernel.a(sched.c.obj)
                0x000000000800b29c                z_impl_z_current_get
 .text.z_impl_k_is_preempt_thread
                0x000000000800b2a8       0x20 zephyr/kernel/libkernel.a(sched.c.obj)
                0x000000000800b2a8                z_impl_k_is_preempt_thread
 .text.z_thread_abort
                0x000000000800b2c8       0xd0 zephyr/kernel/libkernel.a(sched.c.obj)
                0x000000000800b2c8                z_thread_abort
 .text.z_sched_wake
                0x000000000800b398       0x68 zephyr/kernel/libkernel.a(sched.c.obj)
                0x000000000800b398                z_sched_wake
 .text.z_sched_wait
                0x000000000800b400       0x30 zephyr/kernel/libkernel.a(sched.c.obj)
                0x000000000800b400                z_sched_wait
 .text.z_data_copy
                0x000000000800b430       0x34 zephyr/kernel/libkernel.a(xip.c.obj)
                0x000000000800b430                z_data_copy
 .text.remove_timeout
                0x000000000800b464       0x38 zephyr/kernel/libkernel.a(timeout.c.obj)
 .text.next_timeout
                0x000000000800b49c       0x60 zephyr/kernel/libkernel.a(timeout.c.obj)
 .text.z_add_timeout
                0x000000000800b4fc      0x104 zephyr/kernel/libkernel.a(timeout.c.obj)
                0x000000000800b4fc                z_add_timeout
 .text.z_abort_timeout
                0x000000000800b600       0x34 zephyr/kernel/libkernel.a(timeout.c.obj)
                0x000000000800b600                z_abort_timeout
 .text.z_set_timeout_expiry
                0x000000000800b634       0x38 zephyr/kernel/libkernel.a(timeout.c.obj)
                0x000000000800b634                z_set_timeout_expiry
 .text.sys_clock_tick_get_32
                0x000000000800b66c       0x2c zephyr/kernel/libkernel.a(timeout.c.obj)
                0x000000000800b66c                sys_clock_tick_get_32
 .text.z_impl_k_uptime_ticks
                0x000000000800b698       0x30 zephyr/kernel/libkernel.a(timeout.c.obj)
                0x000000000800b698                z_impl_k_uptime_ticks
 .text.z_impl_k_busy_wait
                0x000000000800b6c8       0x34 zephyr/kernel/libkernel.a(timeout.c.obj)
                0x000000000800b6c8                z_impl_k_busy_wait
 .text.z_timer_expiration_handler
                0x000000000800b6fc       0x90 zephyr/kernel/libkernel.a(timer.c.obj)
                0x000000000800b6fc                z_timer_expiration_handler
 .text.k_timer_init
                0x000000000800b78c       0x20 zephyr/kernel/libkernel.a(timer.c.obj)
                0x000000000800b78c                k_timer_init
 .text.z_impl_k_timer_start
                0x000000000800b7ac       0xa8 zephyr/kernel/libkernel.a(timer.c.obj)
                0x000000000800b7ac                z_impl_k_timer_start
 .text.z_impl_k_timer_stop
                0x000000000800b854       0x3c zephyr/kernel/libkernel.a(timer.c.obj)
                0x000000000800b854                z_impl_k_timer_stop
 .text.signal_poll_event.constprop.0
                0x000000000800b890       0xc0 zephyr/kernel/libkernel.a(poll.c.obj)
 .text.register_events
                0x000000000800b950      0x388 zephyr/kernel/libkernel.a(poll.c.obj)
 .text.k_poll_event_init
                0x000000000800bcd8       0x20 zephyr/kernel/libkernel.a(poll.c.obj)
                0x000000000800bcd8                k_poll_event_init
 .text.z_impl_k_poll
                0x000000000800bcf8      0x160 zephyr/kernel/libkernel.a(poll.c.obj)
                0x000000000800bcf8                z_impl_k_poll
 .text.z_handle_obj_poll_events
                0x000000000800be58       0x24 zephyr/kernel/libkernel.a(poll.c.obj)
                0x000000000800be58                z_handle_obj_poll_events
 .text.z_impl_k_poll_signal_init
                0x000000000800be7c        0xc zephyr/kernel/libkernel.a(poll.c.obj)
                0x000000000800be7c                z_impl_k_poll_signal_init
 .text.z_impl_k_poll_signal_check
                0x000000000800be88        0xc zephyr/kernel/libkernel.a(poll.c.obj)
                0x000000000800be88                z_impl_k_poll_signal_check
 .text.z_impl_k_poll_signal_raise
                0x000000000800be94       0x54 zephyr/kernel/libkernel.a(poll.c.obj)
                0x000000000800be94                z_impl_k_poll_signal_raise
 .text.main     0x000000000800bee8        0x4 zephyr/kernel/libkernel.a(main_weak.c.obj)
                0x000000000800bee8                main
 .text.boot_banner
                0x000000000800beec        0x4 zephyr/kernel/libkernel.a(banner.c.obj)
                0x000000000800beec                boot_banner
 .text.statics_init
                0x000000000800bef0       0x30 zephyr/kernel/libkernel.a(kheap.c.obj)
 .text.k_sys_work_q_init
                0x000000000800bf20       0x34 zephyr/kernel/libkernel.a(system_work_q.c.obj)
 .text.malloc   0x000000000800bf54       0x10 /opt/zephyr-sdk/arm-zephyr-eabi/arm-zephyr-eabi/lib/thumb/v7e-m+fp/hard/libc_nano.a(lib_a-malloc.o)
                0x000000000800bf54                malloc
 .text._free_r  0x000000000800bf64       0x98 /opt/zephyr-sdk/arm-zephyr-eabi/arm-zephyr-eabi/lib/thumb/v7e-m+fp/hard/libc_nano.a(lib_a-nano-freer.o)
                0x000000000800bf64                _free_r
 .text._malloc_r
                0x000000000800bffc       0xb4 /opt/zephyr-sdk/arm-zephyr-eabi/arm-zephyr-eabi/lib/thumb/v7e-m+fp/hard/libc_nano.a(lib_a-nano-mallocr.o)
                0x000000000800bffc                _malloc_r
 .text._printf_float
                0x000000000800c0b0      0x46c /opt/zephyr-sdk/arm-zephyr-eabi/arm-zephyr-eabi/lib/thumb/v7e-m+fp/hard/libc_nano.a(lib_a-nano-vfprintf_float.o)
                0x000000000800c0b0                _printf_float
 .text._printf_i
                0x000000000800c51c      0x24c /opt/zephyr-sdk/arm-zephyr-eabi/arm-zephyr-eabi/lib/thumb/v7e-m+fp/hard/libc_nano.a(lib_a-nano-vfprintf_i.o)
                0x000000000800c51c                _printf_i
 .text._sbrk_r  0x000000000800c768       0x20 /opt/zephyr-sdk/arm-zephyr-eabi/arm-zephyr-eabi/lib/thumb/v7e-m+fp/hard/libc_nano.a(lib_a-sbrkr.o)
                0x000000000800c768                _sbrk_r
 .text._localeconv_r
                0x000000000800c788        0x8 /opt/zephyr-sdk/arm-zephyr-eabi/arm-zephyr-eabi/lib/thumb/v7e-m+fp/hard/libc_nano.a(lib_a-localeconv.o)
                0x000000000800c788                _localeconv_r
 .text.__malloc_lock
                0x000000000800c790        0xc /opt/zephyr-sdk/arm-zephyr-eabi/arm-zephyr-eabi/lib/thumb/v7e-m+fp/hard/libc_nano.a(lib_a-mlock.o)
                0x000000000800c790                __malloc_lock
 .text.__malloc_unlock
                0x000000000800c79c        0xc /opt/zephyr-sdk/arm-zephyr-eabi/arm-zephyr-eabi/lib/thumb/v7e-m+fp/hard/libc_nano.a(lib_a-mlock.o)
                0x000000000800c79c                __malloc_unlock
 .text._Balloc  0x000000000800c7a8       0x80 /opt/zephyr-sdk/arm-zephyr-eabi/arm-zephyr-eabi/lib/thumb/v7e-m+fp/hard/libc_nano.a(lib_a-mprec.o)
                0x000000000800c7a8                _Balloc
 .text._Bfree   0x000000000800c828       0x44 /opt/zephyr-sdk/arm-zephyr-eabi/arm-zephyr-eabi/lib/thumb/v7e-m+fp/hard/libc_nano.a(lib_a-mprec.o)
                0x000000000800c828                _Bfree
 .text.__multadd
                0x000000000800c86c       0x8c /opt/zephyr-sdk/arm-zephyr-eabi/arm-zephyr-eabi/lib/thumb/v7e-m+fp/hard/libc_nano.a(lib_a-mprec.o)
                0x000000000800c86c                __multadd
 .text.__i2b    0x000000000800c8f8       0x2c /opt/zephyr-sdk/arm-zephyr-eabi/arm-zephyr-eabi/lib/thumb/v7e-m+fp/hard/libc_nano.a(lib_a-mprec.o)
                0x000000000800c8f8                __i2b
 .text.__multiply
                0x000000000800c924      0x154 /opt/zephyr-sdk/arm-zephyr-eabi/arm-zephyr-eabi/lib/thumb/v7e-m+fp/hard/libc_nano.a(lib_a-mprec.o)
                0x000000000800c924                __multiply
 .text.__pow5mult
                0x000000000800ca78       0xb4 /opt/zephyr-sdk/arm-zephyr-eabi/arm-zephyr-eabi/lib/thumb/v7e-m+fp/hard/libc_nano.a(lib_a-mprec.o)
                0x000000000800ca78                __pow5mult
 .text.__lshift
                0x000000000800cb2c       0xe0 /opt/zephyr-sdk/arm-zephyr-eabi/arm-zephyr-eabi/lib/thumb/v7e-m+fp/hard/libc_nano.a(lib_a-mprec.o)
                0x000000000800cb2c                __lshift
 .text.__mdiff  0x000000000800cc0c      0x114 /opt/zephyr-sdk/arm-zephyr-eabi/arm-zephyr-eabi/lib/thumb/v7e-m+fp/hard/libc_nano.a(lib_a-mprec.o)
                0x000000000800cc0c                __mdiff
 .text.__d2b    0x000000000800cd20       0xb8 /opt/zephyr-sdk/arm-zephyr-eabi/arm-zephyr-eabi/lib/thumb/v7e-m+fp/hard/libc_nano.a(lib_a-mprec.o)
                0x000000000800cd20                __d2b
 .text.__assert_func
                0x000000000800cdd8       0x3c /opt/zephyr-sdk/arm-zephyr-eabi/arm-zephyr-eabi/lib/thumb/v7e-m+fp/hard/libc_nano.a(lib_a-assert.o)
                0x000000000800cdd8                __assert_func
 .text.fprintf  0x000000000800ce14       0x24 /opt/zephyr-sdk/arm-zephyr-eabi/arm-zephyr-eabi/lib/thumb/v7e-m+fp/hard/libc_nano.a(lib_a-fprintf.o)
                0x000000000800ce14                fprintf
                0x000000000800ce14                fiprintf
 .text._vfprintf_r
                0x000000000800ce38      0x260 /opt/zephyr-sdk/arm-zephyr-eabi/arm-zephyr-eabi/lib/thumb/v7e-m+fp/hard/libc_nano.a(lib_a-nano-vfprintf.o)
                0x000000000800ce38                _vfiprintf_r
                0x000000000800ce38                _vfprintf_r
 .text.__swbuf_r
                0x000000000800d098       0xa4 /opt/zephyr-sdk/arm-zephyr-eabi/arm-zephyr-eabi/lib/thumb/v7e-m+fp/hard/libc_nano.a(lib_a-wbuf.o)
                0x000000000800d098                __swbuf_r
 .text.__swsetup_r
                0x000000000800d13c       0xdc /opt/zephyr-sdk/arm-zephyr-eabi/arm-zephyr-eabi/lib/thumb/v7e-m+fp/hard/libc_nano.a(lib_a-wsetup.o)
                0x000000000800d13c                __swsetup_r
 .text.__sflush_r
                0x000000000800d218      0x10c /opt/zephyr-sdk/arm-zephyr-eabi/arm-zephyr-eabi/lib/thumb/v7e-m+fp/hard/libc_nano.a(lib_a-fflush.o)
                0x000000000800d218                __sflush_r
 .text._fflush_r
                0x000000000800d324       0x78 /opt/zephyr-sdk/arm-zephyr-eabi/arm-zephyr-eabi/lib/thumb/v7e-m+fp/hard/libc_nano.a(lib_a-fflush.o)
                0x000000000800d324                _fflush_r
 .text.std      0x000000000800d39c       0x48 /opt/zephyr-sdk/arm-zephyr-eabi/arm-zephyr-eabi/lib/thumb/v7e-m+fp/hard/libc_nano.a(lib_a-findfp.o)
 .text._cleanup_r
                0x000000000800d3e4        0xc /opt/zephyr-sdk/arm-zephyr-eabi/arm-zephyr-eabi/lib/thumb/v7e-m+fp/hard/libc_nano.a(lib_a-findfp.o)
                0x000000000800d3e4                _cleanup_r
 .text.__sfp_lock_acquire
                0x000000000800d3f0        0xc /opt/zephyr-sdk/arm-zephyr-eabi/arm-zephyr-eabi/lib/thumb/v7e-m+fp/hard/libc_nano.a(lib_a-findfp.o)
                0x000000000800d3f0                __sfp_lock_acquire
 .text.__sfp_lock_release
                0x000000000800d3fc        0xc /opt/zephyr-sdk/arm-zephyr-eabi/arm-zephyr-eabi/lib/thumb/v7e-m+fp/hard/libc_nano.a(lib_a-findfp.o)
                0x000000000800d3fc                __sfp_lock_release
 .text.__sinit_lock_acquire
                0x000000000800d408        0xc /opt/zephyr-sdk/arm-zephyr-eabi/arm-zephyr-eabi/lib/thumb/v7e-m+fp/hard/libc_nano.a(lib_a-findfp.o)
                0x000000000800d408                __sinit_lock_acquire
 .text.__sinit_lock_release
                0x000000000800d414        0xc /opt/zephyr-sdk/arm-zephyr-eabi/arm-zephyr-eabi/lib/thumb/v7e-m+fp/hard/libc_nano.a(lib_a-findfp.o)
                0x000000000800d414                __sinit_lock_release
 .text.__sinit  0x000000000800d420       0x70 /opt/zephyr-sdk/arm-zephyr-eabi/arm-zephyr-eabi/lib/thumb/v7e-m+fp/hard/libc_nano.a(lib_a-findfp.o)
                0x000000000800d420                __sinit
 .text.__sfp    0x000000000800d490       0x8c /opt/zephyr-sdk/arm-zephyr-eabi/arm-zephyr-eabi/lib/thumb/v7e-m+fp/hard/libc_nano.a(lib_a-findfp.o)
                0x000000000800d490                __sfp
 .text.__smakebuf_r
                0x000000000800d51c       0x80 /opt/zephyr-sdk/arm-zephyr-eabi/arm-zephyr-eabi/lib/thumb/v7e-m+fp/hard/libc_nano.a(lib_a-makebuf.o)
                0x000000000800d51c                __smakebuf_r
 .text.raise    0x000000000800d59c       0x10 /opt/zephyr-sdk/arm-zephyr-eabi/arm-zephyr-eabi/lib/thumb/v7e-m+fp/hard/libc_nano.a(lib_a-signal.o)
                0x000000000800d59c                raise
 .text._kill_r  0x000000000800d5ac       0x24 /opt/zephyr-sdk/arm-zephyr-eabi/arm-zephyr-eabi/lib/thumb/v7e-m+fp/hard/libc_nano.a(lib_a-signalr.o)
                0x000000000800d5ac                _kill_r
 .text._write_r
                0x000000000800d5d0       0x24 /opt/zephyr-sdk/arm-zephyr-eabi/arm-zephyr-eabi/lib/thumb/v7e-m+fp/hard/libc_nano.a(lib_a-writer.o)
                0x000000000800d5d0                _write_r
 .text._close_r
                0x000000000800d5f4       0x20 /opt/zephyr-sdk/arm-zephyr-eabi/arm-zephyr-eabi/lib/thumb/v7e-m+fp/hard/libc_nano.a(lib_a-closer.o)
                0x000000000800d5f4                _close_r
 .text._fstat_r
                0x000000000800d614       0x24 /opt/zephyr-sdk/arm-zephyr-eabi/arm-zephyr-eabi/lib/thumb/v7e-m+fp/hard/libc_nano.a(lib_a-fstatr.o)
                0x000000000800d614                _fstat_r
 .text._isatty_r
                0x000000000800d638       0x20 /opt/zephyr-sdk/arm-zephyr-eabi/arm-zephyr-eabi/lib/thumb/v7e-m+fp/hard/libc_nano.a(lib_a-isattyr.o)
                0x000000000800d638                _isatty_r
 .text._lseek_r
                0x000000000800d658       0x24 /opt/zephyr-sdk/arm-zephyr-eabi/arm-zephyr-eabi/lib/thumb/v7e-m+fp/hard/libc_nano.a(lib_a-lseekr.o)
                0x000000000800d658                _lseek_r
 .text._read_r  0x000000000800d67c       0x24 /opt/zephyr-sdk/arm-zephyr-eabi/arm-zephyr-eabi/lib/thumb/v7e-m+fp/hard/libc_nano.a(lib_a-readr.o)
                0x000000000800d67c                _read_r
 .text.memcpy   0x000000000800d6a0       0x1c /opt/zephyr-sdk/arm-zephyr-eabi/arm-zephyr-eabi/lib/thumb/v7e-m+fp/hard/libc_nano.a(lib_a-memcpy-stub.o)
                0x000000000800d6a0                memcpy
 .text.memset   0x000000000800d6bc       0x10 /opt/zephyr-sdk/arm-zephyr-eabi/arm-zephyr-eabi/lib/thumb/v7e-m+fp/hard/libc_nano.a(lib_a-memset.o)
                0x000000000800d6bc                memset
 .text.__cvt    0x000000000800d6cc       0xc4 /opt/zephyr-sdk/arm-zephyr-eabi/arm-zephyr-eabi/lib/thumb/v7e-m+fp/hard/libc_nano.a(lib_a-nano-vfprintf_float.o)
                0x000000000800d6cc                __cvt
 .text.__exponent
                0x000000000800d790       0x7c /opt/zephyr-sdk/arm-zephyr-eabi/arm-zephyr-eabi/lib/thumb/v7e-m+fp/hard/libc_nano.a(lib_a-nano-vfprintf_float.o)
                0x000000000800d790                __exponent
 .text._printf_common
                0x000000000800d80c       0xda /opt/zephyr-sdk/arm-zephyr-eabi/arm-zephyr-eabi/lib/thumb/v7e-m+fp/hard/libc_nano.a(lib_a-nano-vfprintf_i.o)
                0x000000000800d80c                _printf_common
 .text.quorem   0x000000000800d8e6      0x116 /opt/zephyr-sdk/arm-zephyr-eabi/arm-zephyr-eabi/lib/thumb/v7e-m+fp/hard/libc_nano.a(lib_a-dtoa.o)
 .text.__hi0bits
                0x000000000800d9fc       0x40 /opt/zephyr-sdk/arm-zephyr-eabi/arm-zephyr-eabi/lib/thumb/v7e-m+fp/hard/libc_nano.a(lib_a-mprec.o)
                0x000000000800d9fc                __hi0bits
 .text.__lo0bits
                0x000000000800da3c       0x5e /opt/zephyr-sdk/arm-zephyr-eabi/arm-zephyr-eabi/lib/thumb/v7e-m+fp/hard/libc_nano.a(lib_a-mprec.o)
                0x000000000800da3c                __lo0bits
 .text.__mcmp   0x000000000800da9a       0x38 /opt/zephyr-sdk/arm-zephyr-eabi/arm-zephyr-eabi/lib/thumb/v7e-m+fp/hard/libc_nano.a(lib_a-mprec.o)
                0x000000000800da9a                __mcmp
 .text._calloc_r
                0x000000000800dad2       0x1e /opt/zephyr-sdk/arm-zephyr-eabi/arm-zephyr-eabi/lib/thumb/v7e-m+fp/hard/libc_nano.a(lib_a-nano-callocr.o)
                0x000000000800dad2                _calloc_r
 .text.__ascii_mbtowc
                0x000000000800daf0       0x24 /opt/zephyr-sdk/arm-zephyr-eabi/arm-zephyr-eabi/lib/thumb/v7e-m+fp/hard/libc_nano.a(lib_a-mbtowc_r.o)
                0x000000000800daf0                __ascii_mbtowc
 .text.__sfputc_r
                0x000000000800db14       0x2e /opt/zephyr-sdk/arm-zephyr-eabi/arm-zephyr-eabi/lib/thumb/v7e-m+fp/hard/libc_nano.a(lib_a-nano-vfprintf.o)
 .text.__sfputs_r
                0x000000000800db42       0x24 /opt/zephyr-sdk/arm-zephyr-eabi/arm-zephyr-eabi/lib/thumb/v7e-m+fp/hard/libc_nano.a(lib_a-nano-vfprintf.o)
                0x000000000800db42                __sfputs_r
 .text.__ascii_wctomb
                0x000000000800db66       0x1a /opt/zephyr-sdk/arm-zephyr-eabi/arm-zephyr-eabi/lib/thumb/v7e-m+fp/hard/libc_nano.a(lib_a-wctomb_r.o)
                0x000000000800db66                __ascii_wctomb
 .text.abort    0x000000000800db80        0xe /opt/zephyr-sdk/arm-zephyr-eabi/arm-zephyr-eabi/lib/thumb/v7e-m+fp/hard/libc_nano.a(lib_a-abort.o)
                0x000000000800db80                abort
 .text.__sfmoreglue