Archive member included to satisfy reference by file (symbol)

app/libapp.a(dwm_rr_base_station.cc.obj)
                              (--whole-archive)
app/libapp.a(lora_rr_base_station.cc.obj)
                              (--whole-archive)
app/libapp.a(main.cc.obj)     (--whole-archive)
zephyr/libzephyr.a(cbprintf.c.obj)
                              (--whole-archive)
zephyr/libzephyr.a(cbprintf_packaged.c.obj)
                              (--whole-archive)
zephyr/libzephyr.a(crc32c_sw.c.obj)
                              (--whole-archive)
zephyr/libzephyr.a(crc32_sw.c.obj)
                              (--whole-archive)
zephyr/libzephyr.a(crc16_sw.c.obj)
                              (--whole-archive)
zephyr/libzephyr.a(crc8_sw.c.obj)
                              (--whole-archive)
zephyr/libzephyr.a(crc7_sw.c.obj)
                              (--whole-archive)
zephyr/libzephyr.a(dec.c.obj)
                              (--whole-archive)
zephyr/libzephyr.a(fdtable.c.obj)
                              (--whole-archive)
zephyr/libzephyr.a(hex.c.obj)
                              (--whole-archive)
zephyr/libzephyr.a(notify.c.obj)
                              (--whole-archive)
zephyr/libzephyr.a(printk.c.obj)
                              (--whole-archive)
zephyr/libzephyr.a(onoff.c.obj)
                              (--whole-archive)
zephyr/libzephyr.a(rb.c.obj)  (--whole-archive)
zephyr/libzephyr.a(sem.c.obj)
                              (--whole-archive)
zephyr/libzephyr.a(thread_entry.c.obj)
                              (--whole-archive)
zephyr/libzephyr.a(timeutil.c.obj)
                              (--whole-archive)
zephyr/libzephyr.a(heap.c.obj)
                              (--whole-archive)
zephyr/libzephyr.a(heap-validate.c.obj)
                              (--whole-archive)
zephyr/libzephyr.a(bitarray.c.obj)
                              (--whole-archive)
zephyr/libzephyr.a(multi_heap.c.obj)
                              (--whole-archive)
zephyr/libzephyr.a(cbprintf_complete.c.obj)
                              (--whole-archive)
zephyr/libzephyr.a(mpsc_pbuf.c.obj)
                              (--whole-archive)
zephyr/libzephyr.a(configs.c.obj)
                              (--whole-archive)
zephyr/libzephyr.a(soc.c.obj)
                              (--whole-archive)
zephyr/libzephyr.a(stm32cube_hal.c.obj)
                              (--whole-archive)
zephyr/libzephyr.a(soc_config.c.obj)
                              (--whole-archive)
zephyr/libzephyr.a(log_list.c.obj)
                              (--whole-archive)
zephyr/libzephyr.a(log_core.c.obj)
                              (--whole-archive)
zephyr/libzephyr.a(log_mgmt.c.obj)
                              (--whole-archive)
zephyr/libzephyr.a(log_msg.c.obj)
                              (--whole-archive)
zephyr/libzephyr.a(log_output.c.obj)
                              (--whole-archive)
zephyr/libzephyr.a(log_msg2.c.obj)
                              (--whole-archive)
zephyr/libzephyr.a(log_backend_uart.c.obj)
                              (--whole-archive)
zephyr/libzephyr.a(cpp_init.c.obj)
                              (--whole-archive)
zephyr/libzephyr.a(cpp_init_array.c.obj)
                              (--whole-archive)
zephyr/libzephyr.a(cpp_ctors.c.obj)
                              (--whole-archive)
zephyr/libzephyr.a(cpp_dtors.c.obj)
                              (--whole-archive)
zephyr/libzephyr.a(tracing_none.c.obj)
                              (--whole-archive)
zephyr/arch/common/libarch__common.a(sw_isr_common.c.obj)
                              (--whole-archive)
zephyr/arch/arch/arm/core/aarch32/libarch__arm__core__aarch32.a(cpu_idle.S.obj)
                              (--whole-archive)
zephyr/arch/arch/arm/core/aarch32/libarch__arm__core__aarch32.a(fatal.c.obj)
                              (--whole-archive)
zephyr/arch/arch/arm/core/aarch32/libarch__arm__core__aarch32.a(irq_manage.c.obj)
                              (--whole-archive)
zephyr/arch/arch/arm/core/aarch32/libarch__arm__core__aarch32.a(nmi.c.obj)
                              (--whole-archive)
zephyr/arch/arch/arm/core/aarch32/libarch__arm__core__aarch32.a(nmi_on_reset.S.obj)
                              (--whole-archive)
zephyr/arch/arch/arm/core/aarch32/libarch__arm__core__aarch32.a(prep_c.c.obj)
                              (--whole-archive)
zephyr/arch/arch/arm/core/aarch32/libarch__arm__core__aarch32.a(swap.c.obj)
                              (--whole-archive)
zephyr/arch/arch/arm/core/aarch32/libarch__arm__core__aarch32.a(swap_helper.S.obj)
                              (--whole-archive)
zephyr/arch/arch/arm/core/aarch32/libarch__arm__core__aarch32.a(thread.c.obj)
                              (--whole-archive)
zephyr/arch/arch/arm/core/aarch32/libarch__arm__core__aarch32.a(isr_wrapper.S.obj)
                              (--whole-archive)
zephyr/arch/arch/arm/core/aarch32/libarch__arm__core__aarch32.a(__aeabi_atexit.c.obj)
[...]
Memory Configuration

Name             Origin             Length             Attributes
FLASH            0x0000000008000000 0x0000000000080000 xr
SRAM             0x0000000020000000 0x0000000000028000 xw
IDT_LIST         0x00000000fffff7ff 0x0000000000000800 xw
*default*        0x0000000000000000 0xffffffffffffffff

Linker script and memory map

LOAD zephyr/CMakeFiles/zephyr_pre0.dir/misc/empty_file.c.obj
LOAD zephyr/CMakeFiles/offsets.dir/./arch/arm/core/offsets/offsets.c.obj
                0x0000000000000020                _region_min_align = 0x20

.rel.plt        0x0000000008000000        0x0
 *(SORT_BY_ALIGNMENT(.rel.plt))
                [!provide]                        PROVIDE (__rel_iplt_start = .)
 *(SORT_BY_ALIGNMENT(.rel.iplt))
 .rel.iplt      0x0000000008000000        0x0 app/libapp.a(dwm_rr_base_station.cc.obj)
                [!provide]                        PROVIDE (__rel_iplt_end = .)

.rela.plt       0x0000000000000000        0x0
 *(SORT_BY_ALIGNMENT(.rela.plt))
                [!provide]                        PROVIDE (__rela_iplt_start = .)
 *(SORT_BY_ALIGNMENT(.rela.iplt))
                [!provide]                        PROVIDE (__rela_iplt_end = .)

.rel.dyn
 *(SORT_BY_ALIGNMENT(.rel.*))

.rela.dyn
 *(SORT_BY_ALIGNMENT(.rela.*))

/DISCARD/
 *(SORT_BY_ALIGNMENT(.plt))
 *(SORT_BY_ALIGNMENT(.iplt))
 *(SORT_BY_ALIGNMENT(.got.plt))
 *(SORT_BY_ALIGNMENT(.igot.plt))
 *(SORT_BY_ALIGNMENT(.got))
 *(SORT_BY_ALIGNMENT(.igot))
 *(SORT_BY_ALIGNMENT(.note.GNU-stack))
                0x0000000008000000                __rom_region_start = 0x8000000

rom_start       0x0000000008000000      0x194
                0x0000000000000000                . = 0x0
                0x0000000000000000                . = ALIGN (0x4)
                0x0000000000000000                . = ALIGN (0x80)
                0x0000000000000000                . = ALIGN (0x200)
                0x0000000008000000                _vector_start = .
 *(SORT_BY_ALIGNMENT(.exc_vector_table))
 *(SORT_BY_ALIGNMENT(.exc_vector_table.*))
 .exc_vector_table._vector_table_section
                0x0000000008000000       0x40 zephyr/arch/arch/arm/core/aarch32/cortex_m/libarch__arm__core__aarch32__cortex_m.a(vector_table.S.obj)
                0x0000000008000000                _vector_table
 *(SORT_BY_ALIGNMENT(.gnu.linkonce.irq_vector_table*))
 .gnu.linkonce.irq_vector_table
                0x0000000008000040      0x154 zephyr/arch/common/libisr_tables.a(isr_tables.c.obj)
                0x0000000008000040                _irq_vector_table
 *(SORT_BY_ALIGNMENT(.vectors))
                0x0000000008000194                _vector_end = .

text            0x00000000080001a0    0x151cc
                0x00000000080001a0                __text_region_start = .
 *(SORT_BY_ALIGNMENT(.text))
 .text          0x00000000080001a0       0xa0 /opt/zephyr-sdk/arm-zephyr-eabi/arm-zephyr-eabi/lib/thumb/v7e-m/nofp/libc_nano.a(lib_a-memchr.o)
                0x00000000080001a0                memchr
 .text          0x0000000008000240      0x378 /opt/zephyr-sdk/arm-zephyr-eabi/bin/../lib/gcc/arm-zephyr-eabi/10.3.0/thumb/v7e-m/nofp/libgcc.a(_arm_addsubdf3.o)
                0x0000000008000240                __aeabi_drsub
                0x0000000008000248                __aeabi_dsub
                0x0000000008000248                __subdf3
                0x000000000800024c                __adddf3
                0x000000000800024c                __aeabi_dadd
                0x00000000080004c4                __aeabi_ui2d
                0x00000000080004c4                __floatunsidf
                0x00000000080004e4                __floatsidf
                0x00000000080004e4                __aeabi_i2d
                0x0000000008000508                __extendsfdf2
                0x0000000008000508                __aeabi_f2d
                0x000000000800054c                __aeabi_ul2d
                0x000000000800054c                __floatundidf
                0x000000000800055c                __floatdidf
                0x000000000800055c                __aeabi_l2d
 .text          0x00000000080005b8      0x424 /opt/zephyr-sdk/arm-zephyr-eabi/bin/../lib/gcc/arm-zephyr-eabi/10.3.0/thumb/v7e-m/nofp/libgcc.a(_arm_muldivdf3.o)
                0x00000000080005b8                __aeabi_dmul
                0x00000000080005b8                __muldf3
                0x000000000800080c                __aeabi_ddiv
                0x000000000800080c                __divdf3
 .text          0x00000000080009dc      0x110 /opt/zephyr-sdk/arm-zephyr-eabi/bin/../lib/gcc/arm-zephyr-eabi/10.3.0/thumb/v7e-m/nofp/libgcc.a(_arm_cmpdf2.o)
                0x00000000080009dc                __gtdf2
                0x00000000080009dc                __gedf2
                0x00000000080009e4                __ltdf2
                0x00000000080009e4                __ledf2
                0x00000000080009ec                __cmpdf2
                0x00000000080009ec                __eqdf2
                0x00000000080009ec                __nedf2
                0x0000000008000a68                __aeabi_cdrcmple
                0x0000000008000a78                __aeabi_cdcmple
                0x0000000008000a78                __aeabi_cdcmpeq
                0x0000000008000a88                __aeabi_dcmpeq
                0x0000000008000a9c                __aeabi_dcmplt
                0x0000000008000ab0                __aeabi_dcmple
                0x0000000008000ac4                __aeabi_dcmpge
                0x0000000008000ad8                __aeabi_dcmpgt
 .text          0x0000000008000aec       0x50 /opt/zephyr-sdk/arm-zephyr-eabi/bin/../lib/gcc/arm-zephyr-eabi/10.3.0/thumb/v7e-m/nofp/libgcc.a(_arm_fixdfsi.o)
                0x0000000008000aec                __fixdfsi
                0x0000000008000aec                __aeabi_d2iz
 .text          0x0000000008000b3c       0x40 /opt/zephyr-sdk/arm-zephyr-eabi/bin/../lib/gcc/arm-zephyr-eabi/10.3.0/thumb/v7e-m/nofp/libgcc.a(_arm_fixunsdfsi.o)
                0x0000000008000b3c                __fixunsdfsi
                0x0000000008000b3c                __aeabi_d2uiz
 .text          0x0000000008000b7c       0x30 /opt/zephyr-sdk/arm-zephyr-eabi/bin/../lib/gcc/arm-zephyr-eabi/10.3.0/thumb/v7e-m/nofp/libgcc.a(_aeabi_uldivmod.o)
                0x0000000008000b7c                __aeabi_uldivmod
 .text          0x0000000008000bac       0x3c /opt/zephyr-sdk/arm-zephyr-eabi/bin/../lib/gcc/arm-zephyr-eabi/10.3.0/thumb/v7e-m/nofp/libgcc.a(_fixunsdfdi.o)
                0x0000000008000bac                __aeabi_d2ulz
                0x0000000008000bac                __fixunsdfdi
 .text          0x0000000008000be8        0x4 /opt/zephyr-sdk/arm-zephyr-eabi/bin/../lib/gcc/arm-zephyr-eabi/10.3.0/thumb/v7e-m/nofp/libgcc.a(_dvmd_tls.o)
                0x0000000008000be8                __aeabi_ldiv0
                0x0000000008000be8                __aeabi_idiv0
 .text          0x0000000008000bec       0x2c /opt/zephyr-sdk/arm-zephyr-eabi/bin/../lib/gcc/arm-zephyr-eabi/10.3.0/thumb/v7e-m/nofp/libgcc.a(_arm_unorddf2.o)
                0x0000000008000bec                __aeabi_dcmpun
                0x0000000008000bec                __unorddf2
 .text          0x0000000008000c18       0x32 /opt/zephyr-sdk/arm-zephyr-eabi/bin/../lib/gcc/arm-zephyr-eabi/10.3.0/thumb/v7e-m/nofp/libgcc.a(_fixdfdi.o)
                0x0000000008000c18                __aeabi_d2lz
                0x0000000008000c18                __fixdfdi
 .text          0x0000000008000c4a      0x2a6 /opt/zephyr-sdk/arm-zephyr-eabi/bin/../lib/gcc/arm-zephyr-eabi/10.3.0/thumb/v7e-m/nofp/libgcc.a(_udivmoddi4.o)
                0x0000000008000c4a                __udivmoddi4
 .text          0x0000000008000ef0       0x14 /opt/zephyr-sdk/arm-zephyr-eabi/arm-zephyr-eabi/lib/thumb/v7e-m/nofp/libc_nano.a(lib_a-strcmp.o)
                0x0000000008000ef0                strcmp
 .text          0x0000000008000f04       0x10 /opt/zephyr-sdk/arm-zephyr-eabi/arm-zephyr-eabi/lib/thumb/v7e-m/nofp/libc_nano.a(lib_a-strlen.o)
                0x0000000008000f04                strlen
 *(SORT_BY_ALIGNMENT(.text.*))
 *fill*         0x0000000008000f14        0x4 
 .text.ws2812_pwm_init
                0x0000000008000f18       0xdc modules/rts-zephyr/drivers/led_strip/lib..__..__tmp__projects__beacon_project_rzd__lora_russia_railways__modules__rts-zephyr__drivers__led_strip.a(ws2812_pwm_stm32.c.obj)
 *fill*         0x0000000008000ff4        0x4 
 .text.calc_dist_ds_twr
                0x0000000008000ff8       0xd8 modules/rts-zephyr/subsys/dwm_rr/lib..__..__tmp__projects__beacon_project_rzd__lora_russia_railways__modules__rts-zephyr__subsys__dwm_rr.a(dwm_rr_common.cc.obj)
                0x0000000008000ff8                calc_dist_ds_twr
 .text._dtoa_r  0x00000000080010d0      0xbdc /opt/zephyr-sdk/arm-zephyr-eabi/arm-zephyr-eabi/lib/thumb/v7e-m/nofp/libc_nano.a(lib_a-dtoa.o)
                0x00000000080010d0                _dtoa_r
 .text._ZL23dwork_send_dist_handlerP6k_work
                0x0000000008001cac       0x98 app/libapp.a(dwm_rr_base_station.cc.obj)
 .text.dwm_task
                0x0000000008001d44      0x1e0 app/libapp.a(dwm_rr_base_station.cc.obj)
                0x0000000008001d44                dwm_task
 .text._ZL11system_initv
                0x0000000008001f24       0x6c app/libapp.a(lora_rr_base_station.cc.obj)
 .text._ZL18dwork_sync_handlerP6k_work
                0x0000000008001f90       0xac app/libapp.a(lora_rr_base_station.cc.obj)
 .text.request_analysis
                0x000000000800203c      0x444 app/libapp.a(lora_rr_base_station.cc.obj)
                0x000000000800203c                request_analysis
 .text.response_analysis
                0x0000000008002480      0x308 app/libapp.a(lora_rr_base_station.cc.obj)
                0x0000000008002480                response_analysis
 .text.proc_fun
                0x0000000008002788      0x1f4 app/libapp.a(lora_rr_base_station.cc.obj)
                0x0000000008002788                proc_fun
 .text.app_task
                0x000000000800297c      0x348 app/libapp.a(lora_rr_base_station.cc.obj)
                0x000000000800297c                app_task
 .text.cbvprintf_package
                0x0000000008002cc4      0x470 zephyr/libzephyr.a(cbprintf_packaged.c.obj)
                0x0000000008002cc4                cbvprintf_package
 .text.char_out
                0x0000000008003134       0x14 zephyr/libzephyr.a(printk.c.obj)
 .text.__printk_hook_install
                0x0000000008003148        0xc zephyr/libzephyr.a(printk.c.obj)
                0x0000000008003148                __printk_hook_install
 .text.vprintk  0x0000000008003154       0x20 zephyr/libzephyr.a(printk.c.obj)
                0x0000000008003154                vprintk
 .text.vsnprintk
                0x0000000008003174       0x2c zephyr/libzephyr.a(printk.c.obj)
                0x0000000008003174                vsnprintk
 .text.extract_decimal
                0x00000000080031a0       0x2c zephyr/libzephyr.a(cbprintf_complete.c.obj)
 .text.extract_conversion
                0x00000000080031cc      0x314 zephyr/libzephyr.a(cbprintf_complete.c.obj)
 .text.encode_uint
                0x00000000080034e0       0xe0 zephyr/libzephyr.a(cbprintf_complete.c.obj)
 .text.cbvprintf
                0x00000000080035c0      0x5d0 zephyr/libzephyr.a(cbprintf_complete.c.obj)
                0x00000000080035c0                cbvprintf
 .text.stm32l4_init
                0x0000000008003b90       0x2c zephyr/libzephyr.a(soc.c.obj)
 .text.thread_set
                0x0000000008003bbc       0x28 zephyr/libzephyr.a(log_core.c.obj)
 .text.log_process_thread_timer_expiry_fn
                0x0000000008003be4       0x10 zephyr/libzephyr.a(log_core.c.obj)
 .text.enable_logger
                0x0000000008003bf4       0x5c zephyr/libzephyr.a(log_core.c.obj)
 .text.log_init
                0x0000000008003c50       0x70 zephyr/libzephyr.a(log_core.c.obj)
                0x0000000008003c50                log_init
 .text.log_set_timestamp_func
                0x0000000008003cc0       0x1c zephyr/libzephyr.a(log_core.c.obj)
                0x0000000008003cc0                log_set_timestamp_func
 .text.z_log_notify_backend_enabled
                0x0000000008003cdc       0x20 zephyr/libzephyr.a(log_core.c.obj)
                0x0000000008003cdc                z_log_notify_backend_enabled
 .text.z_log_dropped
                0x0000000008003cfc       0x40 zephyr/libzephyr.a(log_core.c.obj)
                0x0000000008003cfc                z_log_dropped
 .text.z_log_dropped_read_and_clear
                0x0000000008003d3c       0x20 zephyr/libzephyr.a(log_core.c.obj)
                0x0000000008003d3c                z_log_dropped_read_and_clear
 .text.dropped_notify
                0x0000000008003d5c       0x44 zephyr/libzephyr.a(log_core.c.obj)
                0x0000000008003d5c                dropped_notify
 .text.z_log_dropped_pending
                0x0000000008003da0       0x14 zephyr/libzephyr.a(log_core.c.obj)
                0x0000000008003da0                z_log_dropped_pending
 .text.z_log_msg2_init
                0x0000000008003db4       0x14 zephyr/libzephyr.a(log_core.c.obj)
                0x0000000008003db4                z_log_msg2_init
 .text.log_core_init
                0x0000000008003dc8       0x28 zephyr/libzephyr.a(log_core.c.obj)
                0x0000000008003dc8                log_core_init
 .text.z_log_msg2_alloc
                0x0000000008003df0       0x14 zephyr/libzephyr.a(log_core.c.obj)
                0x0000000008003df0                z_log_msg2_alloc
 .text.z_log_msg2_claim
                0x0000000008003e04       0x10 zephyr/libzephyr.a(log_core.c.obj)
                0x0000000008003e04                z_log_msg2_claim
 .text.z_log_msg2_free
                0x0000000008003e14       0x10 zephyr/libzephyr.a(log_core.c.obj)
                0x0000000008003e14                z_log_msg2_free
 .text.msg_process
                0x0000000008003e24       0x54 zephyr/libzephyr.a(log_core.c.obj)
 .text.z_log_msg2_pending
                0x0000000008003e78       0x10 zephyr/libzephyr.a(log_core.c.obj)
                0x0000000008003e78                z_log_msg2_pending
 .text.z_impl_log_process
                0x0000000008003e88       0x54 zephyr/libzephyr.a(log_core.c.obj)
                0x0000000008003e88                z_impl_log_process
 .text.z_log_msg_post_finalize
                0x0000000008003edc       0x90 zephyr/libzephyr.a(log_core.c.obj)
 .text.z_log_msg2_commit
                0x0000000008003f6c       0x24 zephyr/libzephyr.a(log_core.c.obj)
                0x0000000008003f6c                z_log_msg2_commit
 .text.z_impl_log_panic
                0x0000000008003f90       0x58 zephyr/libzephyr.a(log_core.c.obj)
                0x0000000008003f90                z_impl_log_panic
 .text.log_process_thread_func
                0x0000000008003fe8       0x2c zephyr/libzephyr.a(log_core.c.obj)
 .text.log_source_name_get
                0x0000000008004014       0x20 zephyr/libzephyr.a(log_mgmt.c.obj)
                0x0000000008004014                log_source_name_get
 .text.log_backend_enable
                0x0000000008004034       0x24 zephyr/libzephyr.a(log_mgmt.c.obj)
                0x0000000008004034                log_backend_enable
 .text.print_formatted
                0x0000000008004058       0x24 zephyr/libzephyr.a(log_output.c.obj)
 .text.timestamp_print
                0x000000000800407c       0x8c zephyr/libzephyr.a(log_output.c.obj)
 .text.color_print
                0x0000000008004108       0x2c zephyr/libzephyr.a(log_output.c.obj)
 .text.newline_print
                0x0000000008004134       0x28 zephyr/libzephyr.a(log_output.c.obj)
 .text.hexdump_line_print
                0x000000000800415c       0xc4 zephyr/libzephyr.a(log_output.c.obj)
 .text.ids_print
                0x0000000008004220       0x6c zephyr/libzephyr.a(log_output.c.obj)
 .text.prefix_print
                0x000000000800428c       0x78 zephyr/libzephyr.a(log_output.c.obj)
 .text.log_output_msg2_process
                0x0000000008004304       0xb8 zephyr/libzephyr.a(log_output.c.obj)
                0x0000000008004304                log_output_msg2_process
 .text.log_output_dropped_process
                0x00000000080043bc       0x58 zephyr/libzephyr.a(log_output.c.obj)
                0x00000000080043bc                log_output_dropped_process
 .text.log_output_timestamp_freq_set
                0x0000000008004414       0x2c zephyr/libzephyr.a(log_output.c.obj)
                0x0000000008004414                log_output_timestamp_freq_set
 .text.char_out
                0x0000000008004440       0x24 zephyr/libzephyr.a(log_backend_uart.c.obj)
 .text.log_backend_uart_init
                0x0000000008004464       0x10 zephyr/libzephyr.a(log_backend_uart.c.obj)
 .text.panic    0x0000000008004474       0x18 zephyr/libzephyr.a(log_backend_uart.c.obj)
 .text.dropped  0x000000000800448c       0x10 zephyr/libzephyr.a(log_backend_uart.c.obj)
 .text.process  0x000000000800449c       0x10 zephyr/libzephyr.a(log_backend_uart.c.obj)
 .text.__do_init_array_aux
                0x00000000080044ac       0x1c zephyr/libzephyr.a(cpp_init_array.c.obj)
                0x00000000080044ac                __do_init_array_aux
 .text.__do_global_ctors_aux
                0x00000000080044c8       0x20 zephyr/libzephyr.a(cpp_ctors.c.obj)
                0x00000000080044c8                __do_global_ctors_aux
 .text.z_arm_cpu_idle_init
                0x00000000080044e8        0xc zephyr/arch/arch/arm/core/aarch32/libarch__arm__core__aarch32.a(cpu_idle.S.obj)
                0x00000000080044e8                z_arm_cpu_idle_init
 .text.arch_cpu_idle
                0x00000000080044f4       0x1c zephyr/arch/arch/arm/core/aarch32/libarch__arm__core__aarch32.a(cpu_idle.S.obj)
                0x00000000080044f4                arch_cpu_idle
 .text.esf_dump
                0x0000000008004510      0x1dc zephyr/arch/arch/arm/core/aarch32/libarch__arm__core__aarch32.a(fatal.c.obj)
 .text.arch_irq_enable
                0x00000000080046ec       0x1c zephyr/arch/arch/arm/core/aarch32/libarch__arm__core__aarch32.a(irq_manage.c.obj)
                0x00000000080046ec                arch_irq_enable
 .text.arch_irq_disable
                0x0000000008004708       0x28 zephyr/arch/arch/arm/core/aarch32/libarch__arm__core__aarch32.a(irq_manage.c.obj)
                0x0000000008004708                arch_irq_disable
 .text.arch_irq_is_enabled
                0x0000000008004730       0x1c zephyr/arch/arch/arm/core/aarch32/libarch__arm__core__aarch32.a(irq_manage.c.obj)
                0x0000000008004730                arch_irq_is_enabled
 .text.z_arm_irq_priority_set
                0x000000000800474c       0x2c zephyr/arch/arch/arm/core/aarch32/libarch__arm__core__aarch32.a(irq_manage.c.obj)
                0x000000000800474c                z_arm_irq_priority_set
 .text.z_SysNmiOnReset
                0x0000000008004778        0x8 zephyr/arch/arch/arm/core/aarch32/libarch__arm__core__aarch32.a(nmi_on_reset.S.obj)
                0x0000000008004778                z_SysNmiOnReset
 .text.z_arm_prep_c
                0x0000000008004780       0x48 zephyr/arch/arch/arm/core/aarch32/libarch__arm__core__aarch32.a(prep_c.c.obj)
                0x0000000008004780                z_arm_prep_c
 .text.arch_swap
                0x00000000080047c8       0x34 zephyr/arch/arch/arm/core/aarch32/libarch__arm__core__aarch32.a(swap.c.obj)
                0x00000000080047c8                arch_swap
 .text.z_arm_pendsv
                0x00000000080047fc       0x54 zephyr/arch/arch/arm/core/aarch32/libarch__arm__core__aarch32.a(swap_helper.S.obj)
                0x00000000080047fc                z_arm_pendsv
 .text.z_arm_svc
                0x0000000008004850       0x20 zephyr/arch/arch/arm/core/aarch32/libarch__arm__core__aarch32.a(swap_helper.S.obj)
                0x0000000008004850                z_arm_svc
 .text.arch_new_thread
                0x0000000008004870       0x40 zephyr/arch/arch/arm/core/aarch32/libarch__arm__core__aarch32.a(thread.c.obj)
                0x0000000008004870                arch_new_thread
 .text.z_check_thread_stack_fail
                0x00000000080048b0       0x4c zephyr/arch/arch/arm/core/aarch32/libarch__arm__core__aarch32.a(thread.c.obj)
                0x00000000080048b0                z_check_thread_stack_fail
 .text.arch_switch_to_main_thread
                0x00000000080048fc       0x2c zephyr/arch/arch/arm/core/aarch32/libarch__arm__core__aarch32.a(thread.c.obj)
                0x00000000080048fc                arch_switch_to_main_thread
 .text._isr_wrapper
                0x0000000008004928       0x28 zephyr/arch/arch/arm/core/aarch32/libarch__arm__core__aarch32.a(isr_wrapper.S.obj)
                0x0000000008004928                _isr_wrapper
 .text._HandlerModeExit
                0x0000000008004950       0x1c zephyr/arch/arch/arm/core/aarch32/cortex_m/libarch__arm__core__aarch32__cortex_m.a(exc_exit.S.obj)
                0x0000000008004950                z_arm_exc_exit
                0x0000000008004950                z_arm_int_exit
 .text.reserved_exception
                0x000000000800496c       0x3c zephyr/arch/arch/arm/core/aarch32/cortex_m/libarch__arm__core__aarch32__cortex_m.a(fault.c.obj)
 .text.bus_fault
                0x00000000080049a8      0x2dc zephyr/arch/arch/arm/core/aarch32/cortex_m/libarch__arm__core__aarch32__cortex_m.a(fault.c.obj)
 .text.usage_fault
                0x0000000008004c84      0x268 zephyr/arch/arch/arm/core/aarch32/cortex_m/libarch__arm__core__aarch32__cortex_m.a(fault.c.obj)
 .text.debug_monitor
                0x0000000008004eec       0x58 zephyr/arch/arch/arm/core/aarch32/cortex_m/libarch__arm__core__aarch32__cortex_m.a(fault.c.obj)
 .text.mem_manage_fault
                0x0000000008004f44      0x2c4 zephyr/arch/arch/arm/core/aarch32/cortex_m/libarch__arm__core__aarch32__cortex_m.a(fault.c.obj)
 .text.hard_fault
                0x0000000008005208      0x1f8 zephyr/arch/arch/arm/core/aarch32/cortex_m/libarch__arm__core__aarch32__cortex_m.a(fault.c.obj)
 .text.z_arm_fault
                0x0000000008005400       0xf4 zephyr/arch/arch/arm/core/aarch32/cortex_m/libarch__arm__core__aarch32__cortex_m.a(fault.c.obj)
                0x0000000008005400                z_arm_fault
 .text.z_arm_fault_init
                0x00000000080054f4       0x10 zephyr/arch/arch/arm/core/aarch32/cortex_m/libarch__arm__core__aarch32__cortex_m.a(fault.c.obj)
                0x00000000080054f4                z_arm_fault_init
 .text.__fault  0x0000000008005504       0x14 zephyr/arch/arch/arm/core/aarch32/cortex_m/libarch__arm__core__aarch32__cortex_m.a(fault_s.S.obj)
                0x0000000008005504                z_arm_bus_fault
                0x0000000008005504                z_arm_usage_fault
                0x0000000008005504                z_arm_mpu_fault
                0x0000000008005504                z_arm_exc_spurious
                0x0000000008005504                z_arm_debug_monitor
                0x0000000008005504                z_arm_hard_fault
 .text.z_arm_interrupt_init
                0x0000000008005518       0x34 zephyr/arch/arch/arm/core/aarch32/cortex_m/libarch__arm__core__aarch32__cortex_m.a(irq_init.c.obj)
                0x0000000008005518                z_arm_interrupt_init
 .text._reset_section
                0x000000000800554c       0x2c zephyr/arch/arch/arm/core/aarch32/cortex_m/libarch__arm__core__aarch32__cortex_m.a(reset.S.obj)
                0x000000000800554c                z_arm_reset
                0x000000000800554c                __start
 .text.z_impl_k_thread_abort
                0x0000000008005578       0x2c zephyr/arch/arch/arm/core/aarch32/cortex_m/libarch__arm__core__aarch32__cortex_m.a(thread_abort.c.obj)
                0x0000000008005578                z_impl_k_thread_abort
 .text.z_arm_configure_static_mpu_regions
                0x00000000080055a4       0x1c zephyr/arch/arch/arm/core/aarch32/mpu/libarch__arm__core__aarch32__mpu.a(arm_core_mpu.c.obj)
                0x00000000080055a4                z_arm_configure_static_mpu_regions
 .text.z_arm_configure_dynamic_mpu_regions
                0x00000000080055c0       0x24 zephyr/arch/arch/arm/core/aarch32/mpu/libarch__arm__core__aarch32__mpu.a(arm_core_mpu.c.obj)
                0x00000000080055c0                z_arm_configure_dynamic_mpu_regions
 .text.region_init
                0x00000000080055e4       0x28 zephyr/arch/arch/arm/core/aarch32/mpu/libarch__arm__core__aarch32__mpu.a(arm_mpu.c.obj)
 .text.region_allocate_and_init
                0x000000000800560c       0x68 zephyr/arch/arch/arm/core/aarch32/mpu/libarch__arm__core__aarch32__mpu.a(arm_mpu.c.obj)
 .text.mpu_configure_regions
                0x0000000008005674       0xa4 zephyr/arch/arch/arm/core/aarch32/mpu/libarch__arm__core__aarch32__mpu.a(arm_mpu.c.obj)
 .text.mpu_configure_static_mpu_regions
                0x0000000008005718       0x14 zephyr/arch/arch/arm/core/aarch32/mpu/libarch__arm__core__aarch32__mpu.a(arm_mpu.c.obj)
 .text.mpu_configure_dynamic_mpu_regions
                0x000000000800572c       0x34 zephyr/arch/arch/arm/core/aarch32/mpu/libarch__arm__core__aarch32__mpu.a(arm_mpu.c.obj)
 .text.arm_core_mpu_enable
                0x0000000008005760       0x18 zephyr/arch/arch/arm/core/aarch32/mpu/libarch__arm__core__aarch32__mpu.a(arm_mpu.c.obj)
                0x0000000008005760                arm_core_mpu_enable
 .text.arm_core_mpu_disable
                0x0000000008005778       0x14 zephyr/arch/arch/arm/core/aarch32/mpu/libarch__arm__core__aarch32__mpu.a(arm_mpu.c.obj)
                0x0000000008005778                arm_core_mpu_disable
 .text.z_arm_mpu_init
                0x000000000800578c       0x44 zephyr/arch/arch/arm/core/aarch32/mpu/libarch__arm__core__aarch32__mpu.a(arm_mpu.c.obj)
                0x000000000800578c                z_arm_mpu_init
 .text.__stdout_hook_install
                0x00000000080057d0        0xc zephyr/lib/libc/newlib/liblib__libc__newlib.a(libc-hooks.c.obj)
                0x00000000080057d0                __stdout_hook_install
 .text.z_impl_zephyr_read_stdin
                0x00000000080057dc       0x2c zephyr/lib/libc/newlib/liblib__libc__newlib.a(libc-hooks.c.obj)
                0x00000000080057dc                z_impl_zephyr_read_stdin
 .text.z_impl_zephyr_write_stdout
                0x0000000008005808       0x34 zephyr/lib/libc/newlib/liblib__libc__newlib.a(libc-hooks.c.obj)
                0x0000000008005808                z_impl_zephyr_write_stdout
 .text._exit    0x000000000800583c       0x14 zephyr/lib/libc/newlib/liblib__libc__newlib.a(libc-hooks.c.obj)
                0x000000000800583c                _exit
 .text._sbrk    0x0000000008005850       0x2c zephyr/lib/libc/newlib/liblib__libc__newlib.a(libc-hooks.c.obj)
                0x0000000008005850                _sbrk
                0x0000000008005850                sbrk
 .text.__stm32_exti_isr
                0x000000000800587c       0x4c zephyr/drivers/interrupt_controller/libdrivers__interrupt_controller.a(intc_exti_stm32.c.obj)
 .text.stm32_exti_enable
                0x00000000080058c8       0x20 zephyr/drivers/interrupt_controller/libdrivers__interrupt_controller.a(intc_exti_stm32.c.obj)
                0x00000000080058c8                stm32_exti_enable
 .text.stm32_exti_disable
                0x00000000080058e8       0x18 zephyr/drivers/interrupt_controller/libdrivers__interrupt_controller.a(intc_exti_stm32.c.obj)
                0x00000000080058e8                stm32_exti_disable
 .text.stm32_exti_trigger
                0x0000000008005900       0x70 zephyr/drivers/interrupt_controller/libdrivers__interrupt_controller.a(intc_exti_stm32.c.obj)
                0x0000000008005900                stm32_exti_trigger
 .text.stm32_exti_set_callback
                0x0000000008005970       0x24 zephyr/drivers/interrupt_controller/libdrivers__interrupt_controller.a(intc_exti_stm32.c.obj)
                0x0000000008005970                stm32_exti_set_callback
 .text.stm32_exti_unset_callback
                0x0000000008005994       0x14 zephyr/drivers/interrupt_controller/libdrivers__interrupt_controller.a(intc_exti_stm32.c.obj)
                0x0000000008005994                stm32_exti_unset_callback
 .text.stm32_clock_control_on
                0x00000000080059a8       0xa4 zephyr/drivers/clock_control/libdrivers__clock_control.a(clock_stm32_ll_common.c.obj)
 .text.stm32_clock_control_off
                0x0000000008005a4c       0x7c zephyr/drivers/clock_control/libdrivers__clock_control.a(clock_stm32_ll_common.c.obj)
 .text.stm32_clock_control_get_subsys_rate
                0x0000000008005ac8       0x40 zephyr/drivers/clock_control/libdrivers__clock_control.a(clock_stm32_ll_common.c.obj)
 .text.stm32_clock_switch_to_hsi
                0x0000000008005b08       0x48 zephyr/drivers/clock_control/libdrivers__clock_control.a(clock_stm32_ll_common.c.obj)
 .text.stm32_clock_control_init
                0x0000000008005b50       0x54 zephyr/drivers/clock_control/libdrivers__clock_control.a(clock_stm32_ll_common.c.obj)
                0x0000000008005b50                stm32_clock_control_init
 .text.config_enable_default_clocks
                0x0000000008005ba4       0x20 zephyr/drivers/clock_control/libdrivers__clock_control.a(clock_stm32l4_l5_wb_wl.c.obj)
                0x0000000008005ba4                config_enable_default_clocks
 .text.console_out
                0x0000000008005bc4       0x2c zephyr/drivers/console/libdrivers__console.a(uart_console.c.obj)
 .text.uart_console_hook_install
                0x0000000008005bf0       0x18 zephyr/drivers/console/libdrivers__console.a(uart_console.c.obj)
 .text.uart_console_init
                0x0000000008005c08       0x24 zephyr/drivers/console/libdrivers__console.a(uart_console.c.obj)
 .text.dma_stm32_get_priority
                0x0000000008005c2c       0x8c zephyr/drivers/dma/libdrivers__dma.a(dma_stm32.c.obj)
 .text.dma_stm32_get_direction
                0x0000000008005cb8       0x7c zephyr/drivers/dma/libdrivers__dma.a(dma_stm32.c.obj)
 .text.dma_stm32_get_memory_increment
                0x0000000008005d34       0x78 zephyr/drivers/dma/libdrivers__dma.a(dma_stm32.c.obj)
 .text.dma_stm32_get_periph_increment
                0x0000000008005dac       0x78 zephyr/drivers/dma/libdrivers__dma.a(dma_stm32.c.obj)
 .text.dma_stm32_irq_handler
                0x0000000008005e24      0x13c zephyr/drivers/dma/libdrivers__dma.a(dma_stm32.c.obj)
 .text.dma_stm32_get_status
                0x0000000008005f60       0x4c zephyr/drivers/dma/libdrivers__dma.a(dma_stm32.c.obj)
 .text.dma_stm32_stop
                0x0000000008005fac       0x50 zephyr/drivers/dma/libdrivers__dma.a(dma_stm32.c.obj)
 .text.dma_stm32_reload
                0x0000000008005ffc       0xec zephyr/drivers/dma/libdrivers__dma.a(dma_stm32.c.obj)
 .text.dma_stm32_configure
                0x00000000080060e8      0x578 zephyr/drivers/dma/libdrivers__dma.a(dma_stm32.c.obj)
 .text.dma_stm32_init
                0x0000000008006660       0xb0 zephyr/drivers/dma/libdrivers__dma.a(dma_stm32.c.obj)
 .text.dma_stm32_id_to_stream
                0x0000000008006710        0xc zephyr/drivers/dma/libdrivers__dma.a(dma_stm32_v2.c.obj)
                0x0000000008006710                dma_stm32_id_to_stream
 .text.dma_stm32_clear_ht
                0x000000000800671c       0x10 zephyr/drivers/dma/libdrivers__dma.a(dma_stm32_v2.c.obj)
                0x000000000800671c                dma_stm32_clear_ht
 .text.dma_stm32_clear_tc
                0x000000000800672c       0x10 zephyr/drivers/dma/libdrivers__dma.a(dma_stm32_v2.c.obj)
                0x000000000800672c                dma_stm32_clear_tc
 .text.dma_stm32_is_ht_active
                0x000000000800673c       0x18 zephyr/drivers/dma/libdrivers__dma.a(dma_stm32_v2.c.obj)
                0x000000000800673c                dma_stm32_is_ht_active
 .text.dma_stm32_is_tc_active
                0x0000000008006754       0x18 zephyr/drivers/dma/libdrivers__dma.a(dma_stm32_v2.c.obj)
                0x0000000008006754                dma_stm32_is_tc_active
 .text.dma_stm32_clear_te
                0x000000000800676c       0x10 zephyr/drivers/dma/libdrivers__dma.a(dma_stm32_v2.c.obj)
                0x000000000800676c                dma_stm32_clear_te
 .text.dma_stm32_is_te_active
                0x000000000800677c       0x18 zephyr/drivers/dma/libdrivers__dma.a(dma_stm32_v2.c.obj)
                0x000000000800677c                dma_stm32_is_te_active
 .text.dma_stm32_is_gi_active
                0x0000000008006794       0x18 zephyr/drivers/dma/libdrivers__dma.a(dma_stm32_v2.c.obj)
                0x0000000008006794                dma_stm32_is_gi_active
 .text.stm32_dma_dump_stream_irq
                0x00000000080067ac      0x12c zephyr/drivers/dma/libdrivers__dma.a(dma_stm32_v2.c.obj)
                0x00000000080067ac                stm32_dma_dump_stream_irq
 .text.stm32_dma_is_tc_irq_active
                0x00000000080068d8       0x34 zephyr/drivers/dma/libdrivers__dma.a(dma_stm32_v2.c.obj)
                0x00000000080068d8                stm32_dma_is_tc_irq_active
 .text.stm32_dma_is_ht_irq_active
                0x000000000800690c       0x34 zephyr/drivers/dma/libdrivers__dma.a(dma_stm32_v2.c.obj)
                0x000000000800690c                stm32_dma_is_ht_irq_active
 .text.stm32_dma_enable_stream
                0x0000000008006940       0x1c zephyr/drivers/dma/libdrivers__dma.a(dma_stm32_v2.c.obj)
                0x0000000008006940                stm32_dma_enable_stream
 .text.stm32_dma_disable_stream
                0x000000000800695c       0x2c zephyr/drivers/dma/libdrivers__dma.a(dma_stm32_v2.c.obj)
                0x000000000800695c                stm32_dma_disable_stream
 .text.gpio_stm32_set_exti_source
                0x0000000008006988       0x5c zephyr/drivers/gpio/libdrivers__gpio.a(gpio_stm32.c.obj)
 .text.gpio_stm32_get_exti_source
                0x00000000080069e4       0x4c zephyr/drivers/gpio/libdrivers__gpio.a(gpio_stm32.c.obj)
 .text.gpio_stm32_clock_request
                0x0000000008006a30       0x44 zephyr/drivers/gpio/libdrivers__gpio.a(gpio_stm32.c.obj)
 .text.gpio_stm32_enable_int
                0x0000000008006a74       0x48 zephyr/drivers/gpio/libdrivers__gpio.a(gpio_stm32.c.obj)
 .text.gpio_stm32_pin_interrupt_configure
                0x0000000008006abc       0x94 zephyr/drivers/gpio/libdrivers__gpio.a(gpio_stm32.c.obj)
 .text.pwm_stm32_pin_set
                0x0000000008006b50      0x298 zephyr/drivers/pwm/libdrivers__pwm.a(pwm_stm32.c.obj)
 .text.get_tim_clk
                0x0000000008006de8       0x40 zephyr/drivers/pwm/libdrivers__pwm.a(pwm_stm32.c.obj)
 .text.pwm_stm32_init
                0x0000000008006e28      0x1ec zephyr/drivers/pwm/libdrivers__pwm.a(pwm_stm32.c.obj)
 .text.spi_stm32_get_err
                0x0000000008007014       0x54 zephyr/drivers/spi/libdrivers__spi.a(spi_ll_stm32.c.obj)
 .text.dma_callback
                0x0000000008007068       0xe4 zephyr/drivers/spi/libdrivers__spi.a(spi_ll_stm32.c.obj)
 .text.spi_stm32_configure
                0x000000000800714c      0x288 zephyr/drivers/spi/libdrivers__spi.a(spi_ll_stm32.c.obj)
 .text.spi_stm32_dma_rx_load
                0x00000000080073d4       0xd0 zephyr/drivers/spi/libdrivers__spi.a(spi_ll_stm32.c.obj)
 .text.spi_stm32_dma_tx_load
                0x00000000080074a4       0xd8 zephyr/drivers/spi/libdrivers__spi.a(spi_ll_stm32.c.obj)
 .text.spi_stm32_init
                0x000000000800757c      0x23c zephyr/drivers/spi/libdrivers__spi.a(spi_ll_stm32.c.obj)
 .text.transceive_dma
                0x00000000080077b8      0x320 zephyr/drivers/spi/libdrivers__spi.a(spi_ll_stm32.c.obj)
 .text.timer_callback
                0x0000000008007ad8       0x10 zephyr/drivers/lora/libloramac-node.a(hal_common.c.obj)
 .text.RtcGetTimerElapsedTime
                0x0000000008007ae8       0x1c zephyr/drivers/lora/libloramac-node.a(hal_common.c.obj)
                0x0000000008007ae8                RtcGetTimerElapsedTime
 .text.RtcStopAlarm
                0x0000000008007b04       0x10 zephyr/drivers/lora/libloramac-node.a(hal_common.c.obj)
                0x0000000008007b04                RtcStopAlarm
 .text.RtcSetAlarm
                0x0000000008007b14       0x2c zephyr/drivers/lora/libloramac-node.a(hal_common.c.obj)
                0x0000000008007b14                RtcSetAlarm
 .text.RtcSetTimerContext
                0x0000000008007b40       0x18 zephyr/drivers/lora/libloramac-node.a(hal_common.c.obj)
                0x0000000008007b40                RtcSetTimerContext
 .text.RtcGetTimerContext
                0x0000000008007b58        0xc zephyr/drivers/lora/libloramac-node.a(hal_common.c.obj)
                0x0000000008007b58                RtcGetTimerContext
 .text.modem_release
                0x0000000008007b64       0x50 zephyr/drivers/lora/libloramac-node.a(sx12xx_common.c.obj)
 .text.sx12xx_ev_tx_timed_out
                0x0000000008007bb4       0x20 zephyr/drivers/lora/libloramac-node.a(sx12xx_common.c.obj)
 .text.sx12xx_ev_rx_error_timeout
                0x0000000008007bd4       0x80 zephyr/drivers/lora/libloramac-node.a(sx12xx_common.c.obj)
 .text.sx12xx_ev_tx_done
                0x0000000008007c54       0x1c zephyr/drivers/lora/libloramac-node.a(sx12xx_common.c.obj)
 .text.sx12xx_ev_rx_done
                0x0000000008007c70       0xa8 zephyr/drivers/lora/libloramac-node.a(sx12xx_common.c.obj)
 .text.__sx12xx_configure_pin
                0x0000000008007d18       0xa4 zephyr/drivers/lora/libloramac-node.a(sx12xx_common.c.obj)
                0x0000000008007d18                __sx12xx_configure_pin
 .text.sx12xx_lora_send_async
                0x0000000008007dbc       0x4c zephyr/drivers/lora/libloramac-node.a(sx12xx_common.c.obj)
                0x0000000008007dbc                sx12xx_lora_send_async
 .text.sx12xx_lora_send
                0x0000000008007e08      0x1b4 zephyr/drivers/lora/libloramac-node.a(sx12xx_common.c.obj)
                0x0000000008007e08                sx12xx_lora_send
 .text.sx12xx_lora_recv
                0x0000000008007fbc      0x10c zephyr/drivers/lora/libloramac-node.a(sx12xx_common.c.obj)
                0x0000000008007fbc                sx12xx_lora_recv
 .text.sx12xx_lora_recv_async
                0x00000000080080c8       0xc4 zephyr/drivers/lora/libloramac-node.a(sx12xx_common.c.obj)
                0x00000000080080c8                sx12xx_lora_recv_async
 .text.sx12xx_lora_config
                0x000000000800818c       0xc4 zephyr/drivers/lora/libloramac-node.a(sx12xx_common.c.obj)
                0x000000000800818c                sx12xx_lora_config
 .text.sx12xx_lora_test_cw
                0x0000000008008250      0x114 zephyr/drivers/lora/libloramac-node.a(sx12xx_common.c.obj)
                0x0000000008008250                sx12xx_lora_test_cw
 .text.sx12xx_lora_time_on_air
                0x0000000008008364       0x30 zephyr/drivers/lora/libloramac-node.a(sx12xx_common.c.obj)
                0x0000000008008364                sx12xx_lora_time_on_air
 .text.sx12xx_lora_is_channel_free
                0x0000000008008394       0x6c zephyr/drivers/lora/libloramac-node.a(sx12xx_common.c.obj)
                0x0000000008008394                sx12xx_lora_is_channel_free
 .text.sx12xx_init
                0x0000000008008400       0x54 zephyr/drivers/lora/libloramac-node.a(sx12xx_common.c.obj)
                0x0000000008008400                sx12xx_init
 .text.sx127x_dio_work_handle
                0x0000000008008454       0x1c zephyr/drivers/lora/libloramac-node.a(sx127x.c.obj)
 .text.sx127x_transceive
                0x0000000008008470       0x54 zephyr/drivers/lora/libloramac-node.a(sx127x.c.obj)
 .text.sx127x_irq_callback
                0x00000000080084c4       0x50 zephyr/drivers/lora/libloramac-node.a(sx127x.c.obj)
 .text.SX1276Reset
                0x0000000008008514       0x68 zephyr/drivers/lora/libloramac-node.a(sx127x.c.obj)
                0x0000000008008514                SX1276Reset
 .text.SX1276IoIrqInit
                0x000000000800857c      0x194 zephyr/drivers/lora/libloramac-node.a(sx127x.c.obj)
                0x000000000800857c                SX1276IoIrqInit
 .text.SX1276ReadBuffer
                0x0000000008008710       0x64 zephyr/drivers/lora/libloramac-node.a(sx127x.c.obj)
                0x0000000008008710                SX1276ReadBuffer
 .text.sx127x_lora_init
                0x0000000008008774      0x23c zephyr/drivers/lora/libloramac-node.a(sx127x.c.obj)
 .text.SX1276WriteBuffer
                0x00000000080089b0       0x64 zephyr/drivers/lora/libloramac-node.a(sx127x.c.obj)
                0x00000000080089b0                SX1276WriteBuffer
 .text.SX1276SetRfTxPower
                0x0000000008008a14      0x178 zephyr/drivers/lora/libloramac-node.a(sx127x.c.obj)
                0x0000000008008a14                SX1276SetRfTxPower
 .text.SX1276GetDio1PinState
                0x0000000008008b8c       0x38 zephyr/drivers/lora/libloramac-node.a(sx127x.c.obj)
                0x0000000008008b8c                SX1276GetDio1PinState
 .text.TimerInsertTimer
                0x0000000008008bc4       0x2c zephyr/drivers/lora/libloramac-node.a(timer.c.obj)
 .text.TimerExists
                0x0000000008008bf0       0x1c zephyr/drivers/lora/libloramac-node.a(timer.c.obj)
 .text.TimerInsertNewHeadTimer
                0x0000000008008c0c       0x1c zephyr/drivers/lora/libloramac-node.a(timer.c.obj)
 .text.TimerStart
                0x0000000008008c28       0x6c zephyr/drivers/lora/libloramac-node.a(timer.c.obj)
                0x0000000008008c28                TimerStart
 .text.TimerIrqHandler
                0x0000000008008c94       0x88 zephyr/drivers/lora/libloramac-node.a(timer.c.obj)
                0x0000000008008c94                TimerIrqHandler
 .text.TimerStop
                0x0000000008008d1c       0x80 zephyr/drivers/lora/libloramac-node.a(timer.c.obj)
                0x0000000008008d1c                TimerStop
 .text.SX1276ConvertFreqInHzToPllStep
                0x0000000008008d9c       0x28 zephyr/drivers/lora/libloramac-node.a(sx1276.c.obj)
 .text.GetFskBandwidthRegValue
                0x0000000008008dc4       0x50 zephyr/drivers/lora/libloramac-node.a(sx1276.c.obj)
 .text.SX1276GetLoRaBandwidthInHz
                0x0000000008008e14       0x28 zephyr/drivers/lora/libloramac-node.a(sx1276.c.obj)
 .text.SX1276OnDio4Irq
                0x0000000008008e3c       0x20 zephyr/drivers/lora/libloramac-node.a(sx1276.c.obj)
 .text.SX1276GetStatus
                0x0000000008008e5c        0xc zephyr/drivers/lora/libloramac-node.a(sx1276.c.obj)
                0x0000000008008e5c                SX1276GetStatus
 .text.SX1276SetChannel
                0x0000000008008e68       0x34 zephyr/drivers/lora/libloramac-node.a(sx1276.c.obj)
                0x0000000008008e68                SX1276SetChannel
 .text.SX1276OnDio3Irq
                0x0000000008008e9c       0x5c zephyr/drivers/lora/libloramac-node.a(sx1276.c.obj)
 .text.SX1276OnDio2Irq
                0x0000000008008ef8       0xf8 zephyr/drivers/lora/libloramac-node.a(sx1276.c.obj)
 .text.SX1276OnDio1Irq
                0x0000000008008ff0      0x154 zephyr/drivers/lora/libloramac-node.a(sx1276.c.obj)
 .text.SX1276OnDio0Irq
                0x0000000008009144      0x2fc zephyr/drivers/lora/libloramac-node.a(sx1276.c.obj)
 .text.RxChainCalibration
                0x0000000008009440       0x88 zephyr/drivers/lora/libloramac-node.a(sx1276.c.obj)
 .text.SX1276SetSleep
                0x00000000080094c8       0x3c zephyr/drivers/lora/libloramac-node.a(sx1276.c.obj)
                0x00000000080094c8                SX1276SetSleep
 .text.SX1276SetStby
                0x0000000008009504       0x34 zephyr/drivers/lora/libloramac-node.a(sx1276.c.obj)
                0x0000000008009504                SX1276SetStby
 .text.SX1276SetTx
                0x0000000008009538       0xb8 zephyr/drivers/lora/libloramac-node.a(sx1276.c.obj)
 .text.SX1276Send
                0x00000000080095f0      0x124 zephyr/drivers/lora/libloramac-node.a(sx1276.c.obj)
                0x00000000080095f0                SX1276Send
 .text.SX1276SetRx
                0x0000000008009714      0x290 zephyr/drivers/lora/libloramac-node.a(sx1276.c.obj)
                0x0000000008009714                SX1276SetRx
 .text.SX1276ReadRssi
                0x00000000080099a4       0x50 zephyr/drivers/lora/libloramac-node.a(sx1276.c.obj)
                0x00000000080099a4                SX1276ReadRssi
 .text.SX1276SetModem
                0x00000000080099f4       0x8c zephyr/drivers/lora/libloramac-node.a(sx1276.c.obj)
                0x00000000080099f4                SX1276SetModem
 .text.SX1276Init
                0x0000000008009a80       0x88 zephyr/drivers/lora/libloramac-node.a(sx1276.c.obj)
                0x0000000008009a80                SX1276Init
 .text.SX1276SetRxConfig
                0x0000000008009b08      0x2cc zephyr/drivers/lora/libloramac-node.a(sx1276.c.obj)
                0x0000000008009b08                SX1276SetRxConfig
 .text.SX1276SetTxConfig
                0x0000000008009dd4      0x24c zephyr/drivers/lora/libloramac-node.a(sx1276.c.obj)
                0x0000000008009dd4                SX1276SetTxConfig
 .text.SX1276SetTxContinuousWave
                0x000000000800a020       0x80 zephyr/drivers/lora/libloramac-node.a(sx1276.c.obj)
                0x000000000800a020                SX1276SetTxContinuousWave
 .text.SX1276SetMaxPayloadLength
                0x000000000800a0a0       0x34 zephyr/drivers/lora/libloramac-node.a(sx1276.c.obj)
                0x000000000800a0a0                SX1276SetMaxPayloadLength
 .text.SX1276SetPublicNetwork
                0x000000000800a0d4       0x2c zephyr/drivers/lora/libloramac-node.a(sx1276.c.obj)
                0x000000000800a0d4                SX1276SetPublicNetwork
 .text.SX1276OnTimeoutIrq
                0x000000000800a100       0xe0 zephyr/drivers/lora/libloramac-node.a(sx1276.c.obj)
 .text.uart_stm32_configure
                0x000000000800a1e0      0x24c zephyr/drivers/serial/libdrivers__serial.a(uart_stm32.c.obj)
 .text.uart_stm32_init
                0x000000000800a42c      0x1e8 zephyr/drivers/serial/libdrivers__serial.a(uart_stm32.c.obj)
 .text.random_byte_get
                0x000000000800a614       0x64 zephyr/drivers/entropy/libdrivers__entropy.a(entropy_stm32.c.obj)
 .text.rng_pool_get
                0x000000000800a678       0x9c zephyr/drivers/entropy/libdrivers__entropy.a(entropy_stm32.c.obj)
 .text.entropy_stm32_rng_get_entropy_isr
                0x000000000800a714       0x98 zephyr/drivers/entropy/libdrivers__entropy.a(entropy_stm32.c.obj)
 .text.stm32_rng_isr
                0x000000000800a7ac       0x4c zephyr/drivers/entropy/libdrivers__entropy.a(entropy_stm32.c.obj)
 .text.entropy_stm32_rng_get_entropy
                0x000000000800a7f8       0x58 zephyr/drivers/entropy/libdrivers__entropy.a(entropy_stm32.c.obj)
 .text.entropy_stm32_rng_init
                0x000000000800a850       0xc4 zephyr/drivers/entropy/libdrivers__entropy.a(entropy_stm32.c.obj)
 .text.elapsed  0x000000000800a914       0x3c zephyr/drivers/timer/libdrivers__timer.a(cortex_m_systick.c.obj)
 .text.sys_clock_driver_init
                0x000000000800a950       0x34 zephyr/drivers/timer/libdrivers__timer.a(cortex_m_systick.c.obj)
 .text.sys_clock_isr
                0x000000000800a984       0x48 zephyr/drivers/timer/libdrivers__timer.a(cortex_m_systick.c.obj)
                0x000000000800a984                sys_clock_isr
 .text.sys_clock_set_timeout
                0x000000000800a9cc      0x104 zephyr/drivers/timer/libdrivers__timer.a(cortex_m_systick.c.obj)
                0x000000000800a9cc                sys_clock_set_timeout
 .text.sys_clock_elapsed
                0x000000000800aad0       0x40 zephyr/drivers/timer/libdrivers__timer.a(cortex_m_systick.c.obj)
                0x000000000800aad0                sys_clock_elapsed
 .text.sys_clock_cycle_get_32
                0x000000000800ab10       0x2c zephyr/drivers/timer/libdrivers__timer.a(cortex_m_systick.c.obj)
                0x000000000800ab10                sys_clock_cycle_get_32
 .text.stm32_pin_configure
                0x000000000800ab3c       0x40 zephyr/drivers/pinctrl/libdrivers__pinctrl.a(pinctrl_stm32.c.obj)
 .text.LL_DMA_Init
                0x000000000800ab7c       0x80 modules/stm32/stm32cube/lib..__modules__hal__stm32__stm32cube.a(stm32l4xx_ll_dma.c.obj)
                0x000000000800ab7c                LL_DMA_Init
 .text.OC1Config
                0x000000000800abfc       0x80 modules/stm32/stm32cube/lib..__modules__hal__stm32__stm32cube.a(stm32l4xx_ll_tim.c.obj)
 .text.OC2Config
                0x000000000800ac7c       0x84 modules/stm32/stm32cube/lib..__modules__hal__stm32__stm32cube.a(stm32l4xx_ll_tim.c.obj)
 .text.OC3Config
                0x000000000800ad00       0x84 modules/stm32/stm32cube/lib..__modules__hal__stm32__stm32cube.a(stm32l4xx_ll_tim.c.obj)
 .text.OC4Config
                0x000000000800ad84       0x68 modules/stm32/stm32cube/lib..__modules__hal__stm32__stm32cube.a(stm32l4xx_ll_tim.c.obj)
 .text.OC5Config
                0x000000000800adec       0x68 modules/stm32/stm32cube/lib..__modules__hal__stm32__stm32cube.a(stm32l4xx_ll_tim.c.obj)
 .text.OC6Config
                0x000000000800ae54       0x68 modules/stm32/stm32cube/lib..__modules__hal__stm32__stm32cube.a(stm32l4xx_ll_tim.c.obj)
 .text.LL_TIM_Init
                0x000000000800aebc       0x80 modules/stm32/stm32cube/lib..__modules__hal__stm32__stm32cube.a(stm32l4xx_ll_tim.c.obj)
                0x000000000800aebc                LL_TIM_Init
 .text.UTILS_PLL_IsBusy
                0x000000000800af3c       0x24 modules/stm32/stm32cube/lib..__modules__hal__stm32__stm32cube.a(stm32l4xx_ll_utils.c.obj)
 .text.LL_SetSystemCoreClock
                0x000000000800af60        0xc modules/stm32/stm32cube/lib..__modules__hal__stm32__stm32cube.a(stm32l4xx_ll_utils.c.obj)
                0x000000000800af60                LL_SetSystemCoreClock
 .text.LL_SetFlashLatency
                0x000000000800af6c       0xd0 modules/stm32/stm32cube/lib..__modules__hal__stm32__stm32cube.a(stm32l4xx_ll_utils.c.obj)
                0x000000000800af6c                LL_SetFlashLatency
 .text.UTILS_EnablePLLAndSwitchSystem
                0x000000000800b03c       0xb0 modules/stm32/stm32cube/lib..__modules__hal__stm32__stm32cube.a(stm32l4xx_ll_utils.c.obj)
 .text.LL_PLL_ConfigSystemClock_HSI
                0x000000000800b0ec       0x68 modules/stm32/stm32cube/lib..__modules__hal__stm32__stm32cube.a(stm32l4xx_ll_utils.c.obj)
                0x000000000800b0ec                LL_PLL_ConfigSystemClock_HSI
 .text.dwt_writetxfctrl
                0x000000000800b154       0x20 modules/rts-zephyr/drivers/uwb/lib..__..__tmp__projects__beacon_project_rzd__lora_russia_railways__modules__rts-zephyr__drivers__uwb.a(deca_device.c.obj)
                0x000000000800b154                dwt_writetxfctrl
 .text.dwt_configure
                0x000000000800b174      0x220 modules/rts-zephyr/drivers/uwb/lib..__..__tmp__projects__beacon_project_rzd__lora_russia_railways__modules__rts-zephyr__drivers__uwb.a(deca_device.c.obj)
                0x000000000800b174                dwt_configure
 .text.dwt_setcallbacks
                0x000000000800b394       0x18 modules/rts-zephyr/drivers/uwb/lib..__..__tmp__projects__beacon_project_rzd__lora_russia_railways__modules__rts-zephyr__drivers__uwb.a(deca_device.c.obj)
                0x000000000800b394                dwt_setcallbacks
 .text.dwt_starttx
                0x000000000800b3ac       0x5c modules/rts-zephyr/drivers/uwb/lib..__..__tmp__projects__beacon_project_rzd__lora_russia_railways__modules__rts-zephyr__drivers__uwb.a(deca_device.c.obj)
                0x000000000800b3ac                dwt_starttx
 .text.dwt_forcetrxoff
                0x000000000800b408       0x58 modules/rts-zephyr/drivers/uwb/lib..__..__tmp__projects__beacon_project_rzd__lora_russia_railways__modules__rts-zephyr__drivers__uwb.a(deca_device.c.obj)
                0x000000000800b408                dwt_forcetrxoff
 .text.dwt_setrxtimeout
                0x000000000800b460       0x54 modules/rts-zephyr/drivers/uwb/lib..__..__tmp__projects__beacon_project_rzd__lora_russia_railways__modules__rts-zephyr__drivers__uwb.a(deca_device.c.obj)
                0x000000000800b460                dwt_setrxtimeout
 .text.dwt_isr  0x000000000800b4b4      0x158 modules/rts-zephyr/drivers/uwb/lib..__..__tmp__projects__beacon_project_rzd__lora_russia_railways__modules__rts-zephyr__drivers__uwb.a(deca_device.c.obj)
                0x000000000800b4b4                dwt_isr
 .text.dwt_softreset
                0x000000000800b60c       0x48 modules/rts-zephyr/drivers/uwb/lib..__..__tmp__projects__beacon_project_rzd__lora_russia_railways__modules__rts-zephyr__drivers__uwb.a(deca_device.c.obj)
                0x000000000800b60c                dwt_softreset
 .text.dwt_initialise
                0x000000000800b654      0x1c8 modules/rts-zephyr/drivers/uwb/lib..__..__tmp__projects__beacon_project_rzd__lora_russia_railways__modules__rts-zephyr__drivers__uwb.a(deca_device.c.obj)
                0x000000000800b654                dwt_initialise
 .text.dwt_spi_write
                0x000000000800b81c       0x80 modules/rts-zephyr/drivers/uwb/lib..__..__tmp__projects__beacon_project_rzd__lora_russia_railways__modules__rts-zephyr__drivers__uwb.a(dw1000.c.obj)
 .text.dwt_spi_read
                0x000000000800b89c       0x90 modules/rts-zephyr/drivers/uwb/lib..__..__tmp__projects__beacon_project_rzd__lora_russia_railways__modules__rts-zephyr__drivers__uwb.a(dw1000.c.obj)
 .text.dwt_hw_reset
                0x000000000800b92c      0x194 modules/rts-zephyr/drivers/uwb/lib..__..__tmp__projects__beacon_project_rzd__lora_russia_railways__modules__rts-zephyr__drivers__uwb.a(dw1000.c.obj)
 .text.dw1000_init
                0x000000000800bac0      0x4a0 modules/rts-zephyr/drivers/uwb/lib..__..__tmp__projects__beacon_project_rzd__lora_russia_railways__modules__rts-zephyr__drivers__uwb.a(dw1000.c.obj)
 .text.writetospi
                0x000000000800bf60       0x1c modules/rts-zephyr/drivers/uwb/lib..__..__tmp__projects__beacon_project_rzd__lora_russia_railways__modules__rts-zephyr__drivers__uwb.a(dw1000.c.obj)
                0x000000000800bf60                writetospi
 .text.readfromspi
                0x000000000800bf7c       0x1c modules/rts-zephyr/drivers/uwb/lib..__..__tmp__projects__beacon_project_rzd__lora_russia_railways__modules__rts-zephyr__drivers__uwb.a(dw1000.c.obj)
                0x000000000800bf7c                readfromspi
 .text.ws2812_strip_update_channels
                0x000000000800bf98       0x5c modules/rts-zephyr/drivers/led_strip/lib..__..__tmp__projects__beacon_project_rzd__lora_russia_railways__modules__rts-zephyr__drivers__led_strip.a(ws2812_pwm_stm32.c.obj)
 .text.ws2812_pwm_write
                0x000000000800bff4      0x1f0 modules/rts-zephyr/drivers/led_strip/lib..__..__tmp__projects__beacon_project_rzd__lora_russia_railways__modules__rts-zephyr__drivers__led_strip.a(ws2812_pwm_stm32.c.obj)
 .text.ws2812_strip_update_rgb
                0x000000000800c1e4       0xa0 modules/rts-zephyr/drivers/led_strip/lib..__..__tmp__projects__beacon_project_rzd__lora_russia_railways__modules__rts-zephyr__drivers__led_strip.a(ws2812_pwm_stm32.c.obj)
 .text._ZNSt7__cxx1112basic_stringIcSt11char_traitsIcESaIcEE12_M_constructIPKcEEvT_S8_St20forward_iterator_tag
                0x000000000800c284       0x58 modules/rts-zephyr/subsys/meshposition/lib..__..__tmp__projects__beacon_project_rzd__lora_russia_railways__modules__rts-zephyr__subsys__meshposition.a(meshposition.cc.obj)
                0x000000000800c284                void std::__cxx11::basic_string<char, std::char_traits<char>, std::allocator<char> >::_M_construct<char const*>(char const*, char const*, std::forward_iterator_tag)
 .text._ZNSt7__cxx1112basic_stringIcSt11char_traitsIcESaIcEE12_M_constructIPcEEvT_S7_St20forward_iterator_tag
                0x000000000800c2dc       0x58 modules/rts-zephyr/subsys/meshposition/lib..__..__tmp__projects__beacon_project_rzd__lora_russia_railways__modules__rts-zephyr__subsys__meshposition.a(meshposition.cc.obj)
                0x000000000800c2dc                void std::__cxx11::basic_string<char, std::char_traits<char>, std::allocator<char> >::_M_construct<char*>(char*, char*, std::forward_iterator_tag)
 .text._Z41__static_initialization_and_destruction_0ii
                0x000000000800c334      0x6e0 modules/rts-zephyr/subsys/meshposition/lib..__..__tmp__projects__beacon_project_rzd__lora_russia_railways__modules__rts-zephyr__subsys__meshposition.a(meshposition.cc.obj)
 .text.lora_receive_error_timeout
                0x000000000800ca14       0x34 modules/rts-zephyr/subsys/lora_rr/lib..__..__tmp__projects__beacon_project_rzd__lora_russia_railways__modules__rts-zephyr__subsys__lora_rr.a(lora_rr_common.cc.obj)
                0x000000000800ca14                lora_receive_error_timeout
 .text.periodic_timer_handler
                0x000000000800ca48       0xb0 modules/rts-zephyr/subsys/lora_rr/lib..__..__tmp__projects__beacon_project_rzd__lora_russia_railways__modules__rts-zephyr__subsys__lora_rr.a(lora_rr_common.cc.obj)
                0x000000000800ca48                periodic_timer_handler
 .text.lora_receive_cb
                0x000000000800caf8      0x274 modules/rts-zephyr/subsys/lora_rr/lib..__..__tmp__projects__beacon_project_rzd__lora_russia_railways__modules__rts-zephyr__subsys__lora_rr.a(lora_rr_common.cc.obj)
                0x000000000800caf8                lora_receive_cb
 .text.work_buzzer_handler
                0x000000000800cd6c      0x3f4 modules/rts-zephyr/subsys/lora_rr/lib..__..__tmp__projects__beacon_project_rzd__lora_russia_railways__modules__rts-zephyr__subsys__lora_rr.a(lora_rr_common.cc.obj)
                0x000000000800cd6c                work_buzzer_handler
 .text.start_rx
                0x000000000800d160       0x60 modules/rts-zephyr/subsys/lora_rr/lib..__..__tmp__projects__beacon_project_rzd__lora_russia_railways__modules__rts-zephyr__subsys__lora_rr.a(lora_rr_common.cc.obj)
                0x000000000800d160                start_rx
 .text.set_ind  0x000000000800d1c0       0x70 modules/rts-zephyr/subsys/lora_rr/lib..__..__tmp__projects__beacon_project_rzd__lora_russia_railways__modules__rts-zephyr__subsys__lora_rr.a(lora_rr_common.cc.obj)
                0x000000000800d1c0                set_ind
 .text.work_button_pressed_handler
                0x000000000800d230      0x17c modules/rts-zephyr/subsys/lora_rr/lib..__..__tmp__projects__beacon_project_rzd__lora_russia_railways__modules__rts-zephyr__subsys__lora_rr.a(lora_rr_common.cc.obj)
                0x000000000800d230                work_button_pressed_handler
 .text.dwork_disable_ind_handler
                0x000000000800d3ac       0x74 modules/rts-zephyr/subsys/lora_rr/lib..__..__tmp__projects__beacon_project_rzd__lora_russia_railways__modules__rts-zephyr__subsys__lora_rr.a(lora_rr_common.cc.obj)
                0x000000000800d3ac                dwork_disable_ind_handler
 .text.common_kernel_services_init
                0x000000000800d420       0x98 modules/rts-zephyr/subsys/lora_rr/lib..__..__tmp__projects__beacon_project_rzd__lora_russia_railways__modules__rts-zephyr__subsys__lora_rr.a(lora_rr_common.cc.obj)
                0x000000000800d420                common_kernel_services_init
 .text.proc_rx_data
                0x000000000800d4b8      0x370 modules/rts-zephyr/subsys/lora_rr/lib..__..__tmp__projects__beacon_project_rzd__lora_russia_railways__modules__rts-zephyr__subsys__lora_rr.a(lora_rr_common.cc.obj)
                0x000000000800d4b8                proc_rx_data
 .text.proc_tx_data
                0x000000000800d828      0x1fc modules/rts-zephyr/subsys/lora_rr/lib..__..__tmp__projects__beacon_project_rzd__lora_russia_railways__modules__rts-zephyr__subsys__lora_rr.a(lora_rr_common.cc.obj)
                0x000000000800d828                proc_tx_data
 .text.modem_fun
                0x000000000800da24       0xdc modules/rts-zephyr/subsys/lora_rr/lib..__..__tmp__projects__beacon_project_rzd__lora_russia_railways__modules__rts-zephyr__subsys__lora_rr.a(lora_rr_common.cc.obj)
                0x000000000800da24                modem_fun
 .text.set_msg  0x000000000800db00       0x28 modules/rts-zephyr/subsys/lora_rr/lib..__..__tmp__projects__beacon_project_rzd__lora_russia_railways__modules__rts-zephyr__subsys__lora_rr.a(lora_rr_common.cc.obj)
                0x000000000800db00                set_msg
 .text.tim_start
                0x000000000800db28       0x1c modules/rts-zephyr/subsys/lora_rr/lib..__..__tmp__projects__beacon_project_rzd__lora_russia_railways__modules__rts-zephyr__subsys__lora_rr.a(lora_rr_common.cc.obj)
                0x000000000800db28                tim_start
 .text.set_buzzer_mode
                0x000000000800db44      0x3e4 modules/rts-zephyr/subsys/lora_rr/lib..__..__tmp__projects__beacon_project_rzd__lora_russia_railways__modules__rts-zephyr__subsys__lora_rr.a(lora_rr_common.cc.obj)
                0x000000000800db44                set_buzzer_mode
 .text.wait_app_event
                0x000000000800df28       0x60 modules/rts-zephyr/subsys/lora_rr/lib..__..__tmp__projects__beacon_project_rzd__lora_russia_railways__modules__rts-zephyr__subsys__lora_rr.a(lora_rr_common.cc.obj)
                0x000000000800df28                wait_app_event
 .text.rx_err_cb
                0x000000000800df88       0x24 modules/rts-zephyr/subsys/dwm_rr/lib..__..__tmp__projects__beacon_project_rzd__lora_russia_railways__modules__rts-zephyr__subsys__dwm_rr.a(dwm_rr_common.cc.obj)
                0x000000000800df88                rx_err_cb
 .text.rx_ok_cb
                0x000000000800dfac       0x24 modules/rts-zephyr/subsys/dwm_rr/lib..__..__tmp__projects__beacon_project_rzd__lora_russia_railways__modules__rts-zephyr__subsys__dwm_rr.a(dwm_rr_common.cc.obj)
                0x000000000800dfac                rx_ok_cb
 .text.rx_to_cb
                0x000000000800dfd0       0x24 modules/rts-zephyr/subsys/dwm_rr/lib..__..__tmp__projects__beacon_project_rzd__lora_russia_railways__modules__rts-zephyr__subsys__dwm_rr.a(dwm_rr_common.cc.obj)
                0x000000000800dfd0                rx_to_cb
 .text.resp_twr_1_poll_ds_twr
                0x000000000800dff4       0x48 modules/rts-zephyr/subsys/dwm_rr/lib..__..__tmp__projects__beacon_project_rzd__lora_russia_railways__modules__rts-zephyr__subsys__dwm_rr.a(dwm_rr_common.cc.obj)
                0x000000000800dff4                resp_twr_1_poll_ds_twr
 .text.z_device_state_init
                0x000000000800e03c       0x18 zephyr/kernel/libkernel.a(device.c.obj)
                0x000000000800e03c                z_device_state_init
 .text.z_sys_init_run_level
                0x000000000800e054       0x50 zephyr/kernel/libkernel.a(device.c.obj)
                0x000000000800e054                z_sys_init_run_level
 .text.z_impl_device_get_binding
                0x000000000800e0a4       0x64 zephyr/kernel/libkernel.a(device.c.obj)
                0x000000000800e0a4                z_impl_device_get_binding
 .text.reason_to_str
                0x000000000800e108       0x40 zephyr/kernel/libkernel.a(fatal.c.obj)
 .text.thread_name_get
                0x000000000800e148       0x20 zephyr/kernel/libkernel.a(fatal.c.obj)
 .text.k_sys_fatal_error_handler
                0x000000000800e168       0x5c zephyr/kernel/libkernel.a(fatal.c.obj)
                0x000000000800e168                k_sys_fatal_error_handler
 .text.z_fatal_error
                0x000000000800e1c4       0xd4 zephyr/kernel/libkernel.a(fatal.c.obj)
                0x000000000800e1c4                z_fatal_error
 .text.init_idle_thread
                0x000000000800e298       0x58 zephyr/kernel/libkernel.a(init.c.obj)
 .text.prepare_multithreading
                0x000000000800e2f0       0x94 zephyr/kernel/libkernel.a(init.c.obj)
 .text.bg_thread_main
                0x000000000800e384       0x38 zephyr/kernel/libkernel.a(init.c.obj)
 .text.switch_to_main_thread
                0x000000000800e3bc       0x14 zephyr/kernel/libkernel.a(init.c.obj)
 .text.z_bss_zero
                0x000000000800e3d0       0x18 zephyr/kernel/libkernel.a(init.c.obj)
                0x000000000800e3d0                z_bss_zero
 .text.z_cstart
                0x000000000800e3e8       0x88 zephyr/kernel/libkernel.a(init.c.obj)
                0x000000000800e3e8                z_cstart
 .text.init_mem_slab_module
                0x000000000800e470       0x24 zephyr/kernel/libkernel.a(mem_slab.c.obj)
 .text.schedule_new_thread
                0x000000000800e494       0x1c zephyr/kernel/libkernel.a(thread.c.obj)
 .text.z_setup_new_thread
                0x000000000800e4b0       0x60 zephyr/kernel/libkernel.a(thread.c.obj)
                0x000000000800e4b0                z_setup_new_thread
 .text.z_init_static_threads
                0x000000000800e510       0x84 zephyr/kernel/libkernel.a(thread.c.obj)
                0x000000000800e510                z_init_static_threads
 .text.z_impl_k_msgq_put
                0x000000000800e594       0xb8 zephyr/kernel/libkernel.a(msg_q.c.obj)
                0x000000000800e594                z_impl_k_msgq_put
 .text.z_impl_k_msgq_get
                0x000000000800e64c       0xc0 zephyr/kernel/libkernel.a(msg_q.c.obj)
                0x000000000800e64c                z_impl_k_msgq_get
 .text.z_impl_k_mutex_lock
                0x000000000800e70c      0x114 zephyr/kernel/libkernel.a(mutex.c.obj)
                0x000000000800e70c                z_impl_k_mutex_lock
 .text.z_impl_k_mutex_unlock
                0x000000000800e820       0x84 zephyr/kernel/libkernel.a(mutex.c.obj)
                0x000000000800e820                z_impl_k_mutex_unlock
 .text.z_impl_k_sem_give
                0x000000000800e8a4       0x50 zephyr/kernel/libkernel.a(sem.c.obj)
                0x000000000800e8a4                z_impl_k_sem_give
 .text.z_impl_k_sem_take
                0x000000000800e8f4       0x50 zephyr/kernel/libkernel.a(sem.c.obj)
                0x000000000800e8f4                z_impl_k_sem_take
 .text.z_impl_k_sem_reset
                0x000000000800e944       0x48 zephyr/kernel/libkernel.a(sem.c.obj)
                0x000000000800e944                z_impl_k_sem_reset
 .text.submit_to_queue_locked
                0x000000000800e98c       0xd8 zephyr/kernel/libkernel.a(work.c.obj)
 .text.schedule_for_queue_locked
                0x000000000800ea64       0x34 zephyr/kernel/libkernel.a(work.c.obj)
 .text.finalize_cancel_locked
                0x000000000800ea98       0x7c zephyr/kernel/libkernel.a(work.c.obj)
 .text.work_queue_main
                0x000000000800eb14       0xf0 zephyr/kernel/libkernel.a(work.c.obj)
 .text.k_work_submit
                0x000000000800ec04       0x10 zephyr/kernel/libkernel.a(work.c.obj)
                0x000000000800ec04                k_work_submit
 .text.k_work_queue_start
                0x000000000800ec14       0x7c zephyr/kernel/libkernel.a(work.c.obj)
                0x000000000800ec14                k_work_queue_start
 .text.k_work_schedule
                0x000000000800ec90       0x10 zephyr/kernel/libkernel.a(work.c.obj)
                0x000000000800ec90                k_work_schedule
 .text.k_work_reschedule
                0x000000000800eca0       0x10 zephyr/kernel/libkernel.a(work.c.obj)
                0x000000000800eca0                k_work_reschedule
 .text.add_thread_timeout
                0x000000000800ecb0       0x20 zephyr/kernel/libkernel.a(sched.c.obj)
 .text.z_reset_time_slice
                0x000000000800ecd0       0x2c zephyr/kernel/libkernel.a(sched.c.obj)
                0x000000000800ecd0                z_reset_time_slice
 .text.k_sched_time_slice_set
                0x000000000800ecfc       0x5c zephyr/kernel/libkernel.a(sched.c.obj)
                0x000000000800ecfc                k_sched_time_slice_set
 .text.z_reschedule
                0x000000000800ed58       0x38 zephyr/kernel/libkernel.a(sched.c.obj)
                0x000000000800ed58                z_reschedule
 .text.k_sched_lock
                0x000000000800ed90       0x34 zephyr/kernel/libkernel.a(sched.c.obj)
                0x000000000800ed90                k_sched_lock
 .text.update_cache
                0x000000000800edc4       0x4c zephyr/kernel/libkernel.a(sched.c.obj)
 .text.move_thread_to_end_of_prio_q
                0x000000000800ee10       0x88 zephyr/kernel/libkernel.a(sched.c.obj)
 .text.z_time_slice
                0x000000000800ee98       0xac zephyr/kernel/libkernel.a(sched.c.obj)
                0x000000000800ee98                z_time_slice
 .text.ready_thread
                0x000000000800ef44       0x80 zephyr/kernel/libkernel.a(sched.c.obj)
 .text.z_sched_start
                0x000000000800efc4       0x3c zephyr/kernel/libkernel.a(sched.c.obj)
                0x000000000800efc4                z_sched_start
 .text.unready_thread
                0x000000000800f000       0x38 zephyr/kernel/libkernel.a(sched.c.obj)
 .text.z_pend_curr
                0x000000000800f038       0x28 zephyr/kernel/libkernel.a(sched.c.obj)
                0x000000000800f038                z_pend_curr
 .text.z_set_prio
                0x000000000800f060       0xc0 zephyr/kernel/libkernel.a(sched.c.obj)
                0x000000000800f060                z_set_prio
 .text.z_impl_k_thread_suspend
                0x000000000800f120       0x84 zephyr/kernel/libkernel.a(sched.c.obj)
                0x000000000800f120                z_impl_k_thread_suspend
 .text.k_sched_unlock
                0x000000000800f1a4       0x50 zephyr/kernel/libkernel.a(sched.c.obj)
                0x000000000800f1a4                k_sched_unlock
 .text.end_thread
                0x000000000800f1f4       0x94 zephyr/kernel/libkernel.a(sched.c.obj)
 .text.z_sched_init
                0x000000000800f288       0x18 zephyr/kernel/libkernel.a(sched.c.obj)
                0x000000000800f288                z_sched_init
 .text.z_impl_k_yield
                0x000000000800f2a0       0x88 zephyr/kernel/libkernel.a(sched.c.obj)
                0x000000000800f2a0                z_impl_k_yield
 .text.z_tick_sleep
                0x000000000800f328       0x98 zephyr/kernel/libkernel.a(sched.c.obj)
 .text.z_impl_k_sleep
                0x000000000800f3c0       0x30 zephyr/kernel/libkernel.a(sched.c.obj)
                0x000000000800f3c0                z_impl_k_sleep
 .text.z_impl_z_current_get
                0x000000000800f3f0        0xc zephyr/kernel/libkernel.a(sched.c.obj)
                0x000000000800f3f0                z_impl_z_current_get
 .text.z_impl_k_is_preempt_thread
                0x000000000800f3fc       0x20 zephyr/kernel/libkernel.a(sched.c.obj)
                0x000000000800f3fc                z_impl_k_is_preempt_thread
 .text.z_thread_abort
                0x000000000800f41c       0x50 zephyr/kernel/libkernel.a(sched.c.obj)
                0x000000000800f41c                z_thread_abort
 .text.z_sched_wait
                0x000000000800f46c       0x28 zephyr/kernel/libkernel.a(sched.c.obj)
                0x000000000800f46c                z_sched_wait
 .text.z_data_copy
                0x000000000800f494       0x34 zephyr/kernel/libkernel.a(xip.c.obj)
                0x000000000800f494                z_data_copy
 .text.first    0x000000000800f4c8       0x14 zephyr/kernel/libkernel.a(timeout.c.obj)
 .text.next     0x000000000800f4dc       0x18 zephyr/kernel/libkernel.a(timeout.c.obj)
 .text.elapsed  0x000000000800f4f4       0x18 zephyr/kernel/libkernel.a(timeout.c.obj)
 .text.next_timeout
                0x000000000800f50c       0x4c zephyr/kernel/libkernel.a(timeout.c.obj)
 .text.z_add_timeout
                0x000000000800f558      0x118 zephyr/kernel/libkernel.a(timeout.c.obj)
                0x000000000800f558                z_add_timeout
 .text.sys_clock_announce
                0x000000000800f670       0xc4 zephyr/kernel/libkernel.a(timeout.c.obj)
                0x000000000800f670                sys_clock_announce
 .text.sys_clock_tick_get
                0x000000000800f734       0x40 zephyr/kernel/libkernel.a(timeout.c.obj)
                0x000000000800f734                sys_clock_tick_get
 .text.z_impl_k_busy_wait
                0x000000000800f774       0x34 zephyr/kernel/libkernel.a(timeout.c.obj)
                0x000000000800f774                z_impl_k_busy_wait
 .text.z_timer_expiration_handler
                0x000000000800f7a8       0x94 zephyr/kernel/libkernel.a(timer.c.obj)
                0x000000000800f7a8                z_timer_expiration_handler
 .text.z_impl_k_timer_start
                0x000000000800f83c       0xac zephyr/kernel/libkernel.a(timer.c.obj)
                0x000000000800f83c                z_impl_k_timer_start
 .text.register_events
                0x000000000800f8e8      0x3f4 zephyr/kernel/libkernel.a(poll.c.obj)
 .text.z_impl_k_poll
                0x000000000800fcdc      0x158 zephyr/kernel/libkernel.a(poll.c.obj)
                0x000000000800fcdc                z_impl_k_poll
 .text.z_impl_k_poll_signal_raise
                0x000000000800fe34       0x54 zephyr/kernel/libkernel.a(poll.c.obj)
                0x000000000800fe34                z_impl_k_poll_signal_raise
 .text.boot_banner
                0x000000000800fe88       0x1c zephyr/kernel/libkernel.a(banner.c.obj)
                0x000000000800fe88                boot_banner
 .text.statics_init
                0x000000000800fea4       0x24 zephyr/kernel/libkernel.a(kheap.c.obj)
 .text.k_sys_work_q_init
                0x000000000800fec8       0x34 zephyr/kernel/libkernel.a(system_work_q.c.obj)
 .text._ZNSt7__cxx1112basic_stringIcSt11char_traitsIcESaIcEE9_M_createERjj
                0x000000000800fefc       0x44 /opt/zephyr-sdk/arm-zephyr-eabi/arm-zephyr-eabi/lib/thumb/v7e-m/nofp/libstdc++_nano.a(string-inst.o)
                0x000000000800fefc                std::__cxx11::basic_string<char, std::char_traits<char>, std::allocator<char> >::_M_create(unsigned int&, unsigned int)
 .text._ZSt15get_new_handlerv
                0x000000000800ff40       0x10 /opt/zephyr-sdk/arm-zephyr-eabi/arm-zephyr-eabi/lib/thumb/v7e-m/nofp/libstdc++_nano.a(new_handler.o)
                0x000000000800ff40                std::get_new_handler()
 .text.__assert_func
                0x000000000800ff50       0x3c /opt/zephyr-sdk/arm-zephyr-eabi/arm-zephyr-eabi/lib/thumb/v7e-m/nofp/libc_nano.a(lib_a-assert.o)
                0x000000000800ff50                __assert_func
 .text.fprintf  0x000000000800ff8c       0x24 /opt/zephyr-sdk/arm-zephyr-eabi/arm-zephyr-eabi/lib/thumb/v7e-m/nofp/libc_nano.a(lib_a-fprintf.o)
                0x000000000800ff8c                fprintf
                0x000000000800ff8c                fiprintf
 .text.malloc   0x000000000800ffb0       0x10 /opt/zephyr-sdk/arm-zephyr-eabi/arm-zephyr-eabi/lib/thumb/v7e-m/nofp/libc_nano.a(lib_a-malloc.o)
                0x000000000800ffb0                malloc
 .text.free     0x000000000800ffc0       0x10 /opt/zephyr-sdk/arm-zephyr-eabi/arm-zephyr-eabi/lib/thumb/v7e-m/nofp/libc_nano.a(lib_a-malloc.o)
                0x000000000800ffc0                free
 .text._free_r  0x000000000800ffd0       0x94 /opt/zephyr-sdk/arm-zephyr-eabi/arm-zephyr-eabi/lib/thumb/v7e-m/nofp/libc_nano.a(lib_a-nano-freer.o)
                0x000000000800ffd0                _free_r
 .text._malloc_r
                0x0000000008010064       0xb4 /opt/zephyr-sdk/arm-zephyr-eabi/arm-zephyr-eabi/lib/thumb/v7e-m/nofp/libc_nano.a(lib_a-nano-mallocr.o)
                0x0000000008010064                _malloc_r
 .text._vfprintf_r
                0x0000000008010118      0x260 /opt/zephyr-sdk/arm-zephyr-eabi/arm-zephyr-eabi/lib/thumb/v7e-m/nofp/libc_nano.a(lib_a-nano-vfprintf.o)
                0x0000000008010118                _vfiprintf_r
                0x0000000008010118                _vfprintf_r
 .text._printf_float
                0x0000000008010378      0x454 /opt/zephyr-sdk/arm-zephyr-eabi/arm-zephyr-eabi/lib/thumb/v7e-m/nofp/libc_nano.a(lib_a-nano-vfprintf_float.o)
                0x0000000008010378                _printf_float
 .text._printf_i
                0x00000000080107cc      0x24c /opt/zephyr-sdk/arm-zephyr-eabi/arm-zephyr-eabi/lib/thumb/v7e-m/nofp/libc_nano.a(lib_a-nano-vfprintf_i.o)
                0x00000000080107cc                _printf_i
 .text._sbrk_r  0x0000000008010a18       0x20 /opt/zephyr-sdk/arm-zephyr-eabi/arm-zephyr-eabi/lib/thumb/v7e-m/nofp/libc_nano.a(lib_a-sbrkr.o)
                0x0000000008010a18                _sbrk_r
 .text.raise    0x0000000008010a38       0x10 /opt/zephyr-sdk/arm-zephyr-eabi/arm-zephyr-eabi/lib/thumb/v7e-m/nofp/libc_nano.a(lib_a-signal.o)
                0x0000000008010a38                raise
 .text._kill_r  0x0000000008010a48       0x24 /opt/zephyr-sdk/arm-zephyr-eabi/arm-zephyr-eabi/lib/thumb/v7e-m/nofp/libc_nano.a(lib_a-signalr.o)
                0x0000000008010a48                _kill_r
 .text.__swbuf_r
                0x0000000008010a6c       0xa4 /opt/zephyr-sdk/arm-zephyr-eabi/arm-zephyr-eabi/lib/thumb/v7e-m/nofp/libc_nano.a(lib_a-wbuf.o)
                0x0000000008010a6c                __swbuf_r
 .text.__swsetup_r
                0x0000000008010b10       0xdc /opt/zephyr-sdk/arm-zephyr-eabi/arm-zephyr-eabi/lib/thumb/v7e-m/nofp/libc_nano.a(lib_a-wsetup.o)
                0x0000000008010b10                __swsetup_r
 .text.__sflush_r
                0x0000000008010bec      0x104 /opt/zephyr-sdk/arm-zephyr-eabi/arm-zephyr-eabi/lib/thumb/v7e-m/nofp/libc_nano.a(lib_a-fflush.o)
                0x0000000008010bec                __sflush_r
 .text._fflush_r
                0x0000000008010cf0       0x78 /opt/zephyr-sdk/arm-zephyr-eabi/arm-zephyr-eabi/lib/thumb/v7e-m/nofp/libc_nano.a(lib_a-fflush.o)
                0x0000000008010cf0                _fflush_r
 .text.std      0x0000000008010d68       0x48 /opt/zephyr-sdk/arm-zephyr-eabi/arm-zephyr-eabi/lib/thumb/v7e-m/nofp/libc_nano.a(lib_a-findfp.o)
 .text._cleanup_r
                0x0000000008010db0        0xc /opt/zephyr-sdk/arm-zephyr-eabi/arm-zephyr-eabi/lib/thumb/v7e-m/nofp/libc_nano.a(lib_a-findfp.o)
                0x0000000008010db0                _cleanup_r
 .text.__sfp_lock_acquire
                0x0000000008010dbc        0xc /opt/zephyr-sdk/arm-zephyr-eabi/arm-zephyr-eabi/lib/thumb/v7e-m/nofp/libc_nano.a(lib_a-findfp.o)
                0x0000000008010dbc                __sfp_lock_acquire
 .text.__sfp_lock_release
                0x0000000008010dc8        0xc /opt/zephyr-sdk/arm-zephyr-eabi/arm-zephyr-eabi/lib/thumb/v7e-m/nofp/libc_nano.a(lib_a-findfp.o)
                0x0000000008010dc8                __sfp_lock_release
 .text.__sinit_lock_acquire
                0x0000000008010dd4        0xc /opt/zephyr-sdk/arm-zephyr-eabi/arm-zephyr-eabi/lib/thumb/v7e-m/nofp/libc_nano.a(lib_a-findfp.o)
                0x0000000008010dd4                __sinit_lock_acquire
 .text.__sinit_lock_release
                0x0000000008010de0        0xc /opt/zephyr-sdk/arm-zephyr-eabi/arm-zephyr-eabi/lib/thumb/v7e-m/nofp/libc_nano.a(lib_a-findfp.o)
                0x0000000008010de0                __sinit_lock_release
 .text.__sinit  0x0000000008010dec       0x70 /opt/zephyr-sdk/arm-zephyr-eabi/arm-zephyr-eabi/lib/thumb/v7e-m/nofp/libc_nano.a(lib_a-findfp.o)
                0x0000000008010dec                __sinit
 .text.__sfp    0x0000000008010e5c       0x8c /opt/zephyr-sdk/arm-zephyr-eabi/arm-zephyr-eabi/lib/thumb/v7e-m/nofp/libc_nano.a(lib_a-findfp.o)
                0x0000000008010e5c                __sfp
 .text._localeconv_r
                0x0000000008010ee8        0x8 /opt/zephyr-sdk/arm-zephyr-eabi/arm-zephyr-eabi/lib/thumb/v7e-m/nofp/libc_nano.a(lib_a-localeconv.o)
                0x0000000008010ee8                _localeconv_r
 .text.__smakebuf_r
                0x0000000008010ef0       0x80 /opt/zephyr-sdk/arm-zephyr-eabi/arm-zephyr-eabi/lib/thumb/v7e-m/nofp/libc_nano.a(lib_a-makebuf.o)
                0x0000000008010ef0                __smakebuf_r
 .text.__malloc_lock
                0x0000000008010f70        0xc /opt/zephyr-sdk/arm-zephyr-eabi/arm-zephyr-eabi/lib/thumb/v7e-m/nofp/libc_nano.a(lib_a-mlock.o)
                0x0000000008010f70                __malloc_lock
 .text.__malloc_unlock
                0x0000000008010f7c        0xc /opt/zephyr-sdk/arm-zephyr-eabi/arm-zephyr-eabi/lib/thumb/v7e-m/nofp/libc_nano.a(lib_a-mlock.o)
                0x0000000008010f7c                __malloc_unlock
 .text._Balloc  0x0000000008010f88       0x80 /opt/zephyr-sdk/arm-zephyr-eabi/arm-zephyr-eabi/lib/thumb/v7e-m/nofp/libc_nano.a(lib_a-mprec.o)
                0x0000000008010f88                _Balloc
 .text._Bfree   0x0000000008011008       0x44 /opt/zephyr-sdk/arm-zephyr-eabi/arm-zephyr-eabi/lib/thumb/v7e-m/nofp/libc_nano.a(lib_a-mprec.o)
                0x0000000008011008                _Bfree
 .text.__multadd
                0x000000000801104c       0x8c /opt/zephyr-sdk/arm-zephyr-eabi/arm-zephyr-eabi/lib/thumb/v7e-m/nofp/libc_nano.a(lib_a-mprec.o)
                0x000000000801104c                __multadd
 .text.__i2b    0x00000000080110d8       0x2c /opt/zephyr-sdk/arm-zephyr-eabi/arm-zephyr-eabi/lib/thumb/v7e-m/nofp/libc_nano.a(lib_a-mprec.o)
                0x00000000080110d8                __i2b
 .text.__multiply
                0x0000000008011104      0x150 /opt/zephyr-sdk/arm-zephyr-eabi/arm-zephyr-eabi/lib/thumb/v7e-m/nofp/libc_nano.a(lib_a-mprec.o)
                0x0000000008011104                __multiply
 .text.__pow5mult
                0x0000000008011254       0xb4 /opt/zephyr-sdk/arm-zephyr-eabi/arm-zephyr-eabi/lib/thumb/v7e-m/nofp/libc_nano.a(lib_a-mprec.o)
                0x0000000008011254                __pow5mult
 .text.__lshift
                0x0000000008011308       0xe0 /opt/zephyr-sdk/arm-zephyr-eabi/arm-zephyr-eabi/lib/thumb/v7e-m/nofp/libc_nano.a(lib_a-mprec.o)
                0x0000000008011308                __lshift
 .text.__mdiff  0x00000000080113e8      0x110 /opt/zephyr-sdk/arm-zephyr-eabi/arm-zephyr-eabi/lib/thumb/v7e-m/nofp/libc_nano.a(lib_a-mprec.o)
                0x00000000080113e8                __mdiff
 .text.__d2b    0x00000000080114f8       0xb8 /opt/zephyr-sdk/arm-zephyr-eabi/arm-zephyr-eabi/lib/thumb/v7e-m/nofp/libc_nano.a(lib_a-mprec.o)
                0x00000000080114f8                __d2b
 .text._write_r
                0x00000000080115b0       0x24 /opt/zephyr-sdk/arm-zephyr-eabi/arm-zephyr-eabi/lib/thumb/v7e-m/nofp/libc_nano.a(lib_a-writer.o)
                0x00000000080115b0                _write_r
 .text._close_r
                0x00000000080115d4       0x20 /opt/zephyr-sdk/arm-zephyr-eabi/arm-zephyr-eabi/lib/thumb/v7e-m/nofp/libc_nano.a(lib_a-closer.o)
                0x00000000080115d4                _close_r
 .text._fstat_r
                0x00000000080115f4       0x24 /opt/zephyr-sdk/arm-zephyr-eabi/arm-zephyr-eabi/lib/thumb/v7e-m/nofp/libc_nano.a(lib_a-fstatr.o)
                0x00000000080115f4                _fstat_r
 .text._isatty_r
                0x0000000008011618       0x20 /opt/zephyr-sdk/arm-zephyr-eabi/arm-zephyr-eabi/lib/thumb/v7e-m/nofp/libc_nano.a(lib_a-isattyr.o)
                0x0000000008011618                _isatty_r
 .text._lseek_r
                0x0000000008011638       0x24 /opt/zephyr-sdk/arm-zephyr-eabi/arm-zephyr-eabi/lib/thumb/v7e-m/nofp/libc_nano.a(lib_a-lseekr.o)
                0x0000000008011638                _lseek_r
 .text._read_r  0x000000000801165c       0x24 /opt/zephyr-sdk/arm-zephyr-eabi/arm-zephyr-eabi/lib/thumb/v7e-m/nofp/libc_nano.a(lib_a-readr.o)
                0x000000000801165c                _read_r
 .text._OffsetAbsSyms
                0x0000000008011680        0x2 zephyr/CMakeFiles/offsets.dir/./arch/arm/core/offsets/offsets.c.obj
                0x0000000008011680                _OffsetAbsSyms
 .text.work_button_pressed_handler_dev
                0x0000000008011682        0x2 app/libapp.a(lora_rr_base_station.cc.obj)
                0x0000000008011682                work_button_pressed_handler_dev
 .text.cbprintf_via_va_list
                0x0000000008011684        0xe zephyr/libzephyr.a(cbprintf_packaged.c.obj)
 .text.cbpprintf_external
                0x0000000008011692       0x5a zephyr/libzephyr.a(cbprintf_packaged.c.obj)
                0x0000000008011692                cbpprintf_external
 .text.arch_printk_char_out
                0x00000000080116ec        0x4 zephyr/libzephyr.a(printk.c.obj)
                0x00000000080116ec                arch_printk_char_out
 .text.str_out  0x00000000080116f0       0x30 zephyr/libzephyr.a(printk.c.obj)
 .text.printk   0x0000000008011720       0x1c zephyr/libzephyr.a(printk.c.obj)
                0x0000000008011720                printk
 .text.snprintk
                0x000000000801173c       0x1c zephyr/libzephyr.a(printk.c.obj)
                0x000000000801173c                snprintk
 .text.z_thread_entry
                0x0000000008011758       0x14 zephyr/libzephyr.a(thread_entry.c.obj)
                0x0000000008011758                z_thread_entry
 .text.free_list_add_bidx
                0x000000000801176c       0x50 zephyr/libzephyr.a(heap.c.obj)
 .text.free_list_add
                0x00000000080117bc       0x18 zephyr/libzephyr.a(heap.c.obj)
 .text.sys_heap_init
                0x00000000080117d4       0x84 zephyr/libzephyr.a(heap.c.obj)
                0x00000000080117d4                sys_heap_init
 .text.outs     0x0000000008011858       0x34 zephyr/libzephyr.a(cbprintf_complete.c.obj)
 .text.add_skip_item
                0x000000000801188c       0x52 zephyr/libzephyr.a(mpsc_pbuf.c.obj)
 .text.drop_item_locked
                0x00000000080118de      0x112 zephyr/libzephyr.a(mpsc_pbuf.c.obj)
 .text.mpsc_pbuf_init
                0x00000000080119f0       0x4a zephyr/libzephyr.a(mpsc_pbuf.c.obj)
                0x00000000080119f0                mpsc_pbuf_init
 .text.mpsc_pbuf_alloc
                0x0000000008011a3a      0x12e zephyr/libzephyr.a(mpsc_pbuf.c.obj)
                0x0000000008011a3a                mpsc_pbuf_alloc
 .text.mpsc_pbuf_commit
                0x0000000008011b68       0x4c zephyr/libzephyr.a(mpsc_pbuf.c.obj)
                0x0000000008011b68                mpsc_pbuf_commit
 .text.mpsc_pbuf_claim
                0x0000000008011bb4       0xe2 zephyr/libzephyr.a(mpsc_pbuf.c.obj)
                0x0000000008011bb4                mpsc_pbuf_claim
 .text.mpsc_pbuf_free
                0x0000000008011c96       0x7a zephyr/libzephyr.a(mpsc_pbuf.c.obj)
                0x0000000008011c96                mpsc_pbuf_free
 .text.mpsc_pbuf_is_pending
                0x0000000008011d10       0x18 zephyr/libzephyr.a(mpsc_pbuf.c.obj)
                0x0000000008011d10                mpsc_pbuf_is_pending
 .text._ConfigAbsSyms
                0x0000000008011d28        0x2 zephyr/libzephyr.a(configs.c.obj)
                0x0000000008011d28                _ConfigAbsSyms
 .text.st_stm32_common_config
                0x0000000008011d2a        0x4 zephyr/libzephyr.a(soc_config.c.obj)
 .text.log_msg2_generic_get_wlen
                0x0000000008011d2e       0x22 zephyr/libzephyr.a(log_core.c.obj)
 .text.dummy_timestamp
                0x0000000008011d50        0x4 zephyr/libzephyr.a(log_core.c.obj)
 .text.msg_filter_check
                0x0000000008011d54        0x4 zephyr/libzephyr.a(log_core.c.obj)
 .text.default_lf_get_timestamp
                0x0000000008011d58       0x10 zephyr/libzephyr.a(log_core.c.obj)
 .text.notify_drop
                0x0000000008011d68        0xa zephyr/libzephyr.a(log_core.c.obj)
 .text.get_msg  0x0000000008011d72        0x8 zephyr/libzephyr.a(log_core.c.obj)
                0x0000000008011d72                get_msg
 .text.next_pending
                0x0000000008011d7a        0x8 zephyr/libzephyr.a(log_core.c.obj)
 .text.z_log_get_tag
                0x0000000008011d82        0x4 zephyr/libzephyr.a(log_core.c.obj)
                0x0000000008011d82                z_log_get_tag
 .text.buffer_write
                0x0000000008011d86       0x1a zephyr/libzephyr.a(log_output.c.obj)
 .text.color_prefix
                0x0000000008011da0        0xc zephyr/libzephyr.a(log_output.c.obj)
 .text.color_postfix
                0x0000000008011dac        0xc zephyr/libzephyr.a(log_output.c.obj)
 .text.postfix_print
                0x0000000008011db8       0x18 zephyr/libzephyr.a(log_output.c.obj)
 .text.log_msg2_hexdump
                0x0000000008011dd0       0x36 zephyr/libzephyr.a(log_output.c.obj)
 .text.log_output_flush
                0x0000000008011e06       0x1a zephyr/libzephyr.a(log_output.c.obj)
                0x0000000008011e06                log_output_flush
 .text.out_func
                0x0000000008011e20       0x38 zephyr/libzephyr.a(log_output.c.obj)
 .text.cr_out_func
                0x0000000008011e58       0x1c zephyr/libzephyr.a(log_output.c.obj)
 .text.z_log_msg2_finalize
                0x0000000008011e74       0x32 zephyr/libzephyr.a(log_msg2.c.obj)
                0x0000000008011e74                z_log_msg2_finalize
 .text.z_impl_z_log_msg2_static_create
                0x0000000008011ea6       0x46 zephyr/libzephyr.a(log_msg2.c.obj)
                0x0000000008011ea6                z_impl_z_log_msg2_static_create
 .text.z_impl_z_log_msg2_runtime_vcreate
                0x0000000008011eec       0x88 zephyr/libzephyr.a(log_msg2.c.obj)
                0x0000000008011eec                z_impl_z_log_msg2_runtime_vcreate
 .text.z_cpp_init_static
                0x0000000008011f74        0xc zephyr/libzephyr.a(cpp_init.c.obj)
                0x0000000008011f74                z_cpp_init_static
 .text.__cxa_atexit
                0x0000000008011f80        0x4 zephyr/libzephyr.a(cpp_dtors.c.obj)
                0x0000000008011f80                __cxa_atexit
 .text.z_arm_fatal_error
                0x0000000008011f84       0x18 zephyr/arch/arch/arm/core/aarch32/libarch__arm__core__aarch32.a(fatal.c.obj)
                0x0000000008011f84                z_arm_fatal_error
 .text.z_do_kernel_oops
                0x0000000008011f9c        0xc zephyr/arch/arch/arm/core/aarch32/libarch__arm__core__aarch32.a(fatal.c.obj)
                0x0000000008011f9c                z_do_kernel_oops
 .text.z_irq_spurious
                0x0000000008011fa8        0xc zephyr/arch/arch/arm/core/aarch32/libarch__arm__core__aarch32.a(irq_manage.c.obj)
                0x0000000008011fa8                z_irq_spurious
 .text.z_arm_nmi
                0x0000000008011fb4        0xc zephyr/arch/arch/arm/core/aarch32/libarch__arm__core__aarch32.a(nmi.c.obj)
                0x0000000008011fb4                z_arm_nmi
 .text.__aeabi_atexit
                0x0000000008011fc0        0xe zephyr/arch/arch/arm/core/aarch32/libarch__arm__core__aarch32.a(__aeabi_atexit.c.obj)
                0x0000000008011fc0                __aeabi_atexit
 .text.memory_fault_recoverable
                0x0000000008011fce        0x4 zephyr/arch/arch/arm/core/aarch32/cortex_m/libarch__arm__core__aarch32__cortex_m.a(fault.c.obj)
 .text.z_log_msg2_runtime_create
                0x0000000008011fd2       0x1a zephyr/arch/arch/arm/core/aarch32/cortex_m/libarch__arm__core__aarch32__cortex_m.a(fault.c.obj)
 .text.fault_handle
                0x0000000008011fec       0x4a zephyr/arch/arch/arm/core/aarch32/cortex_m/libarch__arm__core__aarch32__cortex_m.a(fault.c.obj)
 .text.mpu_partition_is_valid
                0x0000000008012036       0x22 zephyr/arch/arch/arm/core/aarch32/mpu/libarch__arm__core__aarch32__mpu.a(arm_mpu.c.obj)
 .text.mpu_configure_region
                0x0000000008012058       0x3e zephyr/arch/arch/arm/core/aarch32/mpu/libarch__arm__core__aarch32__mpu.a(arm_mpu.c.obj)
 .text.arm_core_mpu_configure_static_mpu_regions
                0x0000000008012096        0x8 zephyr/arch/arch/arm/core/aarch32/mpu/libarch__arm__core__aarch32__mpu.a(arm_mpu.c.obj)
                0x0000000008012096                arm_core_mpu_configure_static_mpu_regions
 .text.arm_core_mpu_configure_dynamic_mpu_regions
                0x000000000801209e        0x8 zephyr/arch/arch/arm/core/aarch32/mpu/libarch__arm__core__aarch32__mpu.a(arm_mpu.c.obj)
                0x000000000801209e                arm_core_mpu_configure_dynamic_mpu_regions
 .text.malloc_prepare
                0x00000000080120a6        0x4 zephyr/lib/libc/newlib/liblib__libc__newlib.a(libc-hooks.c.obj)
 .text._stdout_hook_default
                0x00000000080120aa        0x6 zephyr/lib/libc/newlib/liblib__libc__newlib.a(libc-hooks.c.obj)
 .text._stdin_hook_default
                0x00000000080120b0        0x4 zephyr/lib/libc/newlib/liblib__libc__newlib.a(libc-hooks.c.obj)
 .text._read    0x00000000080120b4        0xc zephyr/lib/libc/newlib/liblib__libc__newlib.a(libc-hooks.c.obj)
                0x00000000080120b4                read
                0x00000000080120b4                _read
 .text._write   0x00000000080120c0        0xc zephyr/lib/libc/newlib/liblib__libc__newlib.a(libc-hooks.c.obj)
                0x00000000080120c0                write
                0x00000000080120c0                _write
 .text._close   0x00000000080120cc        0x6 zephyr/lib/libc/newlib/liblib__libc__newlib.a(libc-hooks.c.obj)
                0x00000000080120cc                close
                0x00000000080120cc                _close
 .text._lseek   0x00000000080120d2        0x4 zephyr/lib/libc/newlib/liblib__libc__newlib.a(libc-hooks.c.obj)
                0x00000000080120d2                lseek
                0x00000000080120d2                _lseek
 .text._isatty  0x00000000080120d6        0xa zephyr/lib/libc/newlib/liblib__libc__newlib.a(libc-hooks.c.obj)
                0x00000000080120d6                isatty
                0x00000000080120d6                _isatty
 .text._kill    0x00000000080120e0        0x4 zephyr/lib/libc/newlib/liblib__libc__newlib.a(libc-hooks.c.obj)
                0x00000000080120e0                kill
                0x00000000080120e0                _kill
 .text._getpid  0x00000000080120e4        0x4 zephyr/lib/libc/newlib/liblib__libc__newlib.a(libc-hooks.c.obj)
                0x00000000080120e4                _getpid
                0x00000000080120e4                getpid
 .text._fstat   0x00000000080120e8        0xa zephyr/lib/libc/newlib/liblib__libc__newlib.a(libc-hooks.c.obj)
                0x00000000080120e8                _fstat
                0x00000000080120e8                fstat
 .text.__retarget_lock_init_recursive