Archive member included to satisfy reference by file (symbol)

app/libapp.a(lora_russia_railways.c.obj)
                              (--whole-archive)
app/libapp.a(main.c.obj)      (--whole-archive)
zephyr/libzephyr.a(cbprintf.c.obj)
                              (--whole-archive)
zephyr/libzephyr.a(cbprintf_packaged.c.obj)
                              (--whole-archive)
zephyr/libzephyr.a(crc32c_sw.c.obj)
                              (--whole-archive)
zephyr/libzephyr.a(crc32_sw.c.obj)
                              (--whole-archive)
zephyr/libzephyr.a(crc16_sw.c.obj)
                              (--whole-archive)
zephyr/libzephyr.a(crc8_sw.c.obj)
                              (--whole-archive)
zephyr/libzephyr.a(crc7_sw.c.obj)
                              (--whole-archive)
zephyr/libzephyr.a(dec.c.obj)
                              (--whole-archive)
zephyr/libzephyr.a(fdtable.c.obj)
                              (--whole-archive)
zephyr/libzephyr.a(hex.c.obj)
                              (--whole-archive)
zephyr/libzephyr.a(notify.c.obj)
                              (--whole-archive)
zephyr/libzephyr.a(printk.c.obj)
                              (--whole-archive)
zephyr/libzephyr.a(onoff.c.obj)
                              (--whole-archive)
zephyr/libzephyr.a(rb.c.obj)  (--whole-archive)
zephyr/libzephyr.a(sem.c.obj)
                              (--whole-archive)
zephyr/libzephyr.a(thread_entry.c.obj)
                              (--whole-archive)
zephyr/libzephyr.a(timeutil.c.obj)
                              (--whole-archive)
zephyr/libzephyr.a(heap.c.obj)
                              (--whole-archive)
zephyr/libzephyr.a(heap-validate.c.obj)
                              (--whole-archive)
zephyr/libzephyr.a(bitarray.c.obj)
                              (--whole-archive)
zephyr/libzephyr.a(cbprintf_complete.c.obj)
                              (--whole-archive)
zephyr/libzephyr.a(mpsc_pbuf.c.obj)
                              (--whole-archive)
zephyr/libzephyr.a(configs.c.obj)
                              (--whole-archive)
zephyr/libzephyr.a(soc.c.obj)
                              (--whole-archive)
zephyr/libzephyr.a(stm32cube_hal.c.obj)
                              (--whole-archive)
zephyr/libzephyr.a(soc_config.c.obj)
                              (--whole-archive)
zephyr/libzephyr.a(log_list.c.obj)
                              (--whole-archive)
zephyr/libzephyr.a(log_core.c.obj)
                              (--whole-archive)
zephyr/libzephyr.a(log_mgmt.c.obj)
                              (--whole-archive)
zephyr/libzephyr.a(log_msg.c.obj)
                              (--whole-archive)
zephyr/libzephyr.a(log_output.c.obj)
                              (--whole-archive)
zephyr/libzephyr.a(log_backend_uart.c.obj)
                              (--whole-archive)
zephyr/libzephyr.a(cpp_init.c.obj)
                              (--whole-archive)
zephyr/libzephyr.a(cpp_init_array.c.obj)
                              (--whole-archive)
zephyr/libzephyr.a(cpp_ctors.c.obj)
                              (--whole-archive)
zephyr/libzephyr.a(cpp_dtors.c.obj)
                              (--whole-archive)
zephyr/libzephyr.a(tracing_none.c.obj)
                              (--whole-archive)
zephyr/libzephyr.a(pinmux_stm32.c.obj)
                              (--whole-archive)
zephyr/arch/common/libarch__common.a(sw_isr_common.c.obj)
                              (--whole-archive)
zephyr/arch/arch/arm/core/aarch32/libarch__arm__core__aarch32.a(cpu_idle.S.obj)
                              (--whole-archive)
zephyr/arch/arch/arm/core/aarch32/libarch__arm__core__aarch32.a(fatal.c.obj)
                              (--whole-archive)
zephyr/arch/arch/arm/core/aarch32/libarch__arm__core__aarch32.a(irq_manage.c.obj)
                              (--whole-archive)
zephyr/arch/arch/arm/core/aarch32/libarch__arm__core__aarch32.a(nmi.c.obj)
                              (--whole-archive)
zephyr/arch/arch/arm/core/aarch32/libarch__arm__core__aarch32.a(nmi_on_reset.S.obj)
                              (--whole-archive)
zephyr/arch/arch/arm/core/aarch32/libarch__arm__core__aarch32.a(prep_c.c.obj)
                              (--whole-archive)
zephyr/arch/arch/arm/core/aarch32/libarch__arm__core__aarch32.a(swap.c.obj)
                              (--whole-archive)
zephyr/arch/arch/arm/core/aarch32/libarch__arm__core__aarch32.a(swap_helper.S.obj)
                              (--whole-archive)
zephyr/arch/arch/arm/core/aarch32/libarch__arm__core__aarch32.a(thread.c.obj)
                              (--whole-archive)
zephyr/arch/arch/arm/core/aarch32/libarch__arm__core__aarch32.a(isr_wrapper.S.obj)
                              (--whole-archive)
zephyr/arch/arch/arm/core/aarch32/libarch__arm__core__aarch32.a(__aeabi_atexit.c.obj)
                              (--whole-archive)
zephyr/arch/arch/arm/core/aarch32/cortex_m/libarch__arm__core__aarch32__cortex_m.a(exc_exit.S.obj)
[...]
Memory Configuration

Name             Origin             Length             Attributes
FLASH            0x0000000008000000 0x0000000000080000 xr
SRAM             0x0000000020000000 0x0000000000028000 xw
IDT_LIST         0x00000000fffff7ff 0x0000000000000800 xw
*default*        0x0000000000000000 0xffffffffffffffff

Linker script and memory map

LOAD zephyr/CMakeFiles/zephyr_prebuilt.dir/misc/empty_file.c.obj
LOAD zephyr/CMakeFiles/offsets.dir/./arch/arm/core/offsets/offsets.c.obj
                0x0000000000000020                _region_min_align = 0x20

.rel.plt        0x0000000008000000        0x0
 *(SORT_BY_ALIGNMENT(.rel.plt))
                [!provide]                        PROVIDE (__rel_iplt_start = .)
 *(SORT_BY_ALIGNMENT(.rel.iplt))
 .rel.iplt      0x0000000008000000        0x0 app/libapp.a(lora_russia_railways.c.obj)
                [!provide]                        PROVIDE (__rel_iplt_end = .)

.rela.plt       0x0000000000000000        0x0
 *(SORT_BY_ALIGNMENT(.rela.plt))
                [!provide]                        PROVIDE (__rela_iplt_start = .)
 *(SORT_BY_ALIGNMENT(.rela.iplt))
                [!provide]                        PROVIDE (__rela_iplt_end = .)

.rel.dyn
 *(SORT_BY_ALIGNMENT(.rel.*))

.rela.dyn
 *(SORT_BY_ALIGNMENT(.rela.*))

/DISCARD/
 *(SORT_BY_ALIGNMENT(.plt))
 *(SORT_BY_ALIGNMENT(.iplt))
 *(SORT_BY_ALIGNMENT(.got.plt))
 *(SORT_BY_ALIGNMENT(.igot.plt))
 *(SORT_BY_ALIGNMENT(.got))
 *(SORT_BY_ALIGNMENT(.igot))
 *(SORT_BY_ALIGNMENT(.note.GNU-stack))
                0x0000000008000000                __rom_region_start = 0x8000000

rom_start       0x0000000008000000      0x194
                0x0000000000000000                . = 0x0
                0x0000000000000000                . = ALIGN (0x4)
                0x0000000000000000                . = ALIGN (0x80)
                0x0000000000000000                . = ALIGN (0x200)
                0x0000000008000000                _vector_start = .
 *(SORT_BY_ALIGNMENT(.exc_vector_table))
 *(SORT_BY_ALIGNMENT(.exc_vector_table.*))
 .exc_vector_table._vector_table_section
                0x0000000008000000       0x40 zephyr/arch/arch/arm/core/aarch32/cortex_m/libarch__arm__core__aarch32__cortex_m.a(vector_table.S.obj)
                0x0000000008000000                _vector_table
 *(SORT_BY_ALIGNMENT(.gnu.linkonce.irq_vector_table*))
 .gnu.linkonce.irq_vector_table
                0x0000000008000040      0x154 zephyr/arch/common/libisr_tables.a(isr_tables.c.obj)
                0x0000000008000040                _irq_vector_table
 *(SORT_BY_ALIGNMENT(.vectors))
                0x0000000008000194                _vector_end = .

text            0x00000000080001a0     0x9a16
                0x00000000080001a0                __text_region_start = .
 *(SORT_BY_ALIGNMENT(.text))
 .text          0x00000000080001a0       0xa0 /opt/zephyr-sdk/arm-zephyr-eabi/arm-zephyr-eabi/lib/thumb/v7e-m/nofp/libc_nano.a(lib_a-memchr.o)
                0x00000000080001a0                memchr
 .text          0x0000000008000240      0x378 /opt/zephyr-sdk/arm-zephyr-eabi/bin/../lib/gcc/arm-zephyr-eabi/10.3.0/thumb/v7e-m/nofp/libgcc.a(_arm_addsubdf3.o)
                0x0000000008000240                __aeabi_drsub
                0x0000000008000248                __aeabi_dsub
                0x0000000008000248                __subdf3
                0x000000000800024c                __adddf3
                0x000000000800024c                __aeabi_dadd
                0x00000000080004c4                __aeabi_ui2d
                0x00000000080004c4                __floatunsidf
                0x00000000080004e4                __floatsidf
                0x00000000080004e4                __aeabi_i2d
                0x0000000008000508                __extendsfdf2
                0x0000000008000508                __aeabi_f2d
                0x000000000800054c                __aeabi_ul2d
                0x000000000800054c                __floatundidf
                0x000000000800055c                __floatdidf
                0x000000000800055c                __aeabi_l2d
 .text          0x00000000080005b8      0x424 /opt/zephyr-sdk/arm-zephyr-eabi/bin/../lib/gcc/arm-zephyr-eabi/10.3.0/thumb/v7e-m/nofp/libgcc.a(_arm_muldivdf3.o)
                0x00000000080005b8                __aeabi_dmul
                0x00000000080005b8                __muldf3
                0x000000000800080c                __aeabi_ddiv
                0x000000000800080c                __divdf3
 .text          0x00000000080009dc       0x30 /opt/zephyr-sdk/arm-zephyr-eabi/bin/../lib/gcc/arm-zephyr-eabi/10.3.0/thumb/v7e-m/nofp/libgcc.a(_aeabi_uldivmod.o)
                0x00000000080009dc                __aeabi_uldivmod
 .text          0x0000000008000a0c        0x4 /opt/zephyr-sdk/arm-zephyr-eabi/bin/../lib/gcc/arm-zephyr-eabi/10.3.0/thumb/v7e-m/nofp/libgcc.a(_dvmd_tls.o)
                0x0000000008000a0c                __aeabi_ldiv0
                0x0000000008000a0c                __aeabi_idiv0
 .text          0x0000000008000a10      0x110 /opt/zephyr-sdk/arm-zephyr-eabi/bin/../lib/gcc/arm-zephyr-eabi/10.3.0/thumb/v7e-m/nofp/libgcc.a(_arm_cmpdf2.o)
                0x0000000008000a10                __gtdf2
                0x0000000008000a10                __gedf2
                0x0000000008000a18                __ltdf2
                0x0000000008000a18                __ledf2
                0x0000000008000a20                __cmpdf2
                0x0000000008000a20                __eqdf2
                0x0000000008000a20                __nedf2
                0x0000000008000a9c                __aeabi_cdrcmple
                0x0000000008000aac                __aeabi_cdcmple
                0x0000000008000aac                __aeabi_cdcmpeq
                0x0000000008000abc                __aeabi_dcmpeq
                0x0000000008000ad0                __aeabi_dcmplt
                0x0000000008000ae4                __aeabi_dcmple
                0x0000000008000af8                __aeabi_dcmpge
                0x0000000008000b0c                __aeabi_dcmpgt
 .text          0x0000000008000b20       0x2c /opt/zephyr-sdk/arm-zephyr-eabi/bin/../lib/gcc/arm-zephyr-eabi/10.3.0/thumb/v7e-m/nofp/libgcc.a(_arm_unorddf2.o)
                0x0000000008000b20                __aeabi_dcmpun
                0x0000000008000b20                __unorddf2
 .text          0x0000000008000b4c       0x50 /opt/zephyr-sdk/arm-zephyr-eabi/bin/../lib/gcc/arm-zephyr-eabi/10.3.0/thumb/v7e-m/nofp/libgcc.a(_arm_fixdfsi.o)
                0x0000000008000b4c                __fixdfsi
                0x0000000008000b4c                __aeabi_d2iz
 .text          0x0000000008000b9c      0x2a6 /opt/zephyr-sdk/arm-zephyr-eabi/bin/../lib/gcc/arm-zephyr-eabi/10.3.0/thumb/v7e-m/nofp/libgcc.a(_udivmoddi4.o)
                0x0000000008000b9c                __udivmoddi4
 .text          0x0000000008000e42       0x10 /opt/zephyr-sdk/arm-zephyr-eabi/arm-zephyr-eabi/lib/thumb/v7e-m/nofp/libc_nano.a(lib_a-strlen.o)
                0x0000000008000e42                strlen
 *(SORT_BY_ALIGNMENT(.text.*))
 *fill*         0x0000000008000e52        0x6 
 .text._dtoa_r  0x0000000008000e58      0xbdc /opt/zephyr-sdk/arm-zephyr-eabi/arm-zephyr-eabi/lib/thumb/v7e-m/nofp/libc_nano.a(lib_a-dtoa.o)
                0x0000000008000e58                _dtoa_r
 .text.read_write_message
                0x0000000008001a34      0x10c app/libapp.a(lora_russia_railways.c.obj)
                0x0000000008001a34                read_write_message
 .text.send_msg
                0x0000000008001b40       0x40 app/libapp.a(lora_russia_railways.c.obj)
                0x0000000008001b40                send_msg
 .text.recv_msg
                0x0000000008001b80       0x40 app/libapp.a(lora_russia_railways.c.obj)
                0x0000000008001b80                recv_msg
 .text.main     0x0000000008001bc0       0x3c app/libapp.a(main.c.obj)
                0x0000000008001bc0                main
 .text.char_out
                0x0000000008001bfc       0x14 zephyr/libzephyr.a(printk.c.obj)
 .text.__printk_hook_install
                0x0000000008001c10        0xc zephyr/libzephyr.a(printk.c.obj)
                0x0000000008001c10                __printk_hook_install
 .text.vprintk  0x0000000008001c1c       0x20 zephyr/libzephyr.a(printk.c.obj)
                0x0000000008001c1c                vprintk
 .text.vsnprintk
                0x0000000008001c3c       0x2c zephyr/libzephyr.a(printk.c.obj)
                0x0000000008001c3c                vsnprintk
 .text.extract_decimal
                0x0000000008001c68       0x2c zephyr/libzephyr.a(cbprintf_complete.c.obj)
 .text.extract_conversion
                0x0000000008001c94      0x314 zephyr/libzephyr.a(cbprintf_complete.c.obj)
 .text.encode_uint
                0x0000000008001fa8       0xe0 zephyr/libzephyr.a(cbprintf_complete.c.obj)
 .text.cbvprintf
                0x0000000008002088      0x5d0 zephyr/libzephyr.a(cbprintf_complete.c.obj)
                0x0000000008002088                cbvprintf
 .text.stm32l4_init
                0x0000000008002658       0x2c zephyr/libzephyr.a(soc.c.obj)
 .text.is_rodata
                0x0000000008002684       0x20 zephyr/libzephyr.a(log_core.c.obj)
 .text.thread_set
                0x00000000080026a4       0x28 zephyr/libzephyr.a(log_core.c.obj)
 .text.log_process_thread_timer_expiry_fn
                0x00000000080026cc       0x10 zephyr/libzephyr.a(log_core.c.obj)
 .text.next_pending
                0x00000000080026dc       0x14 zephyr/libzephyr.a(log_core.c.obj)
 .text.enable_logger
                0x00000000080026f0       0x5c zephyr/libzephyr.a(log_core.c.obj)
 .text.z_log_get_s_mask
                0x000000000800274c       0x4c zephyr/libzephyr.a(log_core.c.obj)
                0x000000000800274c                z_log_get_s_mask
 .text.log_core_init
                0x0000000008002798       0x50 zephyr/libzephyr.a(log_core.c.obj)
                0x0000000008002798                log_core_init
 .text.log_init
                0x00000000080027e8       0x70 zephyr/libzephyr.a(log_core.c.obj)
                0x00000000080027e8                log_init
 .text.get_msg  0x0000000008002858       0x28 zephyr/libzephyr.a(log_core.c.obj)
                0x0000000008002858                get_msg
 .text.z_log_notify_backend_enabled
                0x0000000008002880       0x20 zephyr/libzephyr.a(log_core.c.obj)
                0x0000000008002880                z_log_notify_backend_enabled
 .text.z_log_dropped
                0x00000000080028a0       0x20 zephyr/libzephyr.a(log_core.c.obj)
                0x00000000080028a0                z_log_dropped
 .text.z_log_dropped_read_and_clear
                0x00000000080028c0       0x20 zephyr/libzephyr.a(log_core.c.obj)
                0x00000000080028c0                z_log_dropped_read_and_clear
 .text.dropped_notify
                0x00000000080028e0       0x44 zephyr/libzephyr.a(log_core.c.obj)
                0x00000000080028e0                dropped_notify
 .text.z_log_dropped_pending
                0x0000000008002924       0x14 zephyr/libzephyr.a(log_core.c.obj)
                0x0000000008002924                z_log_dropped_pending
 .text.z_log_strdup
                0x0000000008002938       0x60 zephyr/libzephyr.a(log_core.c.obj)
                0x0000000008002938                z_log_strdup
 .text.log_is_strdup
                0x0000000008002998       0x24 zephyr/libzephyr.a(log_core.c.obj)
                0x0000000008002998                log_is_strdup
 .text.detect_missed_strdup
                0x00000000080029bc       0xa8 zephyr/libzephyr.a(log_core.c.obj)
 .text.msg_process
                0x0000000008002a64       0x64 zephyr/libzephyr.a(log_core.c.obj)
 .text.z_impl_log_process
                0x0000000008002ac8       0x50 zephyr/libzephyr.a(log_core.c.obj)
                0x0000000008002ac8                z_impl_log_process
 .text.z_log_msg_post_finalize
                0x0000000008002b18       0x98 zephyr/libzephyr.a(log_core.c.obj)
 .text.log_3    0x0000000008002bb0       0x74 zephyr/libzephyr.a(log_core.c.obj)
                0x0000000008002bb0                log_3
 .text.log_0    0x0000000008002c24       0x54 zephyr/libzephyr.a(log_core.c.obj)
                0x0000000008002c24                log_0
 .text.log_1    0x0000000008002c78       0x64 zephyr/libzephyr.a(log_core.c.obj)
                0x0000000008002c78                log_1
 .text.log_2    0x0000000008002cdc       0x6c zephyr/libzephyr.a(log_core.c.obj)
                0x0000000008002cdc                log_2
 .text.z_impl_log_panic
                0x0000000008002d48       0x58 zephyr/libzephyr.a(log_core.c.obj)
                0x0000000008002d48                z_impl_log_panic
 .text.log_process_thread_func
                0x0000000008002da0       0x2c zephyr/libzephyr.a(log_core.c.obj)
 .text.log_free
                0x0000000008002dcc       0x38 zephyr/libzephyr.a(log_core.c.obj)
                0x0000000008002dcc                log_free
 .text.log_source_name_get
                0x0000000008002e04       0x20 zephyr/libzephyr.a(log_mgmt.c.obj)
                0x0000000008002e04                log_source_name_get
 .text.log_backend_enable
                0x0000000008002e24       0x24 zephyr/libzephyr.a(log_mgmt.c.obj)
                0x0000000008002e24                log_backend_enable
 .text.cont_free
                0x0000000008002e48       0x24 zephyr/libzephyr.a(log_msg.c.obj)
 .text.log_msg_pool_init
                0x0000000008002e6c       0x18 zephyr/libzephyr.a(log_msg.c.obj)
                0x0000000008002e6c                log_msg_pool_init
 .text.log_msg_no_space_handle
                0x0000000008002e84       0x30 zephyr/libzephyr.a(log_msg.c.obj)
                0x0000000008002e84                log_msg_no_space_handle
 .text.log_msg_chunk_alloc
                0x0000000008002eb4       0x38 zephyr/libzephyr.a(log_msg.c.obj)
                0x0000000008002eb4                log_msg_chunk_alloc
 .text.msg_free
                0x0000000008002eec       0x80 zephyr/libzephyr.a(log_msg.c.obj)
 .text.print_formatted
                0x0000000008002f6c       0x24 zephyr/libzephyr.a(log_output.c.obj)
 .text.timestamp_print
                0x0000000008002f90       0x8c zephyr/libzephyr.a(log_output.c.obj)
 .text.color_print
                0x000000000800301c       0x2c zephyr/libzephyr.a(log_output.c.obj)
 .text.newline_print
                0x0000000008003048       0x28 zephyr/libzephyr.a(log_output.c.obj)
 .text.hexdump_line_print
                0x0000000008003070       0xc4 zephyr/libzephyr.a(log_output.c.obj)
 .text.ids_print
                0x0000000008003134       0x6c zephyr/libzephyr.a(log_output.c.obj)
 .text.hexdump_print
                0x00000000080031a0       0x58 zephyr/libzephyr.a(log_output.c.obj)
 .text.raw_string_print
                0x00000000080031f8       0x5c zephyr/libzephyr.a(log_output.c.obj)
 .text.log_output_dropped_process
                0x0000000008003254       0x58 zephyr/libzephyr.a(log_output.c.obj)
                0x0000000008003254                log_output_dropped_process
 .text.log_output_timestamp_freq_set
                0x00000000080032ac       0x2c zephyr/libzephyr.a(log_output.c.obj)
                0x00000000080032ac                log_output_timestamp_freq_set
 .text.char_out
                0x00000000080032d8       0x24 zephyr/libzephyr.a(log_backend_uart.c.obj)
 .text.log_backend_uart_init
                0x00000000080032fc       0x10 zephyr/libzephyr.a(log_backend_uart.c.obj)
 .text.panic    0x000000000800330c       0x10 zephyr/libzephyr.a(log_backend_uart.c.obj)
 .text.dropped  0x000000000800331c       0x10 zephyr/libzephyr.a(log_backend_uart.c.obj)
 .text.put      0x000000000800332c       0x20 zephyr/libzephyr.a(log_backend_uart.c.obj)
 .text.__do_init_array_aux
                0x000000000800334c       0x1c zephyr/libzephyr.a(cpp_init_array.c.obj)
                0x000000000800334c                __do_init_array_aux
 .text.__do_global_ctors_aux
                0x0000000008003368       0x20 zephyr/libzephyr.a(cpp_ctors.c.obj)
                0x0000000008003368                __do_global_ctors_aux
 .text.stm32_pin_configure
                0x0000000008003388       0x4c zephyr/libzephyr.a(pinmux_stm32.c.obj)
 .text.z_arm_cpu_idle_init
                0x00000000080033d4        0xc zephyr/arch/arch/arm/core/aarch32/libarch__arm__core__aarch32.a(cpu_idle.S.obj)
                0x00000000080033d4                z_arm_cpu_idle_init
 .text.arch_cpu_idle
                0x00000000080033e0       0x1c zephyr/arch/arch/arm/core/aarch32/libarch__arm__core__aarch32.a(cpu_idle.S.obj)
                0x00000000080033e0                arch_cpu_idle
 .text.esf_dump
                0x00000000080033fc       0x9c zephyr/arch/arch/arm/core/aarch32/libarch__arm__core__aarch32.a(fatal.c.obj)
 .text.arch_irq_enable
                0x0000000008003498       0x1c zephyr/arch/arch/arm/core/aarch32/libarch__arm__core__aarch32.a(irq_manage.c.obj)
                0x0000000008003498                arch_irq_enable
 .text.z_arm_irq_priority_set
                0x00000000080034b4       0x2c zephyr/arch/arch/arm/core/aarch32/libarch__arm__core__aarch32.a(irq_manage.c.obj)
                0x00000000080034b4                z_arm_irq_priority_set
 .text.z_SysNmiOnReset
                0x00000000080034e0        0x8 zephyr/arch/arch/arm/core/aarch32/libarch__arm__core__aarch32.a(nmi_on_reset.S.obj)
                0x00000000080034e0                z_SysNmiOnReset
 .text.z_arm_prep_c
                0x00000000080034e8       0x48 zephyr/arch/arch/arm/core/aarch32/libarch__arm__core__aarch32.a(prep_c.c.obj)
                0x00000000080034e8                z_arm_prep_c
 .text.arch_swap
                0x0000000008003530       0x34 zephyr/arch/arch/arm/core/aarch32/libarch__arm__core__aarch32.a(swap.c.obj)
                0x0000000008003530                arch_swap
 .text.z_arm_pendsv
                0x0000000008003564       0x54 zephyr/arch/arch/arm/core/aarch32/libarch__arm__core__aarch32.a(swap_helper.S.obj)
                0x0000000008003564                z_arm_pendsv
 .text.z_arm_svc
                0x00000000080035b8       0x20 zephyr/arch/arch/arm/core/aarch32/libarch__arm__core__aarch32.a(swap_helper.S.obj)
                0x00000000080035b8                z_arm_svc
 .text.arch_new_thread
                0x00000000080035d8       0x40 zephyr/arch/arch/arm/core/aarch32/libarch__arm__core__aarch32.a(thread.c.obj)
                0x00000000080035d8                arch_new_thread
 .text.z_check_thread_stack_fail
                0x0000000008003618       0x4c zephyr/arch/arch/arm/core/aarch32/libarch__arm__core__aarch32.a(thread.c.obj)
                0x0000000008003618                z_check_thread_stack_fail
 .text.arch_switch_to_main_thread
                0x0000000008003664       0x2c zephyr/arch/arch/arm/core/aarch32/libarch__arm__core__aarch32.a(thread.c.obj)
                0x0000000008003664                arch_switch_to_main_thread
 .text._isr_wrapper
                0x0000000008003690       0x28 zephyr/arch/arch/arm/core/aarch32/libarch__arm__core__aarch32.a(isr_wrapper.S.obj)
                0x0000000008003690                _isr_wrapper
 .text._HandlerModeExit
                0x00000000080036b8       0x1c zephyr/arch/arch/arm/core/aarch32/cortex_m/libarch__arm__core__aarch32__cortex_m.a(exc_exit.S.obj)
                0x00000000080036b8                z_arm_exc_exit
                0x00000000080036b8                z_arm_int_exit
 .text.usage_fault
                0x00000000080036d4      0x164 zephyr/arch/arch/arm/core/aarch32/cortex_m/libarch__arm__core__aarch32__cortex_m.a(fault.c.obj)
 .text.debug_monitor
                0x0000000008003838       0x34 zephyr/arch/arch/arm/core/aarch32/cortex_m/libarch__arm__core__aarch32__cortex_m.a(fault.c.obj)
 .text.bus_fault
                0x000000000800386c      0x1b0 zephyr/arch/arch/arm/core/aarch32/cortex_m/libarch__arm__core__aarch32__cortex_m.a(fault.c.obj)
 .text.mem_manage_fault
                0x0000000008003a1c      0x1c4 zephyr/arch/arch/arm/core/aarch32/cortex_m/libarch__arm__core__aarch32__cortex_m.a(fault.c.obj)
 .text.hard_fault
                0x0000000008003be0      0x140 zephyr/arch/arch/arm/core/aarch32/cortex_m/libarch__arm__core__aarch32__cortex_m.a(fault.c.obj)
 .text.reserved_exception
                0x0000000008003d20       0x48 zephyr/arch/arch/arm/core/aarch32/cortex_m/libarch__arm__core__aarch32__cortex_m.a(fault.c.obj)
 .text.z_arm_fault
                0x0000000008003d68       0xd4 zephyr/arch/arch/arm/core/aarch32/cortex_m/libarch__arm__core__aarch32__cortex_m.a(fault.c.obj)
                0x0000000008003d68                z_arm_fault
 .text.z_arm_fault_init
                0x0000000008003e3c       0x10 zephyr/arch/arch/arm/core/aarch32/cortex_m/libarch__arm__core__aarch32__cortex_m.a(fault.c.obj)
                0x0000000008003e3c                z_arm_fault_init
 .text.__fault  0x0000000008003e4c       0x14 zephyr/arch/arch/arm/core/aarch32/cortex_m/libarch__arm__core__aarch32__cortex_m.a(fault_s.S.obj)
                0x0000000008003e4c                z_arm_bus_fault
                0x0000000008003e4c                z_arm_usage_fault
                0x0000000008003e4c                z_arm_mpu_fault
                0x0000000008003e4c                z_arm_exc_spurious
                0x0000000008003e4c                z_arm_debug_monitor
                0x0000000008003e4c                z_arm_hard_fault
 .text.z_arm_interrupt_init
                0x0000000008003e60       0x34 zephyr/arch/arch/arm/core/aarch32/cortex_m/libarch__arm__core__aarch32__cortex_m.a(irq_init.c.obj)
                0x0000000008003e60                z_arm_interrupt_init
 .text._reset_section
                0x0000000008003e94       0x2c zephyr/arch/arch/arm/core/aarch32/cortex_m/libarch__arm__core__aarch32__cortex_m.a(reset.S.obj)
                0x0000000008003e94                z_arm_reset
                0x0000000008003e94                __start
 .text.z_impl_k_thread_abort
                0x0000000008003ec0       0x2c zephyr/arch/arch/arm/core/aarch32/cortex_m/libarch__arm__core__aarch32__cortex_m.a(thread_abort.c.obj)
                0x0000000008003ec0                z_impl_k_thread_abort
 .text.z_arm_configure_static_mpu_regions
                0x0000000008003eec       0x1c zephyr/arch/arch/arm/core/aarch32/mpu/libarch__arm__core__aarch32__mpu.a(arm_core_mpu.c.obj)
                0x0000000008003eec                z_arm_configure_static_mpu_regions
 .text.z_arm_configure_dynamic_mpu_regions
                0x0000000008003f08       0x24 zephyr/arch/arch/arm/core/aarch32/mpu/libarch__arm__core__aarch32__mpu.a(arm_core_mpu.c.obj)
                0x0000000008003f08                z_arm_configure_dynamic_mpu_regions
 .text.region_init
                0x0000000008003f2c       0x28 zephyr/arch/arch/arm/core/aarch32/mpu/libarch__arm__core__aarch32__mpu.a(arm_mpu.c.obj)
 .text.region_allocate_and_init
                0x0000000008003f54       0x44 zephyr/arch/arch/arm/core/aarch32/mpu/libarch__arm__core__aarch32__mpu.a(arm_mpu.c.obj)
 .text.mpu_configure_regions
                0x0000000008003f98       0x80 zephyr/arch/arch/arm/core/aarch32/mpu/libarch__arm__core__aarch32__mpu.a(arm_mpu.c.obj)
 .text.mpu_configure_static_mpu_regions
                0x0000000008004018       0x14 zephyr/arch/arch/arm/core/aarch32/mpu/libarch__arm__core__aarch32__mpu.a(arm_mpu.c.obj)
 .text.mpu_configure_dynamic_mpu_regions
                0x000000000800402c       0x34 zephyr/arch/arch/arm/core/aarch32/mpu/libarch__arm__core__aarch32__mpu.a(arm_mpu.c.obj)
 .text.arm_core_mpu_enable
                0x0000000008004060       0x18 zephyr/arch/arch/arm/core/aarch32/mpu/libarch__arm__core__aarch32__mpu.a(arm_mpu.c.obj)
                0x0000000008004060                arm_core_mpu_enable
 .text.arm_core_mpu_disable
                0x0000000008004078       0x14 zephyr/arch/arch/arm/core/aarch32/mpu/libarch__arm__core__aarch32__mpu.a(arm_mpu.c.obj)
                0x0000000008004078                arm_core_mpu_disable
 .text.z_arm_mpu_init
                0x000000000800408c       0x44 zephyr/arch/arch/arm/core/aarch32/mpu/libarch__arm__core__aarch32__mpu.a(arm_mpu.c.obj)
                0x000000000800408c                z_arm_mpu_init
 .text.__stdout_hook_install
                0x00000000080040d0        0xc zephyr/lib/libc/newlib/liblib__libc__newlib.a(libc-hooks.c.obj)
                0x00000000080040d0                __stdout_hook_install
 .text.z_impl_zephyr_read_stdin
                0x00000000080040dc       0x2c zephyr/lib/libc/newlib/liblib__libc__newlib.a(libc-hooks.c.obj)
                0x00000000080040dc                z_impl_zephyr_read_stdin
 .text.z_impl_zephyr_write_stdout
                0x0000000008004108       0x34 zephyr/lib/libc/newlib/liblib__libc__newlib.a(libc-hooks.c.obj)
                0x0000000008004108                z_impl_zephyr_write_stdout
 .text._exit    0x000000000800413c       0x14 zephyr/lib/libc/newlib/liblib__libc__newlib.a(libc-hooks.c.obj)
                0x000000000800413c                _exit
 .text._sbrk    0x0000000008004150       0x2c zephyr/lib/libc/newlib/liblib__libc__newlib.a(libc-hooks.c.obj)
                0x0000000008004150                _sbrk
                0x0000000008004150                sbrk
 .text.__stm32_exti_isr
                0x000000000800417c       0x4c zephyr/drivers/interrupt_controller/libdrivers__interrupt_controller.a(intc_exti_stm32.c.obj)
 .text.stm32_exti_enable
                0x00000000080041c8       0x20 zephyr/drivers/interrupt_controller/libdrivers__interrupt_controller.a(intc_exti_stm32.c.obj)
                0x00000000080041c8                stm32_exti_enable
 .text.stm32_exti_disable
                0x00000000080041e8       0x18 zephyr/drivers/interrupt_controller/libdrivers__interrupt_controller.a(intc_exti_stm32.c.obj)
                0x00000000080041e8                stm32_exti_disable
 .text.stm32_exti_trigger
                0x0000000008004200       0x70 zephyr/drivers/interrupt_controller/libdrivers__interrupt_controller.a(intc_exti_stm32.c.obj)
                0x0000000008004200                stm32_exti_trigger
 .text.stm32_exti_set_callback
                0x0000000008004270       0x24 zephyr/drivers/interrupt_controller/libdrivers__interrupt_controller.a(intc_exti_stm32.c.obj)
                0x0000000008004270                stm32_exti_set_callback
 .text.stm32_exti_unset_callback
                0x0000000008004294       0x14 zephyr/drivers/interrupt_controller/libdrivers__interrupt_controller.a(intc_exti_stm32.c.obj)
                0x0000000008004294                stm32_exti_unset_callback
 .text.stm32_clock_control_on
                0x00000000080042a8       0xa4 zephyr/drivers/clock_control/libdrivers__clock_control.a(clock_stm32_ll_common.c.obj)
 .text.stm32_clock_control_off
                0x000000000800434c       0x88 zephyr/drivers/clock_control/libdrivers__clock_control.a(clock_stm32_ll_common.c.obj)
 .text.stm32_clock_control_get_subsys_rate
                0x00000000080043d4       0x40 zephyr/drivers/clock_control/libdrivers__clock_control.a(clock_stm32_ll_common.c.obj)
 .text.stm32_clock_switch_to_hsi
                0x0000000008004414       0x48 zephyr/drivers/clock_control/libdrivers__clock_control.a(clock_stm32_ll_common.c.obj)
 .text.stm32_clock_control_init
                0x000000000800445c       0x54 zephyr/drivers/clock_control/libdrivers__clock_control.a(clock_stm32_ll_common.c.obj)
                0x000000000800445c                stm32_clock_control_init
 .text.config_enable_default_clocks
                0x00000000080044b0       0x20 zephyr/drivers/clock_control/libdrivers__clock_control.a(clock_stm32l4_l5_wb_wl.c.obj)
                0x00000000080044b0                config_enable_default_clocks
 .text.console_out
                0x00000000080044d0       0x2c zephyr/drivers/console/libdrivers__console.a(uart_console.c.obj)
 .text.uart_console_hook_install
                0x00000000080044fc       0x18 zephyr/drivers/console/libdrivers__console.a(uart_console.c.obj)
 .text.uart_console_init
                0x0000000008004514       0x30 zephyr/drivers/console/libdrivers__console.a(uart_console.c.obj)
 .text.gpio_stm32_set_exti_source
                0x0000000008004544       0x5c zephyr/drivers/gpio/libdrivers__gpio.a(gpio_stm32.c.obj)
 .text.gpio_stm32_get_exti_source
                0x00000000080045a0       0x4c zephyr/drivers/gpio/libdrivers__gpio.a(gpio_stm32.c.obj)
 .text.gpio_stm32_enable_int
                0x00000000080045ec       0x48 zephyr/drivers/gpio/libdrivers__gpio.a(gpio_stm32.c.obj)
 .text.gpio_stm32_pin_interrupt_configure
                0x0000000008004634       0x94 zephyr/drivers/gpio/libdrivers__gpio.a(gpio_stm32.c.obj)
 .text.gpio_stm32_clock_request
                0x00000000080046c8       0x44 zephyr/drivers/gpio/libdrivers__gpio.a(gpio_stm32.c.obj)
                0x00000000080046c8                gpio_stm32_clock_request
 .text.spi_stm32_configure
                0x000000000800470c      0x284 zephyr/drivers/spi/libdrivers__spi.a(spi_ll_stm32.c.obj)
 .text.spi_stm32_get_err
                0x0000000008004990       0x60 zephyr/drivers/spi/libdrivers__spi.a(spi_ll_stm32.c.obj)
 .text.transceive
                0x00000000080049f0      0x160 zephyr/drivers/spi/libdrivers__spi.a(spi_ll_stm32.c.obj)
 .text.spi_stm32_init
                0x0000000008004b50      0x108 zephyr/drivers/spi/libdrivers__spi.a(spi_ll_stm32.c.obj)
 .text.uart_stm32_configure
                0x0000000008004c58      0x22c zephyr/drivers/serial/libdrivers__serial.a(uart_stm32.c.obj)
 .text.uart_stm32_init
                0x0000000008004e84      0x17c zephyr/drivers/serial/libdrivers__serial.a(uart_stm32.c.obj)
 .text.elapsed  0x0000000008005000       0x3c zephyr/drivers/timer/libdrivers__timer.a(cortex_m_systick.c.obj)
 .text.sys_clock_isr
                0x000000000800503c       0x48 zephyr/drivers/timer/libdrivers__timer.a(cortex_m_systick.c.obj)
                0x000000000800503c                sys_clock_isr
 .text.sys_clock_driver_init
                0x0000000008005084       0x34 zephyr/drivers/timer/libdrivers__timer.a(cortex_m_systick.c.obj)
                0x0000000008005084                sys_clock_driver_init
 .text.sys_clock_set_timeout
                0x00000000080050b8      0x100 zephyr/drivers/timer/libdrivers__timer.a(cortex_m_systick.c.obj)
                0x00000000080050b8                sys_clock_set_timeout
 .text.sys_clock_elapsed
                0x00000000080051b8       0x40 zephyr/drivers/timer/libdrivers__timer.a(cortex_m_systick.c.obj)
                0x00000000080051b8                sys_clock_elapsed
 .text.sys_clock_cycle_get_32
                0x00000000080051f8       0x2c zephyr/drivers/timer/libdrivers__timer.a(cortex_m_systick.c.obj)
                0x00000000080051f8                sys_clock_cycle_get_32
 .text.UTILS_PLL_IsBusy
                0x0000000008005224       0x24 modules/stm32/stm32cube/lib..__modules__hal__stm32__stm32cube.a(stm32l4xx_ll_utils.c.obj)
 .text.LL_SetSystemCoreClock
                0x0000000008005248        0xc modules/stm32/stm32cube/lib..__modules__hal__stm32__stm32cube.a(stm32l4xx_ll_utils.c.obj)
                0x0000000008005248                LL_SetSystemCoreClock
 .text.LL_SetFlashLatency
                0x0000000008005254       0xd0 modules/stm32/stm32cube/lib..__modules__hal__stm32__stm32cube.a(stm32l4xx_ll_utils.c.obj)
                0x0000000008005254                LL_SetFlashLatency
 .text.UTILS_EnablePLLAndSwitchSystem
                0x0000000008005324       0xb0 modules/stm32/stm32cube/lib..__modules__hal__stm32__stm32cube.a(stm32l4xx_ll_utils.c.obj)
 .text.LL_PLL_ConfigSystemClock_HSI
                0x00000000080053d4       0x68 modules/stm32/stm32cube/lib..__modules__hal__stm32__stm32cube.a(stm32l4xx_ll_utils.c.obj)
                0x00000000080053d4                LL_PLL_ConfigSystemClock_HSI
 .text.z_device_state_init
                0x000000000800543c       0x18 zephyr/kernel/libkernel.a(device.c.obj)
                0x000000000800543c                z_device_state_init
 .text.z_sys_init_run_level
                0x0000000008005454       0x50 zephyr/kernel/libkernel.a(device.c.obj)
                0x0000000008005454                z_sys_init_run_level
 .text.reason_to_str
                0x00000000080054a4       0x40 zephyr/kernel/libkernel.a(fatal.c.obj)
 .text.thread_name_get
                0x00000000080054e4       0x20 zephyr/kernel/libkernel.a(fatal.c.obj)
 .text.k_sys_fatal_error_handler
                0x0000000008005504       0x3c zephyr/kernel/libkernel.a(fatal.c.obj)
                0x0000000008005504                k_sys_fatal_error_handler
 .text.z_fatal_error
                0x0000000008005540       0xdc zephyr/kernel/libkernel.a(fatal.c.obj)
                0x0000000008005540                z_fatal_error
 .text.init_idle_thread
                0x000000000800561c       0x58 zephyr/kernel/libkernel.a(init.c.obj)
 .text.prepare_multithreading
                0x0000000008005674       0x94 zephyr/kernel/libkernel.a(init.c.obj)
 .text.bg_thread_main
                0x0000000008005708       0x38 zephyr/kernel/libkernel.a(init.c.obj)
 .text.switch_to_main_thread
                0x0000000008005740       0x14 zephyr/kernel/libkernel.a(init.c.obj)
 .text.z_bss_zero
                0x0000000008005754       0x18 zephyr/kernel/libkernel.a(init.c.obj)
                0x0000000008005754                z_bss_zero
 .text.z_cstart
                0x000000000800576c       0x84 zephyr/kernel/libkernel.a(init.c.obj)
                0x000000000800576c                z_cstart
 .text.init_mem_slab_module
                0x00000000080057f0       0x24 zephyr/kernel/libkernel.a(mem_slab.c.obj)
 .text.k_mem_slab_alloc
                0x0000000008005814       0x68 zephyr/kernel/libkernel.a(mem_slab.c.obj)
                0x0000000008005814                k_mem_slab_alloc
 .text.schedule_new_thread
                0x000000000800587c       0x1c zephyr/kernel/libkernel.a(thread.c.obj)
 .text.z_setup_new_thread
                0x0000000008005898       0x60 zephyr/kernel/libkernel.a(thread.c.obj)
                0x0000000008005898                z_setup_new_thread
 .text.z_init_static_threads
                0x00000000080058f8       0x84 zephyr/kernel/libkernel.a(thread.c.obj)
                0x00000000080058f8                z_init_static_threads
 .text.z_impl_k_mutex_lock
                0x000000000800597c      0x114 zephyr/kernel/libkernel.a(mutex.c.obj)
                0x000000000800597c                z_impl_k_mutex_lock
 .text.z_impl_k_mutex_unlock
                0x0000000008005a90       0x84 zephyr/kernel/libkernel.a(mutex.c.obj)
                0x0000000008005a90                z_impl_k_mutex_unlock
 .text.z_impl_k_sem_give
                0x0000000008005b14       0x44 zephyr/kernel/libkernel.a(sem.c.obj)
                0x0000000008005b14                z_impl_k_sem_give
 .text.z_impl_k_sem_take
                0x0000000008005b58       0x50 zephyr/kernel/libkernel.a(sem.c.obj)
                0x0000000008005b58                z_impl_k_sem_take
 .text.add_thread_timeout
                0x0000000008005ba8       0x20 zephyr/kernel/libkernel.a(sched.c.obj)
 .text.z_reset_time_slice
                0x0000000008005bc8       0x2c zephyr/kernel/libkernel.a(sched.c.obj)
                0x0000000008005bc8                z_reset_time_slice
 .text.k_sched_time_slice_set
                0x0000000008005bf4       0x5c zephyr/kernel/libkernel.a(sched.c.obj)
                0x0000000008005bf4                k_sched_time_slice_set
 .text.z_reschedule
                0x0000000008005c50       0x38 zephyr/kernel/libkernel.a(sched.c.obj)
                0x0000000008005c50                z_reschedule
 .text.k_sched_lock
                0x0000000008005c88       0x34 zephyr/kernel/libkernel.a(sched.c.obj)
                0x0000000008005c88                k_sched_lock
 .text.update_cache
                0x0000000008005cbc       0x4c zephyr/kernel/libkernel.a(sched.c.obj)
 .text.move_thread_to_end_of_prio_q
                0x0000000008005d08       0x88 zephyr/kernel/libkernel.a(sched.c.obj)
 .text.z_time_slice
                0x0000000008005d90       0xac zephyr/kernel/libkernel.a(sched.c.obj)
                0x0000000008005d90                z_time_slice
 .text.ready_thread
                0x0000000008005e3c       0x80 zephyr/kernel/libkernel.a(sched.c.obj)
 .text.z_sched_start
                0x0000000008005ebc       0x3c zephyr/kernel/libkernel.a(sched.c.obj)
                0x0000000008005ebc                z_sched_start
 .text.unready_thread
                0x0000000008005ef8       0x38 zephyr/kernel/libkernel.a(sched.c.obj)
 .text.z_pend_curr
                0x0000000008005f30       0x28 zephyr/kernel/libkernel.a(sched.c.obj)
                0x0000000008005f30                z_pend_curr
 .text.z_set_prio
                0x0000000008005f58       0xc0 zephyr/kernel/libkernel.a(sched.c.obj)
                0x0000000008005f58                z_set_prio
 .text.k_sched_unlock
                0x0000000008006018       0x50 zephyr/kernel/libkernel.a(sched.c.obj)
                0x0000000008006018                k_sched_unlock
 .text.end_thread
                0x0000000008006068       0x94 zephyr/kernel/libkernel.a(sched.c.obj)
 .text.z_sched_init
                0x00000000080060fc       0x1c zephyr/kernel/libkernel.a(sched.c.obj)
                0x00000000080060fc                z_sched_init
 .text.z_impl_z_current_get
                0x0000000008006118        0xc zephyr/kernel/libkernel.a(sched.c.obj)
                0x0000000008006118                z_impl_z_current_get
 .text.z_thread_abort
                0x0000000008006124       0x50 zephyr/kernel/libkernel.a(sched.c.obj)
                0x0000000008006124                z_thread_abort
 .text.z_data_copy
                0x0000000008006174       0x34 zephyr/kernel/libkernel.a(xip.c.obj)
                0x0000000008006174                z_data_copy
 .text.first    0x00000000080061a8       0x14 zephyr/kernel/libkernel.a(timeout.c.obj)
 .text.next     0x00000000080061bc       0x18 zephyr/kernel/libkernel.a(timeout.c.obj)
 .text.elapsed  0x00000000080061d4       0x18 zephyr/kernel/libkernel.a(timeout.c.obj)
 .text.next_timeout
                0x00000000080061ec       0x4c zephyr/kernel/libkernel.a(timeout.c.obj)
 .text.z_add_timeout
                0x0000000008006238      0x11c zephyr/kernel/libkernel.a(timeout.c.obj)
                0x0000000008006238                z_add_timeout
 .text.sys_clock_announce
                0x0000000008006354       0xc4 zephyr/kernel/libkernel.a(timeout.c.obj)
                0x0000000008006354                sys_clock_announce
 .text.sys_clock_tick_get
                0x0000000008006418       0x40 zephyr/kernel/libkernel.a(timeout.c.obj)
                0x0000000008006418                sys_clock_tick_get
 .text.z_impl_k_busy_wait
                0x0000000008006458       0x34 zephyr/kernel/libkernel.a(timeout.c.obj)
                0x0000000008006458                z_impl_k_busy_wait
 .text.z_timer_expiration_handler
                0x000000000800648c       0x78 zephyr/kernel/libkernel.a(timer.c.obj)
                0x000000000800648c                z_timer_expiration_handler
 .text.z_impl_k_timer_start
                0x0000000008006504       0xac zephyr/kernel/libkernel.a(timer.c.obj)
                0x0000000008006504                z_impl_k_timer_start
 .text.boot_banner
                0x00000000080065b0       0x1c zephyr/kernel/libkernel.a(banner.c.obj)
                0x00000000080065b0                boot_banner
 .text.malloc   0x00000000080065cc       0x10 /opt/zephyr-sdk/arm-zephyr-eabi/arm-zephyr-eabi/lib/thumb/v7e-m/nofp/libc_nano.a(lib_a-malloc.o)
                0x00000000080065cc                malloc
 .text._free_r  0x00000000080065dc       0x94 /opt/zephyr-sdk/arm-zephyr-eabi/arm-zephyr-eabi/lib/thumb/v7e-m/nofp/libc_nano.a(lib_a-nano-freer.o)
                0x00000000080065dc                _free_r
 .text._malloc_r
                0x0000000008006670       0xb4 /opt/zephyr-sdk/arm-zephyr-eabi/arm-zephyr-eabi/lib/thumb/v7e-m/nofp/libc_nano.a(lib_a-nano-mallocr.o)
                0x0000000008006670                _malloc_r
 .text._printf_float
                0x0000000008006724      0x454 /opt/zephyr-sdk/arm-zephyr-eabi/arm-zephyr-eabi/lib/thumb/v7e-m/nofp/libc_nano.a(lib_a-nano-vfprintf_float.o)
                0x0000000008006724                _printf_float
 .text._printf_i
                0x0000000008006b78      0x24c /opt/zephyr-sdk/arm-zephyr-eabi/arm-zephyr-eabi/lib/thumb/v7e-m/nofp/libc_nano.a(lib_a-nano-vfprintf_i.o)
                0x0000000008006b78                _printf_i
 .text._sbrk_r  0x0000000008006dc4       0x20 /opt/zephyr-sdk/arm-zephyr-eabi/arm-zephyr-eabi/lib/thumb/v7e-m/nofp/libc_nano.a(lib_a-sbrkr.o)
                0x0000000008006dc4                _sbrk_r
 .text._localeconv_r
                0x0000000008006de4        0x8 /opt/zephyr-sdk/arm-zephyr-eabi/arm-zephyr-eabi/lib/thumb/v7e-m/nofp/libc_nano.a(lib_a-localeconv.o)
                0x0000000008006de4                _localeconv_r
 .text.__malloc_lock
                0x0000000008006dec        0xc /opt/zephyr-sdk/arm-zephyr-eabi/arm-zephyr-eabi/lib/thumb/v7e-m/nofp/libc_nano.a(lib_a-mlock.o)
                0x0000000008006dec                __malloc_lock
 .text.__malloc_unlock
                0x0000000008006df8        0xc /opt/zephyr-sdk/arm-zephyr-eabi/arm-zephyr-eabi/lib/thumb/v7e-m/nofp/libc_nano.a(lib_a-mlock.o)
                0x0000000008006df8                __malloc_unlock
 .text._Balloc  0x0000000008006e04       0x80 /opt/zephyr-sdk/arm-zephyr-eabi/arm-zephyr-eabi/lib/thumb/v7e-m/nofp/libc_nano.a(lib_a-mprec.o)
                0x0000000008006e04                _Balloc
 .text._Bfree   0x0000000008006e84       0x44 /opt/zephyr-sdk/arm-zephyr-eabi/arm-zephyr-eabi/lib/thumb/v7e-m/nofp/libc_nano.a(lib_a-mprec.o)
                0x0000000008006e84                _Bfree
 .text.__multadd
                0x0000000008006ec8       0x8c /opt/zephyr-sdk/arm-zephyr-eabi/arm-zephyr-eabi/lib/thumb/v7e-m/nofp/libc_nano.a(lib_a-mprec.o)
                0x0000000008006ec8                __multadd
 .text.__i2b    0x0000000008006f54       0x2c /opt/zephyr-sdk/arm-zephyr-eabi/arm-zephyr-eabi/lib/thumb/v7e-m/nofp/libc_nano.a(lib_a-mprec.o)
                0x0000000008006f54                __i2b
 .text.__multiply
                0x0000000008006f80      0x150 /opt/zephyr-sdk/arm-zephyr-eabi/arm-zephyr-eabi/lib/thumb/v7e-m/nofp/libc_nano.a(lib_a-mprec.o)
                0x0000000008006f80                __multiply
 .text.__pow5mult
                0x00000000080070d0       0xb4 /opt/zephyr-sdk/arm-zephyr-eabi/arm-zephyr-eabi/lib/thumb/v7e-m/nofp/libc_nano.a(lib_a-mprec.o)
                0x00000000080070d0                __pow5mult
 .text.__lshift
                0x0000000008007184       0xe0 /opt/zephyr-sdk/arm-zephyr-eabi/arm-zephyr-eabi/lib/thumb/v7e-m/nofp/libc_nano.a(lib_a-mprec.o)
                0x0000000008007184                __lshift
 .text.__mdiff  0x0000000008007264      0x110 /opt/zephyr-sdk/arm-zephyr-eabi/arm-zephyr-eabi/lib/thumb/v7e-m/nofp/libc_nano.a(lib_a-mprec.o)
                0x0000000008007264                __mdiff
 .text.__d2b    0x0000000008007374       0xb8 /opt/zephyr-sdk/arm-zephyr-eabi/arm-zephyr-eabi/lib/thumb/v7e-m/nofp/libc_nano.a(lib_a-mprec.o)
                0x0000000008007374                __d2b
 .text.__assert_func
                0x000000000800742c       0x3c /opt/zephyr-sdk/arm-zephyr-eabi/arm-zephyr-eabi/lib/thumb/v7e-m/nofp/libc_nano.a(lib_a-assert.o)
                0x000000000800742c                __assert_func
 .text.fprintf  0x0000000008007468       0x24 /opt/zephyr-sdk/arm-zephyr-eabi/arm-zephyr-eabi/lib/thumb/v7e-m/nofp/libc_nano.a(lib_a-fprintf.o)
                0x0000000008007468                fprintf
                0x0000000008007468                fiprintf
 .text._vfprintf_r
                0x000000000800748c      0x260 /opt/zephyr-sdk/arm-zephyr-eabi/arm-zephyr-eabi/lib/thumb/v7e-m/nofp/libc_nano.a(lib_a-nano-vfprintf.o)
                0x000000000800748c                _vfiprintf_r
                0x000000000800748c                _vfprintf_r
 .text.__swbuf_r
                0x00000000080076ec       0xa4 /opt/zephyr-sdk/arm-zephyr-eabi/arm-zephyr-eabi/lib/thumb/v7e-m/nofp/libc_nano.a(lib_a-wbuf.o)
                0x00000000080076ec                __swbuf_r
 .text.__swsetup_r
                0x0000000008007790       0xdc /opt/zephyr-sdk/arm-zephyr-eabi/arm-zephyr-eabi/lib/thumb/v7e-m/nofp/libc_nano.a(lib_a-wsetup.o)
                0x0000000008007790                __swsetup_r
 .text.__sflush_r
                0x000000000800786c      0x104 /opt/zephyr-sdk/arm-zephyr-eabi/arm-zephyr-eabi/lib/thumb/v7e-m/nofp/libc_nano.a(lib_a-fflush.o)
                0x000000000800786c                __sflush_r
 .text._fflush_r
                0x0000000008007970       0x78 /opt/zephyr-sdk/arm-zephyr-eabi/arm-zephyr-eabi/lib/thumb/v7e-m/nofp/libc_nano.a(lib_a-fflush.o)
                0x0000000008007970                _fflush_r
 .text.std      0x00000000080079e8       0x48 /opt/zephyr-sdk/arm-zephyr-eabi/arm-zephyr-eabi/lib/thumb/v7e-m/nofp/libc_nano.a(lib_a-findfp.o)
 .text._cleanup_r
                0x0000000008007a30        0xc /opt/zephyr-sdk/arm-zephyr-eabi/arm-zephyr-eabi/lib/thumb/v7e-m/nofp/libc_nano.a(lib_a-findfp.o)
                0x0000000008007a30                _cleanup_r
 .text.__sfp_lock_acquire
                0x0000000008007a3c        0xc /opt/zephyr-sdk/arm-zephyr-eabi/arm-zephyr-eabi/lib/thumb/v7e-m/nofp/libc_nano.a(lib_a-findfp.o)
                0x0000000008007a3c                __sfp_lock_acquire
 .text.__sfp_lock_release
                0x0000000008007a48        0xc /opt/zephyr-sdk/arm-zephyr-eabi/arm-zephyr-eabi/lib/thumb/v7e-m/nofp/libc_nano.a(lib_a-findfp.o)
                0x0000000008007a48                __sfp_lock_release
 .text.__sinit_lock_acquire
                0x0000000008007a54        0xc /opt/zephyr-sdk/arm-zephyr-eabi/arm-zephyr-eabi/lib/thumb/v7e-m/nofp/libc_nano.a(lib_a-findfp.o)
                0x0000000008007a54                __sinit_lock_acquire
 .text.__sinit_lock_release
                0x0000000008007a60        0xc /opt/zephyr-sdk/arm-zephyr-eabi/arm-zephyr-eabi/lib/thumb/v7e-m/nofp/libc_nano.a(lib_a-findfp.o)
                0x0000000008007a60                __sinit_lock_release
 .text.__sinit  0x0000000008007a6c       0x70 /opt/zephyr-sdk/arm-zephyr-eabi/arm-zephyr-eabi/lib/thumb/v7e-m/nofp/libc_nano.a(lib_a-findfp.o)
                0x0000000008007a6c                __sinit
 .text.__sfp    0x0000000008007adc       0x8c /opt/zephyr-sdk/arm-zephyr-eabi/arm-zephyr-eabi/lib/thumb/v7e-m/nofp/libc_nano.a(lib_a-findfp.o)
                0x0000000008007adc                __sfp
 .text.__smakebuf_r
                0x0000000008007b68       0x80 /opt/zephyr-sdk/arm-zephyr-eabi/arm-zephyr-eabi/lib/thumb/v7e-m/nofp/libc_nano.a(lib_a-makebuf.o)
                0x0000000008007b68                __smakebuf_r
 .text.raise    0x0000000008007be8       0x10 /opt/zephyr-sdk/arm-zephyr-eabi/arm-zephyr-eabi/lib/thumb/v7e-m/nofp/libc_nano.a(lib_a-signal.o)
                0x0000000008007be8                raise
 .text._kill_r  0x0000000008007bf8       0x24 /opt/zephyr-sdk/arm-zephyr-eabi/arm-zephyr-eabi/lib/thumb/v7e-m/nofp/libc_nano.a(lib_a-signalr.o)
                0x0000000008007bf8                _kill_r
 .text._write_r
                0x0000000008007c1c       0x24 /opt/zephyr-sdk/arm-zephyr-eabi/arm-zephyr-eabi/lib/thumb/v7e-m/nofp/libc_nano.a(lib_a-writer.o)
                0x0000000008007c1c                _write_r
 .text._close_r
                0x0000000008007c40       0x20 /opt/zephyr-sdk/arm-zephyr-eabi/arm-zephyr-eabi/lib/thumb/v7e-m/nofp/libc_nano.a(lib_a-closer.o)
                0x0000000008007c40                _close_r
 .text._fstat_r
                0x0000000008007c60       0x24 /opt/zephyr-sdk/arm-zephyr-eabi/arm-zephyr-eabi/lib/thumb/v7e-m/nofp/libc_nano.a(lib_a-fstatr.o)
                0x0000000008007c60                _fstat_r
 .text._isatty_r
                0x0000000008007c84       0x20 /opt/zephyr-sdk/arm-zephyr-eabi/arm-zephyr-eabi/lib/thumb/v7e-m/nofp/libc_nano.a(lib_a-isattyr.o)
                0x0000000008007c84                _isatty_r
 .text._lseek_r
                0x0000000008007ca4       0x24 /opt/zephyr-sdk/arm-zephyr-eabi/arm-zephyr-eabi/lib/thumb/v7e-m/nofp/libc_nano.a(lib_a-lseekr.o)
                0x0000000008007ca4                _lseek_r
 .text._read_r  0x0000000008007cc8       0x24 /opt/zephyr-sdk/arm-zephyr-eabi/arm-zephyr-eabi/lib/thumb/v7e-m/nofp/libc_nano.a(lib_a-readr.o)
                0x0000000008007cc8                _read_r
 .text._OffsetAbsSyms
                0x0000000008007cec        0x2 zephyr/CMakeFiles/offsets.dir/./arch/arm/core/offsets/offsets.c.obj
                0x0000000008007cec                _OffsetAbsSyms
 .text.fill_msg_bit_field
                0x0000000008007cee       0x3a app/libapp.a(lora_russia_railways.c.obj)
                0x0000000008007cee                fill_msg_bit_field
 .text.extract_msg_bit_field
                0x0000000008007d28       0x40 app/libapp.a(lora_russia_railways.c.obj)
                0x0000000008007d28                extract_msg_bit_field
 .text.reverse  0x0000000008007d68       0x22 app/libapp.a(lora_russia_railways.c.obj)
                0x0000000008007d68                reverse
 .text.arch_printk_char_out
                0x0000000008007d8a        0x4 zephyr/libzephyr.a(printk.c.obj)
                0x0000000008007d8a                arch_printk_char_out
 .text.str_out  0x0000000008007d8e       0x30 zephyr/libzephyr.a(printk.c.obj)
 .text.printk   0x0000000008007dbe       0x1c zephyr/libzephyr.a(printk.c.obj)
                0x0000000008007dbe                printk
 .text.snprintk
                0x0000000008007dda       0x1c zephyr/libzephyr.a(printk.c.obj)
                0x0000000008007dda                snprintk
 .text.z_thread_entry
                0x0000000008007df6       0x14 zephyr/libzephyr.a(thread_entry.c.obj)
                0x0000000008007df6                z_thread_entry
 .text.outs     0x0000000008007e0a       0x34 zephyr/libzephyr.a(cbprintf_complete.c.obj)
 .text._ConfigAbsSyms
                0x0000000008007e3e        0x2 zephyr/libzephyr.a(configs.c.obj)
                0x0000000008007e3e                _ConfigAbsSyms
 .text.st_stm32_common_config
                0x0000000008007e40        0x4 zephyr/libzephyr.a(soc_config.c.obj)
 .text.log_list_init
                0x0000000008007e44        0x8 zephyr/libzephyr.a(log_list.c.obj)
                0x0000000008007e44                log_list_init
 .text.log_list_add_tail
                0x0000000008007e4c       0x14 zephyr/libzephyr.a(log_list.c.obj)
                0x0000000008007e4c                log_list_add_tail
 .text.log_list_head_peek
                0x0000000008007e60        0x4 zephyr/libzephyr.a(log_list.c.obj)
                0x0000000008007e60                log_list_head_peek
 .text.log_list_head_get
                0x0000000008007e64        0xc zephyr/libzephyr.a(log_list.c.obj)
                0x0000000008007e64                log_list_head_get
 .text.dummy_timestamp
                0x0000000008007e70        0x4 zephyr/libzephyr.a(log_core.c.obj)
 .text.msg_filter_check
                0x0000000008007e74        0x4 zephyr/libzephyr.a(log_core.c.obj)
 .text.default_lf_get_timestamp
                0x0000000008007e78       0x10 zephyr/libzephyr.a(log_core.c.obj)
 .text.block_on_alloc
                0x0000000008007e88        0x4 zephyr/libzephyr.a(log_msg.c.obj)
 .text.cont_arg_get
                0x0000000008007e8c       0x24 zephyr/libzephyr.a(log_msg.c.obj)
 .text.log_msg_hexdump_data_op
                0x0000000008007eb0       0xbe zephyr/libzephyr.a(log_msg.c.obj)
 .text.log_msg_get
                0x0000000008007f6e       0x1a zephyr/libzephyr.a(log_msg.c.obj)
                0x0000000008007f6e                log_msg_get
 .text.log_msg_nargs_get
                0x0000000008007f88        0x6 zephyr/libzephyr.a(log_msg.c.obj)
                0x0000000008007f88                log_msg_nargs_get
 .text.log_msg_arg_get
                0x0000000008007f8e       0x24 zephyr/libzephyr.a(log_msg.c.obj)
                0x0000000008007f8e                log_msg_arg_get
 .text.log_msg_str_get
                0x0000000008007fb2        0x4 zephyr/libzephyr.a(log_msg.c.obj)
                0x0000000008007fb2                log_msg_str_get
 .text.log_msg_put
                0x0000000008007fb6       0x26 zephyr/libzephyr.a(log_msg.c.obj)
                0x0000000008007fb6                log_msg_put
 .text.log_msg_hexdump_data_get
                0x0000000008007fdc       0x10 zephyr/libzephyr.a(log_msg.c.obj)
                0x0000000008007fdc                log_msg_hexdump_data_get
 .text.buffer_write
                0x0000000008007fec       0x1a zephyr/libzephyr.a(log_output.c.obj)
 .text.color_prefix
                0x0000000008008006        0xc zephyr/libzephyr.a(log_output.c.obj)
 .text.color_postfix
                0x0000000008008012        0xc zephyr/libzephyr.a(log_output.c.obj)
 .text.postfix_print
                0x000000000800801e       0x18 zephyr/libzephyr.a(log_output.c.obj)
 .text.prefix_print
                0x0000000008008036       0x4e zephyr/libzephyr.a(log_output.c.obj)
 .text.std_print
                0x0000000008008084      0x2b6 zephyr/libzephyr.a(log_output.c.obj)
 .text.log_output_flush
                0x000000000800833a       0x1a zephyr/libzephyr.a(log_output.c.obj)
                0x000000000800833a                log_output_flush
 .text.out_func
                0x0000000008008354       0x38 zephyr/libzephyr.a(log_output.c.obj)
 .text.log_output_msg_process
                0x000000000800838c       0x80 zephyr/libzephyr.a(log_output.c.obj)
                0x000000000800838c                log_output_msg_process
 .text.z_cpp_init_static
                0x000000000800840c        0xc zephyr/libzephyr.a(cpp_init.c.obj)
                0x000000000800840c                z_cpp_init_static
 .text.stm32_dt_pinctrl_configure
                0x0000000008008418       0x56 zephyr/libzephyr.a(pinmux_stm32.c.obj)
                0x0000000008008418                stm32_dt_pinctrl_configure
 .text.z_arm_fatal_error
                0x000000000800846e       0x18 zephyr/arch/arch/arm/core/aarch32/libarch__arm__core__aarch32.a(fatal.c.obj)
                0x000000000800846e                z_arm_fatal_error
 .text.z_do_kernel_oops
                0x0000000008008486        0xc zephyr/arch/arch/arm/core/aarch32/libarch__arm__core__aarch32.a(fatal.c.obj)
                0x0000000008008486                z_do_kernel_oops
 .text.z_irq_spurious
                0x0000000008008492        0xc zephyr/arch/arch/arm/core/aarch32/libarch__arm__core__aarch32.a(irq_manage.c.obj)
                0x0000000008008492                z_irq_spurious
 .text.z_arm_nmi
                0x000000000800849e        0xc zephyr/arch/arch/arm/core/aarch32/libarch__arm__core__aarch32.a(nmi.c.obj)
                0x000000000800849e                z_arm_nmi
 .text.memory_fault_recoverable
                0x00000000080084aa        0x4 zephyr/arch/arch/arm/core/aarch32/cortex_m/libarch__arm__core__aarch32__cortex_m.a(fault.c.obj)
 .text.fault_handle
                0x00000000080084ae       0x4a zephyr/arch/arch/arm/core/aarch32/cortex_m/libarch__arm__core__aarch32__cortex_m.a(fault.c.obj)
 .text.mpu_partition_is_valid
                0x00000000080084f8       0x22 zephyr/arch/arch/arm/core/aarch32/mpu/libarch__arm__core__aarch32__mpu.a(arm_mpu.c.obj)
 .text.mpu_configure_region
                0x000000000800851a       0x3e zephyr/arch/arch/arm/core/aarch32/mpu/libarch__arm__core__aarch32__mpu.a(arm_mpu.c.obj)
 .text.arm_core_mpu_configure_static_mpu_regions
                0x0000000008008558        0x8 zephyr/arch/arch/arm/core/aarch32/mpu/libarch__arm__core__aarch32__mpu.a(arm_mpu.c.obj)
                0x0000000008008558                arm_core_mpu_configure_static_mpu_regions
 .text.arm_core_mpu_configure_dynamic_mpu_regions
                0x0000000008008560        0x8 zephyr/arch/arch/arm/core/aarch32/mpu/libarch__arm__core__aarch32__mpu.a(arm_mpu.c.obj)
                0x0000000008008560                arm_core_mpu_configure_dynamic_mpu_regions
 .text.malloc_prepare
                0x0000000008008568        0x4 zephyr/lib/libc/newlib/liblib__libc__newlib.a(libc-hooks.c.obj)
 .text._stdout_hook_default
                0x000000000800856c        0x6 zephyr/lib/libc/newlib/liblib__libc__newlib.a(libc-hooks.c.obj)
 .text._stdin_hook_default
                0x0000000008008572        0x4 zephyr/lib/libc/newlib/liblib__libc__newlib.a(libc-hooks.c.obj)
 .text._read    0x0000000008008576        0xc zephyr/lib/libc/newlib/liblib__libc__newlib.a(libc-hooks.c.obj)
                0x0000000008008576                read
                0x0000000008008576                _read
 .text._write   0x0000000008008582        0xc zephyr/lib/libc/newlib/liblib__libc__newlib.a(libc-hooks.c.obj)
                0x0000000008008582                write
                0x0000000008008582                _write
 .text._close   0x000000000800858e        0x6 zephyr/lib/libc/newlib/liblib__libc__newlib.a(libc-hooks.c.obj)
                0x000000000800858e                close
                0x000000000800858e                _close
 .text._lseek   0x0000000008008594        0x4 zephyr/lib/libc/newlib/liblib__libc__newlib.a(libc-hooks.c.obj)
                0x0000000008008594                lseek
                0x0000000008008594                _lseek
 .text._isatty  0x0000000008008598        0xa zephyr/lib/libc/newlib/liblib__libc__newlib.a(libc-hooks.c.obj)
                0x0000000008008598                isatty
                0x0000000008008598                _isatty
 .text._kill    0x00000000080085a2        0x4 zephyr/lib/libc/newlib/liblib__libc__newlib.a(libc-hooks.c.obj)
                0x00000000080085a2                kill
                0x00000000080085a2                _kill
 .text._getpid  0x00000000080085a6        0x4 zephyr/lib/libc/newlib/liblib__libc__newlib.a(libc-hooks.c.obj)
                0x00000000080085a6                _getpid
                0x00000000080085a6                getpid
 .text._fstat   0x00000000080085aa        0xa zephyr/lib/libc/newlib/liblib__libc__newlib.a(libc-hooks.c.obj)
                0x00000000080085aa                _fstat
                0x00000000080085aa                fstat
 .text.__retarget_lock_init_recursive
                0x00000000080085b4       0x12 zephyr/lib/libc/newlib/liblib__libc__newlib.a(libc-hooks.c.obj)
                0x00000000080085b4                __retarget_lock_init_recursive
 .text.__retarget_lock_acquire_recursive
                0x00000000080085c6       0x10 zephyr/lib/libc/newlib/liblib__libc__newlib.a(libc-hooks.c.obj)
                0x00000000080085c6                __retarget_lock_acquire_recursive
 .text.__retarget_lock_release_recursive
                0x00000000080085d6        0x8 zephyr/lib/libc/newlib/liblib__libc__newlib.a(libc-hooks.c.obj)
                0x00000000080085d6                __retarget_lock_release_recursive
 .text.__stm32_exti_isr_0
                0x00000000080085de        0xe zephyr/drivers/interrupt_controller/libdrivers__interrupt_controller.a(intc_exti_stm32.c.obj)
 .text.__stm32_exti_isr_1
                0x00000000080085ec        0xe zephyr/drivers/interrupt_controller/libdrivers__interrupt_controller.a(intc_exti_stm32.c.obj)
 .text.__stm32_exti_isr_2
                0x00000000080085fa        0xe zephyr/drivers/interrupt_controller/libdrivers__interrupt_controller.a(intc_exti_stm32.c.obj)
 .text.__stm32_exti_isr_3
                0x0000000008008608        0xe zephyr/drivers/interrupt_controller/libdrivers__interrupt_controller.a(intc_exti_stm32.c.obj)
 .text.__stm32_exti_isr_4
                0x0000000008008616        0xe zephyr/drivers/interrupt_controller/libdrivers__interrupt_controller.a(intc_exti_stm32.c.obj)
 .text.__stm32_exti_isr_9_5
                0x0000000008008624        0xe zephyr/drivers/interrupt_controller/libdrivers__interrupt_controller.a(intc_exti_stm32.c.obj)
 .text.__stm32_exti_isr_15_10
                0x0000000008008632        0xe zephyr/drivers/interrupt_controller/libdrivers__interrupt_controller.a(intc_exti_stm32.c.obj)
 .text.__stm32_exti_connect_irqs
                0x0000000008008640       0x4a zephyr/drivers/interrupt_controller/libdrivers__interrupt_controller.a(intc_exti_stm32.c.obj)
 .text.stm32_exti_init
                0x000000000800868a        0xa zephyr/drivers/interrupt_controller/libdrivers__interrupt_controller.a(intc_exti_stm32.c.obj)
 .text.config_bus_clk_init
                0x0000000008008694        0xa zephyr/drivers/clock_control/libdrivers__clock_control.a(clock_stm32_ll_common.c.obj)
 .text.get_bus_clock
                0x000000000800869e        0x6 zephyr/drivers/clock_control/libdrivers__clock_control.a(clock_stm32_ll_common.c.obj)
 .text.config_pll_init
                0x00000000080086a4       0x10 zephyr/drivers/clock_control/libdrivers__clock_control.a(clock_stm32l4_l5_wb_wl.c.obj)
                0x00000000080086a4                config_pll_init
 .text.gpio_stm32_isr
                0x00000000080086b4       0x3a zephyr/drivers/gpio/libdrivers__gpio.a(gpio_stm32.c.obj)
 .text.gpio_stm32_flags_to_conf
                0x00000000080086ee       0x76 zephyr/drivers/gpio/libdrivers__gpio.a(gpio_stm32.c.obj)
 .text.gpio_stm32_port_get_raw
                0x0000000008008764        0xc zephyr/drivers/gpio/libdrivers__gpio.a(gpio_stm32.c.obj)
 .text.gpio_stm32_port_set_masked_raw
                0x0000000008008770       0x12 zephyr/drivers/gpio/libdrivers__gpio.a(gpio_stm32.c.obj)
 .text.gpio_stm32_port_set_bits_raw
                0x0000000008008782        0xa zephyr/drivers/gpio/libdrivers__gpio.a(gpio_stm32.c.obj)
 .text.gpio_stm32_port_clear_bits_raw
                0x000000000800878c        0xa zephyr/drivers/gpio/libdrivers__gpio.a(gpio_stm32.c.obj)
 .text.gpio_stm32_port_toggle_bits
                0x0000000008008796        0xe zephyr/drivers/gpio/libdrivers__gpio.a(gpio_stm32.c.obj)
 .text.gpio_stm32_manage_callback
                0x00000000080087a4       0x72 zephyr/drivers/gpio/libdrivers__gpio.a(gpio_stm32.c.obj)
 .text.gpio_stm32_configure
                0x0000000008008816      0x148 zephyr/drivers/gpio/libdrivers__gpio.a(gpio_stm32.c.obj)
                0x0000000008008816                gpio_stm32_configure
 .text.gpio_stm32_config
                0x000000000800895e       0x52 zephyr/drivers/gpio/libdrivers__gpio.a(gpio_stm32.c.obj)
 .text.gpio_stm32_init
                0x00000000080089b0        0xe zephyr/drivers/gpio/libdrivers__gpio.a(gpio_stm32.c.obj)
 .text.spi_stm32_transfer_ongoing
                0x00000000080089be       0x14 zephyr/drivers/spi/libdrivers__spi.a(spi_ll_stm32.c.obj)
 .text.spi_stm32_shift_m
                0x00000000080089d2      0x176 zephyr/drivers/spi/libdrivers__spi.a(spi_ll_stm32.c.obj)
 .text.spi_stm32_shift_s
                0x0000000008008b48      0x13c zephyr/drivers/spi/libdrivers__spi.a(spi_ll_stm32.c.obj)
 .text.spi_stm32_irq_config_func_0
                0x0000000008008c84       0x14 zephyr/drivers/spi/libdrivers__spi.a(spi_ll_stm32.c.obj)
 .text.spi_stm32_shift_frames
                0x0000000008008c98       0x20 zephyr/drivers/spi/libdrivers__spi.a(spi_ll_stm32.c.obj)
 .text.spi_stm32_cs_control
                0x0000000008008cb8       0x9a zephyr/drivers/spi/libdrivers__spi.a(spi_ll_stm32.c.obj)
 .text.spi_stm32_complete
                0x0000000008008d52       0x78 zephyr/drivers/spi/libdrivers__spi.a(spi_ll_stm32.c.obj)
 .text.spi_stm32_isr
                0x0000000008008dca       0x46 zephyr/drivers/spi/libdrivers__spi.a(spi_ll_stm32.c.obj)
 .text.spi_stm32_transceive
                0x0000000008008e10       0x12 zephyr/drivers/spi/libdrivers__spi.a(spi_ll_stm32.c.obj)
 .text.spi_stm32_release
                0x0000000008008e22       0x60 zephyr/drivers/spi/libdrivers__spi.a(spi_ll_stm32.c.obj)
 .text.uart_stm32_config_get
                0x0000000008008e82       0xa6 zephyr/drivers/serial/libdrivers__serial.a(uart_stm32.c.obj)
 .text.uart_stm32_poll_in
                0x0000000008008f28       0x26 zephyr/drivers/serial/libdrivers__serial.a(uart_stm32.c.obj)
 .text.uart_stm32_poll_out
                0x0000000008008f4e       0x12 zephyr/drivers/serial/libdrivers__serial.a(uart_stm32.c.obj)
 .text.uart_stm32_err_check
                0x0000000008008f60       0x4a zephyr/drivers/serial/libdrivers__serial.a(uart_stm32.c.obj)
 .text.UTILS_GetPLLOutputFrequency
                0x0000000008008faa       0x22 modules/stm32/stm32cube/lib..__modules__hal__stm32__stm32cube.a(stm32l4xx_ll_utils.c.obj)
 .text.z_device_ready
                0x0000000008008fcc       0x1a zephyr/kernel/libkernel.a(device.c.obj)
                0x0000000008008fcc                z_device_ready
 .text.arch_system_halt
                0x0000000008008fe6       0x12 zephyr/kernel/libkernel.a(fatal.c.obj)
                0x0000000008008fe6                arch_system_halt
 .text.create_free_list
                0x0000000008008ff8       0x2e zephyr/kernel/libkernel.a(mem_slab.c.obj)
 .text.k_mem_slab_init
                0x0000000008009026       0x1e zephyr/kernel/libkernel.a(mem_slab.c.obj)
                0x0000000008009026                k_mem_slab_init
 .text.k_mem_slab_free
                0x0000000008009044       0x56 zephyr/kernel/libkernel.a(mem_slab.c.obj)
                0x0000000008009044                k_mem_slab_free
 .text.setup_thread_stack
                0x000000000800909a       0x1e zephyr/kernel/libkernel.a(thread.c.obj)
 .text.z_impl_k_thread_name_set
                0x00000000080090b8        0x6 zephyr/kernel/libkernel.a(thread.c.obj)
                0x00000000080090b8                z_impl_k_thread_name_set
 .text.k_thread_name_get
                0x00000000080090be        0x4 zephyr/kernel/libkernel.a(thread.c.obj)
                0x00000000080090be                k_thread_name_get
 .text.z_impl_k_thread_start
                0x00000000080090c2        0x8 zephyr/kernel/libkernel.a(thread.c.obj)
                0x00000000080090c2                z_impl_k_thread_start
 .text.z_init_thread_base
                0x00000000080090ca       0x16 zephyr/kernel/libkernel.a(thread.c.obj)
                0x00000000080090ca                z_init_thread_base
 .text.z_impl_k_thread_create
                0x00000000080090e0       0x44 zephyr/kernel/libkernel.a(thread.c.obj)
                0x00000000080090e0                z_impl_k_thread_create
 .text.idle     0x0000000008009124       0x18 zephyr/kernel/libkernel.a(idle.c.obj)
                0x0000000008009124                idle
 .text.new_prio_for_inheritance
                0x000000000800913c       0x16 zephyr/kernel/libkernel.a(mutex.c.obj)
 .text.adjust_owner_prio
                0x0000000008009152       0x16 zephyr/kernel/libkernel.a(mutex.c.obj)
 .text.z_impl_k_mutex_init
                0x0000000008009168        0xe zephyr/kernel/libkernel.a(mutex.c.obj)
                0x0000000008009168                z_impl_k_mutex_init
 .text.thread_active_elsewhere
                0x0000000008009176        0x4 zephyr/kernel/libkernel.a(sched.c.obj)
 .text.pended_on_thread
                0x000000000800917a        0x4 zephyr/kernel/libkernel.a(sched.c.obj)
 .text.z_sched_prio_cmp
                0x000000000800917e       0x14 zephyr/kernel/libkernel.a(sched.c.obj)
                0x000000000800917e                z_sched_prio_cmp
 .text.z_unpend_thread_no_timeout
                0x0000000008009192       0x40 zephyr/kernel/libkernel.a(sched.c.obj)
                0x0000000008009192                z_unpend_thread_no_timeout
 .text.z_reschedule_irqlock
                0x00000000080091d2       0x2a zephyr/kernel/libkernel.a(sched.c.obj)
                0x00000000080091d2                z_reschedule_irqlock
 .text.z_priq_dumb_remove
                0x00000000080091fc       0x10 zephyr/kernel/libkernel.a(sched.c.obj)
                0x00000000080091fc                z_priq_dumb_remove
 .text.z_priq_dumb_best
                0x000000000800920c        0xe zephyr/kernel/libkernel.a(sched.c.obj)
                0x000000000800920c                z_priq_dumb_best
 .text.z_ready_thread
                0x000000000800921a       0x38 zephyr/kernel/libkernel.a(sched.c.obj)
                0x000000000800921a                z_ready_thread
 .text.z_thread_timeout
                0x0000000008009252       0x70 zephyr/kernel/libkernel.a(sched.c.obj)
                0x0000000008009252                z_thread_timeout
 .text.add_to_waitq_locked
                0x00000000080092c2       0x54 zephyr/kernel/libkernel.a(sched.c.obj)
 .text.pend     0x0000000008009316       0x44 zephyr/kernel/libkernel.a(sched.c.obj)
 .text.z_unpend1_no_timeout
                0x000000000800935a       0x4e zephyr/kernel/libkernel.a(sched.c.obj)
                0x000000000800935a                z_unpend1_no_timeout
 .text.z_unpend_first_thread
                0x00000000080093a8       0x56 zephyr/kernel/libkernel.a(sched.c.obj)
                0x00000000080093a8                z_unpend_first_thread
 .text.remove_timeout
                0x00000000080093fe       0x2e zephyr/kernel/libkernel.a(timeout.c.obj)
 .text.z_abort_timeout
                0x000000000800942c       0x3c zephyr/kernel/libkernel.a(timeout.c.obj)
                0x000000000800942c                z_abort_timeout
 .text.z_set_timeout_expiry
                0x0000000008009468       0x56 zephyr/kernel/libkernel.a(timeout.c.obj)
                0x0000000008009468                z_set_timeout_expiry
 .text.z_impl_k_uptime_ticks
                0x00000000080094be        0x8 zephyr/kernel/libkernel.a(timeout.c.obj)
                0x00000000080094be                z_impl_k_uptime_ticks
 .text.k_timer_init
                0x00000000080094c6       0x18 zephyr/kernel/libkernel.a(timer.c.obj)
                0x00000000080094c6                k_timer_init
 .text.z_impl_k_timer_stop
                0x00000000080094de       0x36 zephyr/kernel/libkernel.a(timer.c.obj)
                0x00000000080094de                z_impl_k_timer_stop
 .text.memcpy   0x0000000008009514       0x1c /opt/zephyr-sdk/arm-zephyr-eabi/arm-zephyr-eabi/lib/thumb/v7e-m/nofp/libc_nano.a(lib_a-memcpy-stub.o)
                0x0000000008009514                memcpy
 .text.memset   0x0000000008009530       0x10 /opt/zephyr-sdk/arm-zephyr-eabi/arm-zephyr-eabi/lib/thumb/v7e-m/nofp/libc_nano.a(lib_a-memset.o)
                0x0000000008009530                memset
 .text.__cvt    0x0000000008009540       0xc0 /opt/zephyr-sdk/arm-zephyr-eabi/arm-zephyr-eabi/lib/thumb/v7e-m/nofp/libc_nano.a(lib_a-nano-vfprintf_float.o)
                0x0000000008009540                __cvt
 .text.__exponent
                0x0000000008009600       0x7c /opt/zephyr-sdk/arm-zephyr-eabi/arm-zephyr-eabi/lib/thumb/v7e-m/nofp/libc_nano.a(lib_a-nano-vfprintf_float.o)
                0x0000000008009600                __exponent
 .text._printf_common
                0x000000000800967c       0xda /opt/zephyr-sdk/arm-zephyr-eabi/arm-zephyr-eabi/lib/thumb/v7e-m/nofp/libc_nano.a(lib_a-nano-vfprintf_i.o)
                0x000000000800967c                _printf_common
 .text.strncpy  0x0000000008009756       0x26 /opt/zephyr-sdk/arm-zephyr-eabi/arm-zephyr-eabi/lib/thumb/v7e-m/nofp/libc_nano.a(lib_a-strncpy.o)
                0x0000000008009756                strncpy
 .text.strnlen  0x000000000800977c       0x18 /opt/zephyr-sdk/arm-zephyr-eabi/arm-zephyr-eabi/lib/thumb/v7e-m/nofp/libc_nano.a(lib_a-strnlen.o)
                0x000000000800977c                strnlen
 .text.quorem   0x0000000008009794      0x10e /opt/zephyr-sdk/arm-zephyr-eabi/arm-zephyr-eabi/lib/thumb/v7e-m/nofp/libc_nano.a(lib_a-dtoa.o)
 .text.__hi0bits
                0x00000000080098a2       0x40 /opt/zephyr-sdk/arm-zephyr-eabi/arm-zephyr-eabi/lib/thumb/v7e-m/nofp/libc_nano.a(lib_a-mprec.o)
                0x00000000080098a2                __hi0bits
 .text.__lo0bits
                0x00000000080098e2       0x5a /opt/zephyr-sdk/arm-zephyr-eabi/arm-zephyr-eabi/lib/thumb/v7e-m/nofp/libc_nano.a(lib_a-mprec.o)
                0x00000000080098e2                __lo0bits
 .text.__mcmp   0x000000000800993c       0x36 /opt/zephyr-sdk/arm-zephyr-eabi/arm-zephyr-eabi/lib/thumb/v7e-m/nofp/libc_nano.a(lib_a-mprec.o)
                0x000000000800993c                __mcmp
 .text._calloc_r
                0x0000000008009972       0x1c /opt/zephyr-sdk/arm-zephyr-eabi/arm-zephyr-eabi/lib/thumb/v7e-m/nofp/libc_nano.a(lib_a-nano-callocr.o)
                0x0000000008009972                _calloc_r
 .text.__ascii_mbtowc
                0x000000000800998e       0x24 /opt/zephyr-sdk/arm-zephyr-eabi/arm-zephyr-eabi/lib/thumb/v7e-m/nofp/libc_nano.a(lib_a-mbtowc_r.o)
                0x000000000800998e                __ascii_mbtowc
 .text.__sfputc_r
                0x00000000080099b2       0x2a /opt/zephyr-sdk/arm-zephyr-eabi/arm-zephyr-eabi/lib/thumb/v7e-m/nofp/libc_nano.a(lib_a-nano-vfprintf.o)
 .text.__sfputs_r
                0x00000000080099dc       0x24 /opt/zephyr-sdk/arm-zephyr-eabi/arm-zephyr-eabi/lib/thumb/v7e-m/nofp/libc_nano.a(lib_a-nano-vfprintf.o)
                0x00000000080099dc                __sfputs_r
 .text.__ascii_wctomb
                0x0000000008009a00       0x1a /opt/zephyr-sdk/arm-zephyr-eabi/arm-zephyr-eabi/lib/thumb/v7e-m/nofp/libc_nano.a(lib_a-wctomb_r.o)
                0x0000000008009a00                __ascii_wctomb
 .text.abort    0x0000000008009a1a        0xe /opt/zephyr-sdk/arm-zephyr-eabi/arm-zephyr-eabi/lib/thumb/v7e-m/nofp/libc_nano.a(lib_a-abort.o)
                0x0000000008009a1a                abort
 .text.__sfmoreglue
                0x0000000008009a28       0x2c /opt/zephyr-sdk/arm-zephyr-eabi/arm-zephyr-eabi/lib/thumb/v7e-m/nofp/libc_nano.a(lib_a-findfp.o)
                0x0000000008009a28                __sfmoreglue
 .text._fwalk_reent
                0x0000000008009a54       0x3e /opt/zephyr-sdk/arm-zephyr-eabi/arm-zephyr-eabi/lib/thumb/v7e-m/nofp/libc_nano.a(lib_a-fwalk.o)
                0x0000000008009a54                _fwalk_reent
 .text.__swhatbuf_r
                0x0000000008009a92       0x4a /opt/zephyr-sdk/arm-zephyr-eabi/arm-zephyr-eabi/lib/thumb/v7e-m/nofp/libc_nano.a(lib_a-makebuf.o)
                0x0000000008009a92                __swhatbuf_r
 .text._raise_r
                0x0000000008009adc       0x50 /opt/zephyr-sdk/arm-zephyr-eabi/arm-zephyr-eabi/lib/thumb/v7e-m/nofp/libc_nano.a(lib_a-signal.o)
                0x0000000008009adc                _raise_r
 .text._getpid_r
                0x0000000008009b2c        0x4 /opt/zephyr-sdk/arm-zephyr-eabi/arm-zephyr-eabi/lib/thumb/v7e-m/nofp/libc_nano.a(lib_a-signalr.o)
                0x0000000008009b2c                _getpid_r
 .text.__sread  0x0000000008009b30       0x22 /opt/zephyr-sdk/arm-zephyr-eabi/arm-zephyr-eabi/lib/thumb/v7e-m/nofp/libc_nano.a(lib_a-stdio.o)
                0x0000000008009b30                __sread
 .text.__swrite
                0x0000000008009b52       0x38 /opt/zephyr-sdk/arm-zephyr-eabi/arm-zephyr-eabi/lib/thumb/v7e-m/nofp/libc_nano.a(lib_a-stdio.o)
                0x0000000008009b52                __swrite
 .text.__sseek  0x0000000008009b8a       0x24 /opt/zephyr-sdk/arm-zephyr-eabi/arm-zephyr-eabi/lib/thumb/v7e-m/nofp/libc_nano.a(lib_a-stdio.o)
                0x0000000008009b8a                __sseek
 .text.__sclose
                0x0000000008009bae        0x8 /opt/zephyr-sdk/arm-zephyr-eabi/arm-zephyr-eabi/lib/thumb/v7e-m/nofp/libc_nano.a(lib_a-stdio.o)
                0x0000000008009bae                __sclose
 *(SORT_BY_ALIGNMENT(.TEXT.*))
 *(SORT_BY_ALIGNMENT(.gnu.linkonce.t.*))
 *(SORT_BY_ALIGNMENT(.glue_7t))
 .glue_7t       0x0000000008009bb6        0x0 linker stubs
 *(SORT_BY_ALIGNMENT(.glue_7))
 .glue_7        0x0000000008009bb6        0x0 linker stubs
 *(SORT_BY_ALIGNMENT(.vfp11_veneer))
 .vfp11_veneer  0x0000000008009bb6        0x0 linker stubs
 *(SORT_BY_ALIGNMENT(.v4_bx))
 .v4_bx         0x0000000008009bb6        0x0 linker stubs
                0x0000000008009bb6                __text_region_end = .

.ARM.extab
 *(SORT_BY_ALIGNMENT(.ARM.extab*) SORT_BY_ALIGNMENT(.gnu.linkonce.armextab.*))

.ARM.exidx      0x0000000008009bb8        0x8
                0x0000000008009bb8                __exidx_start = .
 *(SORT_BY_ALIGNMENT(.ARM.exidx*) SORT_BY_ALIGNMENT(gnu.linkonce.armexidx.*))
 .ARM.exidx     0x0000000008009bb8        0x8 /opt/zephyr-sdk/arm-zephyr-eabi/bin/../lib/gcc/arm-zephyr-eabi/10.3.0/thumb/v7e-m/nofp/libgcc.a(_udivmoddi4.o)
                0x0000000008009bc0                __exidx_end = .
                0x0000000008009bc0                __rodata_region_start = .

initlevel       0x0000000008009bc0       0x88
                0x0000000008009bc0                __init_start = .
                0x0000000008009bc0                __init_PRE_KERNEL_1_start = .
 *(SORT_BY_NAME(SORT_BY_ALIGNMENT(.z_init_PRE_KERNEL_1[0-9]_*)))
 .z_init_PRE_KERNEL_10_
                0x0000000008009bc0        0x8 zephyr/libzephyr.a(soc.c.obj)
 .z_init_PRE_KERNEL_11_
                0x0000000008009bc8        0x8 zephyr/libzephyr.a(soc_config.c.obj)
 .z_init_PRE_KERNEL_11_
                0x0000000008009bd0        0x8 zephyr/drivers/clock_control/libdrivers__clock_control.a(clock_stm32_ll_common.c.obj)
 *(SORT_BY_NAME(SORT_BY_ALIGNMENT(.z_init_PRE_KERNEL_1[1-9][0-9]_*)))
 .z_init_PRE_KERNEL_130_
                0x0000000008009bd8        0x8 zephyr/kernel/libkernel.a(mem_slab.c.obj)
 .z_init_PRE_KERNEL_140_
                0x0000000008009be0       0x30 zephyr/drivers/gpio/libdrivers__gpio.a(gpio_stm32.c.obj)
 .z_init_PRE_KERNEL_150_
                0x0000000008009c10        0x8 zephyr/drivers/interrupt_controller/libdrivers__interrupt_controller.a(intc_exti_stm32.c.obj)
 .z_init_PRE_KERNEL_150_
                0x0000000008009c18        0x8 zephyr/drivers/serial/libdrivers__serial.a(uart_stm32.c.obj)
 .z_init_PRE_KERNEL_160_
                0x0000000008009c20        0x8 zephyr/drivers/console/libdrivers__console.a(uart_console.c.obj)
                0x0000000008009c28                __init_PRE_KERNEL_2_start = .
 *(SORT_BY_NAME(SORT_BY_ALIGNMENT(.z_init_PRE_KERNEL_2[0-9]_*)))
 .z_init_PRE_KERNEL_20_
                0x0000000008009c28        0x8 zephyr/drivers/timer/libdrivers__timer.a(sys_clock_init.c.obj)
 *(SORT_BY_NAME(SORT_BY_ALIGNMENT(.z_init_PRE_KERNEL_2[1-9][0-9]_*)))
                0x0000000008009c30                __init_POST_KERNEL_start = .
 *(SORT_BY_NAME(SORT_BY_ALIGNMENT(.z_init_POST_KERNEL[0-9]_*)))
 .z_init_POST_KERNEL0_
                0x0000000008009c30        0x8 zephyr/libzephyr.a(log_core.c.obj)
 *(SORT_BY_NAME(SORT_BY_ALIGNMENT(.z_init_POST_KERNEL[1-9][0-9]_*)))
 .z_init_POST_KERNEL70_
                0x0000000008009c38        0x8 zephyr/drivers/spi/libdrivers__spi.a(spi_ll_stm32.c.obj)
                0x0000000008009c40                __init_APPLICATION_start = .
 *(SORT_BY_NAME(SORT_BY_ALIGNMENT(.z_init_APPLICATION[0-9]_*)))
 *(SORT_BY_NAME(SORT_BY_ALIGNMENT(.z_init_APPLICATION[1-9][0-9]_*)))
 .z_init_APPLICATION40_
                0x0000000008009c40        0x8 zephyr/lib/libc/newlib/liblib__libc__newlib.a(libc-hooks.c.obj)
                0x0000000008009c48                __init_SMP_start = .
 *(SORT_BY_NAME(SORT_BY_ALIGNMENT(.z_init_SMP[0-9]_*)))
 *(SORT_BY_NAME(SORT_BY_ALIGNMENT(.z_init_SMP[1-9][0-9]_*)))
                0x0000000008009c48                __init_end = .

devices         0x0000000008009c48      0x108
                0x0000000008009c48                __device_start = .
                0x0000000008009c48                __device_PRE_KERNEL_1_start = .
 *(SORT_BY_NAME(SORT_BY_ALIGNMENT(.z_device_PRE_KERNEL_1[0-9]_*)))
 .z_device_PRE_KERNEL_11_
                0x0000000008009c48       0x18 zephyr/drivers/clock_control/libdrivers__clock_control.a(clock_stm32_ll_common.c.obj)
                0x0000000008009c48                __device_dts_ord_17
 *(SORT_BY_NAME(SORT_BY_ALIGNMENT(.z_device_PRE_KERNEL_1[1-9][0-9]_*)))
 .z_device_PRE_KERNEL_140_
                0x0000000008009c60       0x90 zephyr/drivers/gpio/libdrivers__gpio.a(gpio_stm32.c.obj)
                0x0000000008009c60                __device_dts_ord_93
                0x0000000008009c78                __device_dts_ord_92
                0x0000000008009c90                __device_dts_ord_91
                0x0000000008009ca8                __device_dts_ord_18
                0x0000000008009cc0                __device_dts_ord_53
                0x0000000008009cd8                __device_dts_ord_21
 .z_device_PRE_KERNEL_150_
                0x0000000008009cf0       0x18 zephyr/drivers/interrupt_controller/libdrivers__interrupt_controller.a(intc_exti_stm32.c.obj)
                0x0000000008009cf0                __device_dts_ord_38
 .z_device_PRE_KERNEL_150_
                0x0000000008009d08       0x18 zephyr/drivers/serial/libdrivers__serial.a(uart_stm32.c.obj)
                0x0000000008009d08                __device_dts_ord_44
                0x0000000008009d20                __device_PRE_KERNEL_2_start = .
 *(SORT_BY_NAME(SORT_BY_ALIGNMENT(.z_device_PRE_KERNEL_2[0-9]_*)))
 .z_device_PRE_KERNEL_20_
                0x0000000008009d20       0x18 zephyr/drivers/timer/libdrivers__timer.a(sys_clock_init.c.obj)
 *(SORT_BY_NAME(SORT_BY_ALIGNMENT(.z_device_PRE_KERNEL_2[1-9][0-9]_*)))
                0x0000000008009d38                __device_POST_KERNEL_start = .
 *(SORT_BY_NAME(SORT_BY_ALIGNMENT(.z_device_POST_KERNEL[0-9]_*)))
 *(SORT_BY_NAME(SORT_BY_ALIGNMENT(.z_device_POST_KERNEL[1-9][0-9]_*)))
 .z_device_POST_KERNEL70_
                0x0000000008009d38       0x18 zephyr/drivers/spi/libdrivers__spi.a(spi_ll_stm32.c.obj)
                0x0000000008009d38                __device_dts_ord_57
                0x0000000008009d50                __device_APPLICATION_start = .
 *(SORT_BY_NAME(SORT_BY_ALIGNMENT(.z_device_APPLICATION[0-9]_*)))
 *(SORT_BY_NAME(SORT_BY_ALIGNMENT(.z_device_APPLICATION[1-9][0-9]_*)))
                0x0000000008009d50                __device_SMP_start = .
 *(SORT_BY_NAME(SORT_BY_ALIGNMENT(.z_device_SMP[0-9]_*)))
 *(SORT_BY_NAME(SORT_BY_ALIGNMENT(.z_device_SMP[1-9][0-9]_*)))
                0x0000000008009d50                __device_end = .

sw_isr_table    0x0000000008009d50      0x2a8
                0x0000000008009d50                . = ALIGN (0x0)
 *(SORT_BY_ALIGNMENT(.gnu.linkonce.sw_isr_table*))
 .gnu.linkonce.sw_isr_table
                0x0000000008009d50      0x2a8 zephyr/arch/common/libisr_tables.a(isr_tables.c.obj)
                0x0000000008009d50                _sw_isr_table

initlevel_error
                0x0000000008009bc0        0x0
 *(SORT_BY_NAME(SORT_BY_ALIGNMENT(.z_init_[_A-Z0-9]*)))
                0x0000000000000001                ASSERT ((SIZEOF (initlevel_error) == 0x0), Undefined initialization levels used.)

ctors           0x0000000008009ff8        0x8
                0x0000000008009ff8                . = ALIGN (0x4)
                0x0000000008009ff8                __CTOR_LIST__ = .
                0x0000000008009ff8        0x4 LONG 0x0 (((__CTOR_END__ - __CTOR_LIST__) / 0x4) - 0x2)
 *(SORT_BY_NAME(SORT_BY_ALIGNMENT(.ctors*)))
                0x0000000008009ffc        0x4 LONG 0x0
                0x000000000800a000                __CTOR_END__ = .

init_array      0x000000000800a000        0x0
                0x000000000800a000                . = ALIGN (0x4)
                0x000000000800a000                __init_array_start = .
 *(SORT_BY_NAME(SORT_BY_ALIGNMENT(.init_array*)))
                0x000000000800a000                __init_array_end = .

app_shmem_regions
                0x000000000800a000        0x0
                0x000000000800a000                __app_shmem_regions_start = .
 *(SORT_BY_NAME(SORT_BY_ALIGNMENT(.app_regions.*)))
                0x000000000800a000                __app_shmem_regions_end = .

bt_l2cap_fixed_chan_area
                0x000000000800a000        0x0
                0x000000000800a000                _bt_l2cap_fixed_chan_list_start = .
 *(SORT_BY_NAME(SORT_BY_ALIGNMENT(._bt_l2cap_fixed_chan.static.*)))
                0x000000000800a000                _bt_l2cap_fixed_chan_list_end = .

bt_gatt_service_static_area
                0x000000000800a000        0x0
                0x000000000800a000                _bt_gatt_service_static_list_start = .
 *(SORT_BY_NAME(SORT_BY_ALIGNMENT(._bt_gatt_service_static.static.*)))
                0x000000000800a000                _bt_gatt_service_static_list_end = .

k_p4wq_initparam_area
                0x000000000800a000        0x0
                0x000000000800a000                _k_p4wq_initparam_list_start = .
 *(SORT_BY_NAME(SORT_BY_ALIGNMENT(._k_p4wq_initparam.static.*)))
                0x000000000800a000                _k_p4wq_initparam_list_end = .

log_strings_sections
                0x000000000800a000        0x0
                0x000000000800a000                __log_strings_start = .
 *(SORT_BY_NAME(SORT_BY_ALIGNMENT(.log_strings*)))
                0x000000000800a000                __log_strings_end = .

log_const_sections
                0x000000000800a000       0x30
                0x000000000800a000                __log_const_start = .
 *(SORT_BY_NAME(SORT_BY_ALIGNMENT(.log_const_*)))
 .log_const_log
                0x000000000800a000        0x8 zephyr/libzephyr.a(log_core.c.obj)
                0x000000000800a000                log_const_log
 .log_const_mpu
                0x000000000800a008        0x8 zephyr/arch/arch/arm/core/aarch32/mpu/libarch__arm__core__aarch32__mpu.a(arm_core_mpu.c.obj)
                0x000000000800a008                log_const_mpu
 .log_const_os  0x000000000800a010        0x8 zephyr/kernel/libkernel.a(init.c.obj)
                0x000000000800a010                log_const_os
 .log_const_soc
                0x000000000800a018        0x8 zephyr/libzephyr.a(soc.c.obj)
                0x000000000800a018                log_const_soc
 .log_const_spi_ll_stm32
                0x000000000800a020        0x8 zephyr/drivers/spi/libdrivers__spi.a(spi_ll_stm32.c.obj)
                0x000000000800a020                log_const_spi_ll_stm32
 .log_const_uart_stm32
                0x000000000800a028        0x8 zephyr/drivers/serial/libdrivers__serial.a(uart_stm32.c.obj)
                0x000000000800a028                log_const_uart_stm32
                0x000000000800a030                __log_const_end = .

log_backends_sections
                0x000000000800a030       0x10
                0x000000000800a030                __log_backends_start = .
 *(SORT_BY_ALIGNMENT(._log_backend.*))
 ._log_backend.static.log_backend_uart
                0x000000000800a030       0x10 zephyr/libzephyr.a(log_backend_uart.c.obj)
                0x000000000800a040                __log_backends_end = .

shell_area      0x000000000800a040        0x0
                0x000000000800a040                _shell_list_start = .
 *(SORT_BY_NAME(SORT_BY_ALIGNMENT(._shell.static.*)))
                0x000000000800a040                _shell_list_end = .

shell_root_cmds_sections
                0x000000000800a040        0x0
                0x000000000800a040                __shell_root_cmds_start = .
 *(SORT_BY_NAME(SORT_BY_ALIGNMENT(.shell_root_cmd_*)))
                0x000000000800a040                __shell_root_cmds_end = .

font_entry_sections
                0x000000000800a040        0x0
                0x000000000800a040                __font_entry_start = .
 *(SORT_BY_NAME(SORT_BY_ALIGNMENT(._cfb_font.*)))
                0x000000000800a040                __font_entry_end = .

tracing_backend_area
                0x000000000800a040        0x0
                0x000000000800a040                _tracing_backend_list_start = .
 *(SORT_BY_NAME(SORT_BY_ALIGNMENT(._tracing_backend.static.*)))
                0x000000000800a040                _tracing_backend_list_end = .

zephyr_dbg_info
 *(SORT_BY_ALIGNMENT(.dbg_thread_info))

device_handles  0x000000000800a040       0x62
                0x000000000800a040                __device_handles_start = .
 *(SORT_BY_NAME(SORT_BY_ALIGNMENT(.__device_handles_pass1*)))
 .__device_handles_pass1
                0x000000000800a040        0x6 zephyr/drivers/interrupt_controller/libdrivers__interrupt_controller.a(intc_exti_stm32.c.obj)
                0x000000000800a040                __devicehdl_DT_N_S_soc_S_interrupt_controller_40010400
 .__device_handles_pass1
                0x000000000800a046        0x8 zephyr/drivers/clock_control/libdrivers__clock_control.a(clock_stm32_ll_common.c.obj)
                0x000000000800a046                __devicehdl_DT_N_S_soc_S_rcc_40021000
 .__device_handles_pass1
                0x000000000800a04e       0x30 zephyr/drivers/gpio/libdrivers__gpio.a(gpio_stm32.c.obj)
                0x000000000800a04e                __devicehdl_DT_N_S_soc_S_pin_controller_48000000_S_gpio_48001c00
                0x000000000800a056                __devicehdl_DT_N_S_soc_S_pin_controller_48000000_S_gpio_48001000
                0x000000000800a05e                __devicehdl_DT_N_S_soc_S_pin_controller_48000000_S_gpio_48000c00
                0x000000000800a066                __devicehdl_DT_N_S_soc_S_pin_controller_48000000_S_gpio_48000800
                0x000000000800a06e                __devicehdl_DT_N_S_soc_S_pin_controller_48000000_S_gpio_48000400
                0x000000000800a076                __devicehdl_DT_N_S_soc_S_pin_controller_48000000_S_gpio_48000000
 .__device_handles_pass1
                0x000000000800a07e       0x12 zephyr/drivers/spi/libdrivers__spi.a(spi_ll_stm32.c.obj)
                0x000000000800a07e                __devicehdl_DT_N_S_soc_S_spi_40013000
 .__device_handles_pass1
                0x000000000800a090        0xe zephyr/drivers/serial/libdrivers__serial.a(uart_stm32.c.obj)
                0x000000000800a090                __devicehdl_DT_N_S_soc_S_serial_40004400
 .__device_handles_pass1
                0x000000000800a09e        0x4 zephyr/drivers/timer/libdrivers__timer.a(sys_clock_init.c.obj)
                0x000000000800a09e                __devicehdl_sys_init_sys_clock_driver_init0
                0x000000000800a0a2                __device_handles_end = .

rodata          0x000000000800a0a8      0xe90
 *(SORT_BY_ALIGNMENT(.rodata))
 .rodata        0x000000000800a0a8        0x8 zephyr/drivers/gpio/libdrivers__gpio.a(gpio_stm32.c.obj)
 .rodata        0x000000000800a0b0       0x20 zephyr/drivers/spi/libdrivers__spi.a(spi_ll_stm32.c.obj)
 *(SORT_BY_ALIGNMENT(.rodata.*))
 .rodata.__mprec_bigtens
                0x000000000800a0d0       0x28 /opt/zephyr-sdk/arm-zephyr-eabi/arm-zephyr-eabi/lib/thumb/v7e-m/nofp/libc_nano.a(lib_a-mprec.o)
                0x000000000800a0d0                __mprec_bigtens
 .rodata.__mprec_tens
                0x000000000800a0f8       0xc8 /opt/zephyr-sdk/arm-zephyr-eabi/arm-zephyr-eabi/lib/thumb/v7e-m/nofp/libc_nano.a(lib_a-mprec.o)
                0x000000000800a0f8                __mprec_tens
 .rodata.cbvprintf.str1.4
                0x000000000800a1c0        0x6 zephyr/libzephyr.a(cbprintf_complete.c.obj)
 *fill*         0x000000000800a1c6        0x2 
 .rodata.str1.4
                0x000000000800a1c8        0x4 zephyr/libzephyr.a(soc.c.obj)
 .rodata.enable_logger.str1.4
                0x000000000800a1cc        0x8 zephyr/libzephyr.a(log_core.c.obj)
 .rodata.z_log_strdup.str1.4
                0x000000000800a1d4       0x1a zephyr/libzephyr.a(log_core.c.obj)
 *fill*         0x000000000800a1ee        0x2 
 .rodata.detect_missed_strdup.str1.4
                0x000000000800a1f0       0x40 zephyr/libzephyr.a(log_core.c.obj)
 .rodata.str1.4
                0x000000000800a230        0x4 zephyr/libzephyr.a(log_core.c.obj)
 .rodata.timestamp_print.str1.4
                0x000000000800a234       0x28 zephyr/libzephyr.a(log_output.c.obj)
 .rodata.color_print.str1.4
                0x000000000800a25c        0xb zephyr/libzephyr.a(log_output.c.obj)
 *fill*         0x000000000800a267        0x1 
 .rodata.newline_print.str1.4
                0x000000000800a268        0x3 zephyr/libzephyr.a(log_output.c.obj)
                                          0x7 (size before relaxing)
 *fill*         0x000000000800a26b        0x1 
 .rodata.hexdump_line_print.str1.4
                0x000000000800a26c       0x13 zephyr/libzephyr.a(log_output.c.obj)
                                         0x17 (size before relaxing)
 *fill*         0x000000000800a27f        0x1 
 .rodata.ids_print.str1.4
                0x000000000800a280       0x12 zephyr/libzephyr.a(log_output.c.obj)
 *fill*         0x000000000800a292        0x2 
 .rodata.raw_string_print.str1.4
                0x000000000800a294        0x2 zephyr/libzephyr.a(log_output.c.obj)
 .rodata.log_output_dropped_process.str1.4
                0x000000000800a296        0x2 zephyr/libzephyr.a(log_output.c.obj)
                                          0x3 (size before relaxing)
 *fill*         0x000000000800a296        0x2 
 .rodata.str1.4
                0x000000000800a298       0x20 zephyr/libzephyr.a(log_output.c.obj)
 .rodata.colors
                0x000000000800a2b8       0x14 zephyr/libzephyr.a(log_output.c.obj)
 .rodata.postfix.0
                0x000000000800a2cc       0x1c zephyr/libzephyr.a(log_output.c.obj)
 .rodata.prefix.1
                0x000000000800a2e8        0xc zephyr/libzephyr.a(log_output.c.obj)
 .rodata.severity
                0x000000000800a2f4       0x14 zephyr/libzephyr.a(log_output.c.obj)
 .rodata.str1.4
                0x000000000800a308       0x11 zephyr/libzephyr.a(log_backend_uart.c.obj)
 *fill*         0x000000000800a319        0x3 
 .rodata.log_backend_uart_api
                0x000000000800a31c       0x1c zephyr/libzephyr.a(log_backend_uart.c.obj)
                0x000000000800a31c                log_backend_uart_api
 .rodata.log_output_uart
                0x000000000800a338       0x10 zephyr/libzephyr.a(log_backend_uart.c.obj)
 .rodata.gpio_ports
                0x000000000800a348       0x2c zephyr/libzephyr.a(pinmux_stm32.c.obj)
                0x000000000800a348                gpio_ports
 .rodata.esf_dump.str1.4
                0x000000000800a374       0x9e zephyr/arch/arch/arm/core/aarch32/libarch__arm__core__aarch32.a(fatal.c.obj)
 *fill*         0x000000000800a412        0x2 
 .rodata.usage_fault.str1.4
                0x000000000800a414       0xd7 zephyr/arch/arch/arm/core/aarch32/cortex_m/libarch__arm__core__aarch32__cortex_m.a(fault.c.obj)