Archive member included to satisfy reference by file (symbol)

app/libapp.a(indication.c.obj)
                              (--whole-archive)
app/libapp.a(lora_russia_railways_base_station.c.obj)
                              (--whole-archive)
app/libapp.a(lora_russia_railways_brigade_chief.c.obj)
                              (--whole-archive)
app/libapp.a(lora_russia_railways_common.c.obj)
                              (--whole-archive)
app/libapp.a(lora_russia_railways_signalman.c.obj)
                              (--whole-archive)
app/libapp.a(main.c.obj)      (--whole-archive)
zephyr/libzephyr.a(cbprintf.c.obj)
                              (--whole-archive)
zephyr/libzephyr.a(cbprintf_packaged.c.obj)
                              (--whole-archive)
zephyr/libzephyr.a(crc32c_sw.c.obj)
                              (--whole-archive)
zephyr/libzephyr.a(crc32_sw.c.obj)
                              (--whole-archive)
zephyr/libzephyr.a(crc16_sw.c.obj)
                              (--whole-archive)
zephyr/libzephyr.a(crc8_sw.c.obj)
                              (--whole-archive)
zephyr/libzephyr.a(crc7_sw.c.obj)
                              (--whole-archive)
zephyr/libzephyr.a(dec.c.obj)
                              (--whole-archive)
zephyr/libzephyr.a(fdtable.c.obj)
                              (--whole-archive)
zephyr/libzephyr.a(hex.c.obj)
                              (--whole-archive)
zephyr/libzephyr.a(notify.c.obj)
                              (--whole-archive)
zephyr/libzephyr.a(printk.c.obj)
                              (--whole-archive)
zephyr/libzephyr.a(onoff.c.obj)
                              (--whole-archive)
zephyr/libzephyr.a(rb.c.obj)  (--whole-archive)
zephyr/libzephyr.a(sem.c.obj)
                              (--whole-archive)
zephyr/libzephyr.a(thread_entry.c.obj)
                              (--whole-archive)
zephyr/libzephyr.a(timeutil.c.obj)
                              (--whole-archive)
zephyr/libzephyr.a(heap.c.obj)
                              (--whole-archive)
zephyr/libzephyr.a(heap-validate.c.obj)
                              (--whole-archive)
zephyr/libzephyr.a(bitarray.c.obj)
                              (--whole-archive)
zephyr/libzephyr.a(multi_heap.c.obj)
                              (--whole-archive)
zephyr/libzephyr.a(cbprintf_complete.c.obj)
                              (--whole-archive)
zephyr/libzephyr.a(mpsc_pbuf.c.obj)
                              (--whole-archive)
zephyr/libzephyr.a(configs.c.obj)
                              (--whole-archive)
zephyr/libzephyr.a(soc.c.obj)
                              (--whole-archive)
zephyr/libzephyr.a(stm32cube_hal.c.obj)
                              (--whole-archive)
zephyr/libzephyr.a(soc_config.c.obj)
                              (--whole-archive)
zephyr/libzephyr.a(log_list.c.obj)
                              (--whole-archive)
zephyr/libzephyr.a(log_core.c.obj)
                              (--whole-archive)
zephyr/libzephyr.a(log_mgmt.c.obj)
                              (--whole-archive)
zephyr/libzephyr.a(log_msg.c.obj)
                              (--whole-archive)
zephyr/libzephyr.a(log_output.c.obj)
                              (--whole-archive)
zephyr/libzephyr.a(log_msg2.c.obj)
                              (--whole-archive)
zephyr/libzephyr.a(log_backend_uart.c.obj)
                              (--whole-archive)
zephyr/libzephyr.a(cpp_init.c.obj)
                              (--whole-archive)
zephyr/libzephyr.a(cpp_init_array.c.obj)
                              (--whole-archive)
zephyr/libzephyr.a(cpp_ctors.c.obj)
                              (--whole-archive)
zephyr/libzephyr.a(cpp_dtors.c.obj)
                              (--whole-archive)
zephyr/libzephyr.a(tracing_none.c.obj)
                              (--whole-archive)
zephyr/arch/common/libarch__common.a(sw_isr_common.c.obj)
                              (--whole-archive)
zephyr/arch/arch/arm/core/aarch32/libarch__arm__core__aarch32.a(cpu_idle.S.obj)
                              (--whole-archive)
zephyr/arch/arch/arm/core/aarch32/libarch__arm__core__aarch32.a(fatal.c.obj)
                              (--whole-archive)
zephyr/arch/arch/arm/core/aarch32/libarch__arm__core__aarch32.a(irq_manage.c.obj)
                              (--whole-archive)
zephyr/arch/arch/arm/core/aarch32/libarch__arm__core__aarch32.a(nmi.c.obj)
                              (--whole-archive)
zephyr/arch/arch/arm/core/aarch32/libarch__arm__core__aarch32.a(nmi_on_reset.S.obj)
                              (--whole-archive)
zephyr/arch/arch/arm/core/aarch32/libarch__arm__core__aarch32.a(prep_c.c.obj)
                              (--whole-archive)
zephyr/arch/arch/arm/core/aarch32/libarch__arm__core__aarch32.a(swap.c.obj)
                              (--whole-archive)
zephyr/arch/arch/arm/core/aarch32/libarch__arm__core__aarch32.a(swap_helper.S.obj)
                              (--whole-archive)
[...]
Memory Configuration

Name             Origin             Length             Attributes
FLASH            0x0000000008000000 0x0000000000080000 xr
SRAM             0x0000000020000000 0x0000000000028000 xw
IDT_LIST         0x00000000fffff7ff 0x0000000000000800 xw
*default*        0x0000000000000000 0xffffffffffffffff

Linker script and memory map

LOAD zephyr/CMakeFiles/zephyr_final.dir/misc/empty_file.c.obj
LOAD zephyr/CMakeFiles/zephyr_final.dir/dev_handles.c.obj
LOAD zephyr/CMakeFiles/zephyr_final.dir/isr_tables.c.obj
LOAD zephyr/CMakeFiles/offsets.dir/./arch/arm/core/offsets/offsets.c.obj
                0x0000000000000020                _region_min_align = 0x20

.rel.plt        0x0000000008000000        0x0
 *(SORT_BY_ALIGNMENT(.rel.plt))
                [!provide]                        PROVIDE (__rel_iplt_start = .)
 *(SORT_BY_ALIGNMENT(.rel.iplt))
 .rel.iplt      0x0000000008000000        0x0 zephyr/CMakeFiles/zephyr_final.dir/isr_tables.c.obj
                [!provide]                        PROVIDE (__rel_iplt_end = .)

.rela.plt       0x0000000000000000        0x0
 *(SORT_BY_ALIGNMENT(.rela.plt))
                [!provide]                        PROVIDE (__rela_iplt_start = .)
 *(SORT_BY_ALIGNMENT(.rela.iplt))
                [!provide]                        PROVIDE (__rela_iplt_end = .)

.rel.dyn
 *(SORT_BY_ALIGNMENT(.rel.*))

.rela.dyn
 *(SORT_BY_ALIGNMENT(.rela.*))

/DISCARD/
 *(SORT_BY_ALIGNMENT(.plt))
 *(SORT_BY_ALIGNMENT(.iplt))
 *(SORT_BY_ALIGNMENT(.got.plt))
 *(SORT_BY_ALIGNMENT(.igot.plt))
 *(SORT_BY_ALIGNMENT(.got))
 *(SORT_BY_ALIGNMENT(.igot))
 *(SORT_BY_ALIGNMENT(.irq_info*))
 *(SORT_BY_ALIGNMENT(.intList*))
 *(SORT_BY_ALIGNMENT(.note.GNU-stack))
                0x0000000008000000                __rom_region_start = 0x8000000

rom_start       0x0000000008000000      0x194
                0x0000000000000000                . = 0x0
                0x0000000000000000                . = ALIGN (0x4)
                0x0000000000000000                . = ALIGN (0x80)
                0x0000000000000000                . = ALIGN (0x200)
                0x0000000008000000                _vector_start = .
 *(SORT_BY_ALIGNMENT(.exc_vector_table))
 *(SORT_BY_ALIGNMENT(.exc_vector_table.*))
 .exc_vector_table._vector_table_section
                0x0000000008000000       0x40 zephyr/arch/arch/arm/core/aarch32/cortex_m/libarch__arm__core__aarch32__cortex_m.a(vector_table.S.obj)
                0x0000000008000000                _vector_table
 *(SORT_BY_ALIGNMENT(.gnu.linkonce.irq_vector_table*))
 .gnu.linkonce.irq_vector_table
                0x0000000008000040      0x154 zephyr/CMakeFiles/zephyr_final.dir/isr_tables.c.obj
                0x0000000008000040                _irq_vector_table
 *(SORT_BY_ALIGNMENT(.vectors))
                0x0000000008000194                _vector_end = .

text            0x00000000080001a0    0x10526
                0x00000000080001a0                __text_region_start = .
 *(SORT_BY_ALIGNMENT(.text))
 .text          0x00000000080001a0       0xa0 /opt/zephyr-sdk/arm-zephyr-eabi/arm-zephyr-eabi/lib/thumb/v7e-m/nofp/libc_nano.a(lib_a-memchr.o)
                0x00000000080001a0                memchr
 .text          0x0000000008000240      0x378 /opt/zephyr-sdk/arm-zephyr-eabi/bin/../lib/gcc/arm-zephyr-eabi/10.3.0/thumb/v7e-m/nofp/libgcc.a(_arm_addsubdf3.o)
                0x0000000008000240                __aeabi_drsub
                0x0000000008000248                __aeabi_dsub
                0x0000000008000248                __subdf3
                0x000000000800024c                __adddf3
                0x000000000800024c                __aeabi_dadd
                0x00000000080004c4                __aeabi_ui2d
                0x00000000080004c4                __floatunsidf
                0x00000000080004e4                __floatsidf
                0x00000000080004e4                __aeabi_i2d
                0x0000000008000508                __extendsfdf2
                0x0000000008000508                __aeabi_f2d
                0x000000000800054c                __aeabi_ul2d
                0x000000000800054c                __floatundidf
                0x000000000800055c                __floatdidf
                0x000000000800055c                __aeabi_l2d
 .text          0x00000000080005b8      0x424 /opt/zephyr-sdk/arm-zephyr-eabi/bin/../lib/gcc/arm-zephyr-eabi/10.3.0/thumb/v7e-m/nofp/libgcc.a(_arm_muldivdf3.o)
                0x00000000080005b8                __aeabi_dmul
                0x00000000080005b8                __muldf3
                0x000000000800080c                __aeabi_ddiv
                0x000000000800080c                __divdf3
 .text          0x00000000080009dc       0x30 /opt/zephyr-sdk/arm-zephyr-eabi/bin/../lib/gcc/arm-zephyr-eabi/10.3.0/thumb/v7e-m/nofp/libgcc.a(_aeabi_uldivmod.o)
                0x00000000080009dc                __aeabi_uldivmod
 .text          0x0000000008000a0c        0x4 /opt/zephyr-sdk/arm-zephyr-eabi/bin/../lib/gcc/arm-zephyr-eabi/10.3.0/thumb/v7e-m/nofp/libgcc.a(_dvmd_tls.o)
                0x0000000008000a0c                __aeabi_ldiv0
                0x0000000008000a0c                __aeabi_idiv0
 .text          0x0000000008000a10      0x110 /opt/zephyr-sdk/arm-zephyr-eabi/bin/../lib/gcc/arm-zephyr-eabi/10.3.0/thumb/v7e-m/nofp/libgcc.a(_arm_cmpdf2.o)
                0x0000000008000a10                __gtdf2
                0x0000000008000a10                __gedf2
                0x0000000008000a18                __ltdf2
                0x0000000008000a18                __ledf2
                0x0000000008000a20                __cmpdf2
                0x0000000008000a20                __eqdf2
                0x0000000008000a20                __nedf2
                0x0000000008000a9c                __aeabi_cdrcmple
                0x0000000008000aac                __aeabi_cdcmple
                0x0000000008000aac                __aeabi_cdcmpeq
                0x0000000008000abc                __aeabi_dcmpeq
                0x0000000008000ad0                __aeabi_dcmplt
                0x0000000008000ae4                __aeabi_dcmple
                0x0000000008000af8                __aeabi_dcmpge
                0x0000000008000b0c                __aeabi_dcmpgt
 .text          0x0000000008000b20       0x2c /opt/zephyr-sdk/arm-zephyr-eabi/bin/../lib/gcc/arm-zephyr-eabi/10.3.0/thumb/v7e-m/nofp/libgcc.a(_arm_unorddf2.o)
                0x0000000008000b20                __aeabi_dcmpun
                0x0000000008000b20                __unorddf2
 .text          0x0000000008000b4c       0x50 /opt/zephyr-sdk/arm-zephyr-eabi/bin/../lib/gcc/arm-zephyr-eabi/10.3.0/thumb/v7e-m/nofp/libgcc.a(_arm_fixdfsi.o)
                0x0000000008000b4c                __fixdfsi
                0x0000000008000b4c                __aeabi_d2iz
 .text          0x0000000008000b9c      0x2a6 /opt/zephyr-sdk/arm-zephyr-eabi/bin/../lib/gcc/arm-zephyr-eabi/10.3.0/thumb/v7e-m/nofp/libgcc.a(_udivmoddi4.o)
                0x0000000008000b9c                __udivmoddi4
 .text          0x0000000008000e42       0x14 /opt/zephyr-sdk/arm-zephyr-eabi/arm-zephyr-eabi/lib/thumb/v7e-m/nofp/libc_nano.a(lib_a-strcmp.o)
                0x0000000008000e42                strcmp
 .text          0x0000000008000e56       0x10 /opt/zephyr-sdk/arm-zephyr-eabi/arm-zephyr-eabi/lib/thumb/v7e-m/nofp/libc_nano.a(lib_a-strlen.o)
                0x0000000008000e56                strlen
 *(SORT_BY_ALIGNMENT(.text.*))
 *fill*         0x0000000008000e66        0x2 
 .text.ws2812_pwm_init
                0x0000000008000e68       0xdc modules/rts-zephyr/drivers/led_strip/lib..__..__tmp__projects__beacon_project_rzd__lora_russia_railways__modules__rts-zephyr__drivers__led_strip.a(ws2812_pwm_stm32.c.obj)
 *fill*         0x0000000008000f44        0x4 
 .text._dtoa_r  0x0000000008000f48      0xbdc /opt/zephyr-sdk/arm-zephyr-eabi/arm-zephyr-eabi/lib/thumb/v7e-m/nofp/libc_nano.a(lib_a-dtoa.o)
                0x0000000008000f48                _dtoa_r
 .text.set_blink_param
                0x0000000008001b24       0x30 app/libapp.a(indication.c.obj)
                0x0000000008001b24                set_blink_param
 .text.blink    0x0000000008001b54       0xf4 app/libapp.a(indication.c.obj)
                0x0000000008001b54                blink
 .text.set_color
                0x0000000008001c48       0x8c app/libapp.a(indication.c.obj)
                0x0000000008001c48                set_color
 .text.set_con_status_pixels
                0x0000000008001cd4       0x60 app/libapp.a(indication.c.obj)
                0x0000000008001cd4                set_con_status_pixels
 .text.set_people_num_pixels
                0x0000000008001d34       0x4c app/libapp.a(indication.c.obj)
                0x0000000008001d34                set_people_num_pixels
 .text.update_indication
                0x0000000008001d80       0x64 app/libapp.a(indication.c.obj)
                0x0000000008001d80                update_indication
 .text.periodic_timer_handler
                0x0000000008001de4       0x24 app/libapp.a(lora_russia_railways_brigade_chief.c.obj)
 .text.work_msg_mngr_handler
                0x0000000008001e08       0x78 app/libapp.a(lora_russia_railways_brigade_chief.c.obj)
 .text.button_disable_alarm_pressed_cb
                0x0000000008001e80       0x8c app/libapp.a(lora_russia_railways_brigade_chief.c.obj)
                0x0000000008001e80                button_disable_alarm_pressed_cb
 .text.send_msg
                0x0000000008001f0c      0x164 app/libapp.a(lora_russia_railways_brigade_chief.c.obj)
 .text.recv_msg
                0x0000000008002070      0x1ec app/libapp.a(lora_russia_railways_brigade_chief.c.obj)
 .text.work_buzzer_handler
                0x000000000800225c      0x408 app/libapp.a(lora_russia_railways_brigade_chief.c.obj)
 .text.system_init
                0x0000000008002664      0x1cc app/libapp.a(lora_russia_railways_brigade_chief.c.obj)
                0x0000000008002664                system_init
 .text.brigade_chief_proc_task
                0x0000000008002830      0xb3c app/libapp.a(lora_russia_railways_brigade_chief.c.obj)
                0x0000000008002830                brigade_chief_proc_task
 .text.brigade_chief_modem_task
                0x000000000800336c      0x11c app/libapp.a(lora_russia_railways_brigade_chief.c.obj)
                0x000000000800336c                brigade_chief_modem_task
 .text.read_write_message
                0x0000000008003488      0x10c app/libapp.a(lora_russia_railways_common.c.obj)
                0x0000000008003488                read_write_message
 .text.cbvprintf_package
                0x0000000008003594      0x470 zephyr/libzephyr.a(cbprintf_packaged.c.obj)
                0x0000000008003594                cbvprintf_package
 .text.char_out
                0x0000000008003a04       0x14 zephyr/libzephyr.a(printk.c.obj)
 .text.__printk_hook_install
                0x0000000008003a18        0xc zephyr/libzephyr.a(printk.c.obj)
                0x0000000008003a18                __printk_hook_install
 .text.vprintk  0x0000000008003a24       0x20 zephyr/libzephyr.a(printk.c.obj)
                0x0000000008003a24                vprintk
 .text.vsnprintk
                0x0000000008003a44       0x2c zephyr/libzephyr.a(printk.c.obj)
                0x0000000008003a44                vsnprintk
 .text.extract_decimal
                0x0000000008003a70       0x2c zephyr/libzephyr.a(cbprintf_complete.c.obj)
 .text.extract_conversion
                0x0000000008003a9c      0x314 zephyr/libzephyr.a(cbprintf_complete.c.obj)
 .text.encode_uint
                0x0000000008003db0       0xe0 zephyr/libzephyr.a(cbprintf_complete.c.obj)
 .text.cbvprintf
                0x0000000008003e90      0x5d0 zephyr/libzephyr.a(cbprintf_complete.c.obj)
                0x0000000008003e90                cbvprintf
 .text.stm32l4_init
                0x0000000008004460       0x2c zephyr/libzephyr.a(soc.c.obj)
 .text.thread_set
                0x000000000800448c       0x28 zephyr/libzephyr.a(log_core.c.obj)
 .text.log_process_thread_timer_expiry_fn
                0x00000000080044b4       0x10 zephyr/libzephyr.a(log_core.c.obj)
 .text.enable_logger
                0x00000000080044c4       0x5c zephyr/libzephyr.a(log_core.c.obj)
 .text.log_init
                0x0000000008004520       0x70 zephyr/libzephyr.a(log_core.c.obj)
                0x0000000008004520                log_init
 .text.log_set_timestamp_func
                0x0000000008004590       0x1c zephyr/libzephyr.a(log_core.c.obj)
                0x0000000008004590                log_set_timestamp_func
 .text.z_log_notify_backend_enabled
                0x00000000080045ac       0x20 zephyr/libzephyr.a(log_core.c.obj)
                0x00000000080045ac                z_log_notify_backend_enabled
 .text.z_log_dropped
                0x00000000080045cc       0x40 zephyr/libzephyr.a(log_core.c.obj)
                0x00000000080045cc                z_log_dropped
 .text.z_log_dropped_read_and_clear
                0x000000000800460c       0x20 zephyr/libzephyr.a(log_core.c.obj)
                0x000000000800460c                z_log_dropped_read_and_clear
 .text.dropped_notify
                0x000000000800462c       0x44 zephyr/libzephyr.a(log_core.c.obj)
                0x000000000800462c                dropped_notify
 .text.z_log_dropped_pending
                0x0000000008004670       0x14 zephyr/libzephyr.a(log_core.c.obj)
                0x0000000008004670                z_log_dropped_pending
 .text.z_log_msg2_init
                0x0000000008004684       0x14 zephyr/libzephyr.a(log_core.c.obj)
                0x0000000008004684                z_log_msg2_init
 .text.log_core_init
                0x0000000008004698       0x28 zephyr/libzephyr.a(log_core.c.obj)
                0x0000000008004698                log_core_init
 .text.z_log_msg2_alloc
                0x00000000080046c0       0x14 zephyr/libzephyr.a(log_core.c.obj)
                0x00000000080046c0                z_log_msg2_alloc
 .text.z_log_msg2_claim
                0x00000000080046d4       0x10 zephyr/libzephyr.a(log_core.c.obj)
                0x00000000080046d4                z_log_msg2_claim
 .text.z_log_msg2_free
                0x00000000080046e4       0x10 zephyr/libzephyr.a(log_core.c.obj)
                0x00000000080046e4                z_log_msg2_free
 .text.msg_process
                0x00000000080046f4       0x54 zephyr/libzephyr.a(log_core.c.obj)
 .text.z_log_msg2_pending
                0x0000000008004748       0x10 zephyr/libzephyr.a(log_core.c.obj)
                0x0000000008004748                z_log_msg2_pending
 .text.z_impl_log_process
                0x0000000008004758       0x54 zephyr/libzephyr.a(log_core.c.obj)
                0x0000000008004758                z_impl_log_process
 .text.z_log_msg_post_finalize
                0x00000000080047ac       0x90 zephyr/libzephyr.a(log_core.c.obj)
 .text.z_log_msg2_commit
                0x000000000800483c       0x24 zephyr/libzephyr.a(log_core.c.obj)
                0x000000000800483c                z_log_msg2_commit
 .text.z_impl_log_panic
                0x0000000008004860       0x58 zephyr/libzephyr.a(log_core.c.obj)
                0x0000000008004860                z_impl_log_panic
 .text.log_process_thread_func
                0x00000000080048b8       0x2c zephyr/libzephyr.a(log_core.c.obj)
 .text.log_source_name_get
                0x00000000080048e4       0x20 zephyr/libzephyr.a(log_mgmt.c.obj)
                0x00000000080048e4                log_source_name_get
 .text.log_backend_enable
                0x0000000008004904       0x24 zephyr/libzephyr.a(log_mgmt.c.obj)
                0x0000000008004904                log_backend_enable
 .text.print_formatted
                0x0000000008004928       0x24 zephyr/libzephyr.a(log_output.c.obj)
 .text.timestamp_print
                0x000000000800494c       0x8c zephyr/libzephyr.a(log_output.c.obj)
 .text.color_print
                0x00000000080049d8       0x2c zephyr/libzephyr.a(log_output.c.obj)
 .text.newline_print
                0x0000000008004a04       0x28 zephyr/libzephyr.a(log_output.c.obj)
 .text.hexdump_line_print
                0x0000000008004a2c       0xc4 zephyr/libzephyr.a(log_output.c.obj)
 .text.ids_print
                0x0000000008004af0       0x6c zephyr/libzephyr.a(log_output.c.obj)
 .text.prefix_print
                0x0000000008004b5c       0x78 zephyr/libzephyr.a(log_output.c.obj)
 .text.log_output_msg2_process
                0x0000000008004bd4       0xb8 zephyr/libzephyr.a(log_output.c.obj)
                0x0000000008004bd4                log_output_msg2_process
 .text.log_output_dropped_process
                0x0000000008004c8c       0x58 zephyr/libzephyr.a(log_output.c.obj)
                0x0000000008004c8c                log_output_dropped_process
 .text.log_output_timestamp_freq_set
                0x0000000008004ce4       0x2c zephyr/libzephyr.a(log_output.c.obj)
                0x0000000008004ce4                log_output_timestamp_freq_set
 .text.char_out
                0x0000000008004d10       0x24 zephyr/libzephyr.a(log_backend_uart.c.obj)
 .text.log_backend_uart_init
                0x0000000008004d34       0x10 zephyr/libzephyr.a(log_backend_uart.c.obj)
 .text.panic    0x0000000008004d44       0x18 zephyr/libzephyr.a(log_backend_uart.c.obj)
 .text.dropped  0x0000000008004d5c       0x10 zephyr/libzephyr.a(log_backend_uart.c.obj)
 .text.process  0x0000000008004d6c       0x10 zephyr/libzephyr.a(log_backend_uart.c.obj)
 .text.__do_init_array_aux
                0x0000000008004d7c       0x1c zephyr/libzephyr.a(cpp_init_array.c.obj)
                0x0000000008004d7c                __do_init_array_aux
 .text.__do_global_ctors_aux
                0x0000000008004d98       0x20 zephyr/libzephyr.a(cpp_ctors.c.obj)
                0x0000000008004d98                __do_global_ctors_aux
 .text.z_arm_cpu_idle_init
                0x0000000008004db8        0xc zephyr/arch/arch/arm/core/aarch32/libarch__arm__core__aarch32.a(cpu_idle.S.obj)
                0x0000000008004db8                z_arm_cpu_idle_init
 .text.arch_cpu_idle
                0x0000000008004dc4       0x1c zephyr/arch/arch/arm/core/aarch32/libarch__arm__core__aarch32.a(cpu_idle.S.obj)
                0x0000000008004dc4                arch_cpu_idle
 .text.esf_dump
                0x0000000008004de0      0x1dc zephyr/arch/arch/arm/core/aarch32/libarch__arm__core__aarch32.a(fatal.c.obj)
 .text.arch_irq_enable
                0x0000000008004fbc       0x1c zephyr/arch/arch/arm/core/aarch32/libarch__arm__core__aarch32.a(irq_manage.c.obj)
                0x0000000008004fbc                arch_irq_enable
 .text.z_arm_irq_priority_set
                0x0000000008004fd8       0x2c zephyr/arch/arch/arm/core/aarch32/libarch__arm__core__aarch32.a(irq_manage.c.obj)
                0x0000000008004fd8                z_arm_irq_priority_set
 .text.z_SysNmiOnReset
                0x0000000008005004        0x8 zephyr/arch/arch/arm/core/aarch32/libarch__arm__core__aarch32.a(nmi_on_reset.S.obj)
                0x0000000008005004                z_SysNmiOnReset
 .text.z_arm_prep_c
                0x000000000800500c       0x48 zephyr/arch/arch/arm/core/aarch32/libarch__arm__core__aarch32.a(prep_c.c.obj)
                0x000000000800500c                z_arm_prep_c
 .text.arch_swap
                0x0000000008005054       0x34 zephyr/arch/arch/arm/core/aarch32/libarch__arm__core__aarch32.a(swap.c.obj)
                0x0000000008005054                arch_swap
 .text.z_arm_pendsv
                0x0000000008005088       0x54 zephyr/arch/arch/arm/core/aarch32/libarch__arm__core__aarch32.a(swap_helper.S.obj)
                0x0000000008005088                z_arm_pendsv
 .text.z_arm_svc
                0x00000000080050dc       0x20 zephyr/arch/arch/arm/core/aarch32/libarch__arm__core__aarch32.a(swap_helper.S.obj)
                0x00000000080050dc                z_arm_svc
 .text.arch_new_thread
                0x00000000080050fc       0x40 zephyr/arch/arch/arm/core/aarch32/libarch__arm__core__aarch32.a(thread.c.obj)
                0x00000000080050fc                arch_new_thread
 .text.z_check_thread_stack_fail
                0x000000000800513c       0x4c zephyr/arch/arch/arm/core/aarch32/libarch__arm__core__aarch32.a(thread.c.obj)
                0x000000000800513c                z_check_thread_stack_fail
 .text.arch_switch_to_main_thread
                0x0000000008005188       0x2c zephyr/arch/arch/arm/core/aarch32/libarch__arm__core__aarch32.a(thread.c.obj)
                0x0000000008005188                arch_switch_to_main_thread
 .text._isr_wrapper
                0x00000000080051b4       0x28 zephyr/arch/arch/arm/core/aarch32/libarch__arm__core__aarch32.a(isr_wrapper.S.obj)
                0x00000000080051b4                _isr_wrapper
 .text._HandlerModeExit
                0x00000000080051dc       0x1c zephyr/arch/arch/arm/core/aarch32/cortex_m/libarch__arm__core__aarch32__cortex_m.a(exc_exit.S.obj)
                0x00000000080051dc                z_arm_exc_exit
                0x00000000080051dc                z_arm_int_exit
 .text.reserved_exception
                0x00000000080051f8       0x3c zephyr/arch/arch/arm/core/aarch32/cortex_m/libarch__arm__core__aarch32__cortex_m.a(fault.c.obj)
 .text.bus_fault
                0x0000000008005234      0x2dc zephyr/arch/arch/arm/core/aarch32/cortex_m/libarch__arm__core__aarch32__cortex_m.a(fault.c.obj)
 .text.usage_fault
                0x0000000008005510      0x268 zephyr/arch/arch/arm/core/aarch32/cortex_m/libarch__arm__core__aarch32__cortex_m.a(fault.c.obj)
 .text.debug_monitor
                0x0000000008005778       0x58 zephyr/arch/arch/arm/core/aarch32/cortex_m/libarch__arm__core__aarch32__cortex_m.a(fault.c.obj)
 .text.mem_manage_fault
                0x00000000080057d0      0x2c4 zephyr/arch/arch/arm/core/aarch32/cortex_m/libarch__arm__core__aarch32__cortex_m.a(fault.c.obj)
 .text.hard_fault
                0x0000000008005a94      0x1f8 zephyr/arch/arch/arm/core/aarch32/cortex_m/libarch__arm__core__aarch32__cortex_m.a(fault.c.obj)
 .text.z_arm_fault
                0x0000000008005c8c       0xf4 zephyr/arch/arch/arm/core/aarch32/cortex_m/libarch__arm__core__aarch32__cortex_m.a(fault.c.obj)
                0x0000000008005c8c                z_arm_fault
 .text.z_arm_fault_init
                0x0000000008005d80       0x10 zephyr/arch/arch/arm/core/aarch32/cortex_m/libarch__arm__core__aarch32__cortex_m.a(fault.c.obj)
                0x0000000008005d80                z_arm_fault_init
 .text.__fault  0x0000000008005d90       0x14 zephyr/arch/arch/arm/core/aarch32/cortex_m/libarch__arm__core__aarch32__cortex_m.a(fault_s.S.obj)
                0x0000000008005d90                z_arm_bus_fault
                0x0000000008005d90                z_arm_usage_fault
                0x0000000008005d90                z_arm_mpu_fault
                0x0000000008005d90                z_arm_exc_spurious
                0x0000000008005d90                z_arm_debug_monitor
                0x0000000008005d90                z_arm_hard_fault
 .text.z_arm_interrupt_init
                0x0000000008005da4       0x34 zephyr/arch/arch/arm/core/aarch32/cortex_m/libarch__arm__core__aarch32__cortex_m.a(irq_init.c.obj)
                0x0000000008005da4                z_arm_interrupt_init
 .text._reset_section
                0x0000000008005dd8       0x2c zephyr/arch/arch/arm/core/aarch32/cortex_m/libarch__arm__core__aarch32__cortex_m.a(reset.S.obj)
                0x0000000008005dd8                z_arm_reset
                0x0000000008005dd8                __start
 .text.z_impl_k_thread_abort
                0x0000000008005e04       0x2c zephyr/arch/arch/arm/core/aarch32/cortex_m/libarch__arm__core__aarch32__cortex_m.a(thread_abort.c.obj)
                0x0000000008005e04                z_impl_k_thread_abort
 .text.z_arm_configure_static_mpu_regions
                0x0000000008005e30       0x1c zephyr/arch/arch/arm/core/aarch32/mpu/libarch__arm__core__aarch32__mpu.a(arm_core_mpu.c.obj)
                0x0000000008005e30                z_arm_configure_static_mpu_regions
 .text.z_arm_configure_dynamic_mpu_regions
                0x0000000008005e4c       0x24 zephyr/arch/arch/arm/core/aarch32/mpu/libarch__arm__core__aarch32__mpu.a(arm_core_mpu.c.obj)
                0x0000000008005e4c                z_arm_configure_dynamic_mpu_regions
 .text.region_init
                0x0000000008005e70       0x28 zephyr/arch/arch/arm/core/aarch32/mpu/libarch__arm__core__aarch32__mpu.a(arm_mpu.c.obj)
 .text.region_allocate_and_init
                0x0000000008005e98       0x68 zephyr/arch/arch/arm/core/aarch32/mpu/libarch__arm__core__aarch32__mpu.a(arm_mpu.c.obj)
 .text.mpu_configure_regions
                0x0000000008005f00       0xa4 zephyr/arch/arch/arm/core/aarch32/mpu/libarch__arm__core__aarch32__mpu.a(arm_mpu.c.obj)
 .text.mpu_configure_static_mpu_regions
                0x0000000008005fa4       0x14 zephyr/arch/arch/arm/core/aarch32/mpu/libarch__arm__core__aarch32__mpu.a(arm_mpu.c.obj)
 .text.mpu_configure_dynamic_mpu_regions
                0x0000000008005fb8       0x34 zephyr/arch/arch/arm/core/aarch32/mpu/libarch__arm__core__aarch32__mpu.a(arm_mpu.c.obj)
 .text.arm_core_mpu_enable
                0x0000000008005fec       0x18 zephyr/arch/arch/arm/core/aarch32/mpu/libarch__arm__core__aarch32__mpu.a(arm_mpu.c.obj)
                0x0000000008005fec                arm_core_mpu_enable
 .text.arm_core_mpu_disable
                0x0000000008006004       0x14 zephyr/arch/arch/arm/core/aarch32/mpu/libarch__arm__core__aarch32__mpu.a(arm_mpu.c.obj)
                0x0000000008006004                arm_core_mpu_disable
 .text.z_arm_mpu_init
                0x0000000008006018       0x44 zephyr/arch/arch/arm/core/aarch32/mpu/libarch__arm__core__aarch32__mpu.a(arm_mpu.c.obj)
                0x0000000008006018                z_arm_mpu_init
 .text.__stdout_hook_install
                0x000000000800605c        0xc zephyr/lib/libc/newlib/liblib__libc__newlib.a(libc-hooks.c.obj)
                0x000000000800605c                __stdout_hook_install
 .text.z_impl_zephyr_read_stdin
                0x0000000008006068       0x2c zephyr/lib/libc/newlib/liblib__libc__newlib.a(libc-hooks.c.obj)
                0x0000000008006068                z_impl_zephyr_read_stdin
 .text.z_impl_zephyr_write_stdout
                0x0000000008006094       0x34 zephyr/lib/libc/newlib/liblib__libc__newlib.a(libc-hooks.c.obj)
                0x0000000008006094                z_impl_zephyr_write_stdout
 .text._exit    0x00000000080060c8       0x14 zephyr/lib/libc/newlib/liblib__libc__newlib.a(libc-hooks.c.obj)
                0x00000000080060c8                _exit
 .text._sbrk    0x00000000080060dc       0x2c zephyr/lib/libc/newlib/liblib__libc__newlib.a(libc-hooks.c.obj)
                0x00000000080060dc                _sbrk
                0x00000000080060dc                sbrk
 .text.__stm32_exti_isr
                0x0000000008006108       0x4c zephyr/drivers/interrupt_controller/libdrivers__interrupt_controller.a(intc_exti_stm32.c.obj)
 .text.stm32_exti_enable
                0x0000000008006154       0x20 zephyr/drivers/interrupt_controller/libdrivers__interrupt_controller.a(intc_exti_stm32.c.obj)
                0x0000000008006154                stm32_exti_enable
 .text.stm32_exti_disable
                0x0000000008006174       0x18 zephyr/drivers/interrupt_controller/libdrivers__interrupt_controller.a(intc_exti_stm32.c.obj)
                0x0000000008006174                stm32_exti_disable
 .text.stm32_exti_trigger
                0x000000000800618c       0x70 zephyr/drivers/interrupt_controller/libdrivers__interrupt_controller.a(intc_exti_stm32.c.obj)
                0x000000000800618c                stm32_exti_trigger
 .text.stm32_exti_set_callback
                0x00000000080061fc       0x24 zephyr/drivers/interrupt_controller/libdrivers__interrupt_controller.a(intc_exti_stm32.c.obj)
                0x00000000080061fc                stm32_exti_set_callback
 .text.stm32_exti_unset_callback
                0x0000000008006220       0x14 zephyr/drivers/interrupt_controller/libdrivers__interrupt_controller.a(intc_exti_stm32.c.obj)
                0x0000000008006220                stm32_exti_unset_callback
 .text.stm32_clock_control_on
                0x0000000008006234       0xa4 zephyr/drivers/clock_control/libdrivers__clock_control.a(clock_stm32_ll_common.c.obj)
 .text.stm32_clock_control_off
                0x00000000080062d8       0x7c zephyr/drivers/clock_control/libdrivers__clock_control.a(clock_stm32_ll_common.c.obj)
 .text.stm32_clock_control_get_subsys_rate
                0x0000000008006354       0x40 zephyr/drivers/clock_control/libdrivers__clock_control.a(clock_stm32_ll_common.c.obj)
 .text.stm32_clock_switch_to_hsi
                0x0000000008006394       0x48 zephyr/drivers/clock_control/libdrivers__clock_control.a(clock_stm32_ll_common.c.obj)
 .text.stm32_clock_control_init
                0x00000000080063dc       0x54 zephyr/drivers/clock_control/libdrivers__clock_control.a(clock_stm32_ll_common.c.obj)
                0x00000000080063dc                stm32_clock_control_init
 .text.config_enable_default_clocks
                0x0000000008006430       0x20 zephyr/drivers/clock_control/libdrivers__clock_control.a(clock_stm32l4_l5_wb_wl.c.obj)
                0x0000000008006430                config_enable_default_clocks
 .text.console_out
                0x0000000008006450       0x2c zephyr/drivers/console/libdrivers__console.a(uart_console.c.obj)
 .text.uart_console_hook_install
                0x000000000800647c       0x18 zephyr/drivers/console/libdrivers__console.a(uart_console.c.obj)
 .text.uart_console_init
                0x0000000008006494       0x24 zephyr/drivers/console/libdrivers__console.a(uart_console.c.obj)
 .text.gpio_stm32_set_exti_source
                0x00000000080064b8       0x5c zephyr/drivers/gpio/libdrivers__gpio.a(gpio_stm32.c.obj)
 .text.gpio_stm32_get_exti_source
                0x0000000008006514       0x4c zephyr/drivers/gpio/libdrivers__gpio.a(gpio_stm32.c.obj)
 .text.gpio_stm32_clock_request
                0x0000000008006560       0x44 zephyr/drivers/gpio/libdrivers__gpio.a(gpio_stm32.c.obj)
 .text.gpio_stm32_enable_int
                0x00000000080065a4       0x48 zephyr/drivers/gpio/libdrivers__gpio.a(gpio_stm32.c.obj)
 .text.gpio_stm32_pin_interrupt_configure
                0x00000000080065ec       0x94 zephyr/drivers/gpio/libdrivers__gpio.a(gpio_stm32.c.obj)
 .text.pwm_stm32_pin_set
                0x0000000008006680      0x298 zephyr/drivers/pwm/libdrivers__pwm.a(pwm_stm32.c.obj)
 .text.get_tim_clk
                0x0000000008006918       0x40 zephyr/drivers/pwm/libdrivers__pwm.a(pwm_stm32.c.obj)
 .text.pwm_stm32_init
                0x0000000008006958      0x1ec zephyr/drivers/pwm/libdrivers__pwm.a(pwm_stm32.c.obj)
 .text.spi_stm32_get_err
                0x0000000008006b44       0x54 zephyr/drivers/spi/libdrivers__spi.a(spi_ll_stm32.c.obj)
 .text.spi_stm32_configure
                0x0000000008006b98      0x2c4 zephyr/drivers/spi/libdrivers__spi.a(spi_ll_stm32.c.obj)
 .text.spi_stm32_init
                0x0000000008006e5c      0x1f0 zephyr/drivers/spi/libdrivers__spi.a(spi_ll_stm32.c.obj)
 .text.transceive
                0x000000000800704c      0x1c4 zephyr/drivers/spi/libdrivers__spi.a(spi_ll_stm32.c.obj)
 .text.timer_callback
                0x0000000008007210       0x10 zephyr/drivers/lora/libloramac-node.a(hal_common.c.obj)
 .text.RtcGetTimerElapsedTime
                0x0000000008007220       0x1c zephyr/drivers/lora/libloramac-node.a(hal_common.c.obj)
                0x0000000008007220                RtcGetTimerElapsedTime
 .text.RtcStopAlarm
                0x000000000800723c       0x10 zephyr/drivers/lora/libloramac-node.a(hal_common.c.obj)
                0x000000000800723c                RtcStopAlarm
 .text.RtcSetAlarm
                0x000000000800724c       0x2c zephyr/drivers/lora/libloramac-node.a(hal_common.c.obj)
                0x000000000800724c                RtcSetAlarm
 .text.RtcSetTimerContext
                0x0000000008007278       0x18 zephyr/drivers/lora/libloramac-node.a(hal_common.c.obj)
                0x0000000008007278                RtcSetTimerContext
 .text.RtcGetTimerContext
                0x0000000008007290        0xc zephyr/drivers/lora/libloramac-node.a(hal_common.c.obj)
                0x0000000008007290                RtcGetTimerContext
 .text.modem_release
                0x000000000800729c       0x50 zephyr/drivers/lora/libloramac-node.a(sx12xx_common.c.obj)
 .text.sx12xx_ev_rx_done
                0x00000000080072ec       0xb4 zephyr/drivers/lora/libloramac-node.a(sx12xx_common.c.obj)
 .text.sx12xx_ev_tx_done
                0x00000000080073a0       0x1c zephyr/drivers/lora/libloramac-node.a(sx12xx_common.c.obj)
 .text.__sx12xx_configure_pin
                0x00000000080073bc       0xa4 zephyr/drivers/lora/libloramac-node.a(sx12xx_common.c.obj)
                0x00000000080073bc                __sx12xx_configure_pin
 .text.sx12xx_lora_send_async
                0x0000000008007460       0x4c zephyr/drivers/lora/libloramac-node.a(sx12xx_common.c.obj)
                0x0000000008007460                sx12xx_lora_send_async
 .text.sx12xx_lora_send
                0x00000000080074ac      0x104 zephyr/drivers/lora/libloramac-node.a(sx12xx_common.c.obj)
                0x00000000080074ac                sx12xx_lora_send
 .text.sx12xx_lora_recv
                0x00000000080075b0      0x10c zephyr/drivers/lora/libloramac-node.a(sx12xx_common.c.obj)
                0x00000000080075b0                sx12xx_lora_recv
 .text.sx12xx_lora_recv_async
                0x00000000080076bc       0x60 zephyr/drivers/lora/libloramac-node.a(sx12xx_common.c.obj)
                0x00000000080076bc                sx12xx_lora_recv_async
 .text.sx12xx_lora_config
                0x000000000800771c       0xb4 zephyr/drivers/lora/libloramac-node.a(sx12xx_common.c.obj)
                0x000000000800771c                sx12xx_lora_config
 .text.sx12xx_lora_test_cw
                0x00000000080077d0       0x44 zephyr/drivers/lora/libloramac-node.a(sx12xx_common.c.obj)
                0x00000000080077d0                sx12xx_lora_test_cw
 .text.sx12xx_init
                0x0000000008007814       0x4c zephyr/drivers/lora/libloramac-node.a(sx12xx_common.c.obj)
                0x0000000008007814                sx12xx_init
 .text.sx127x_dio_work_handle
                0x0000000008007860       0x1c zephyr/drivers/lora/libloramac-node.a(sx127x.c.obj)
 .text.sx127x_transceive
                0x000000000800787c       0x54 zephyr/drivers/lora/libloramac-node.a(sx127x.c.obj)
 .text.sx127x_irq_callback
                0x00000000080078d0       0x50 zephyr/drivers/lora/libloramac-node.a(sx127x.c.obj)
 .text.SX1276Reset
                0x0000000008007920       0x68 zephyr/drivers/lora/libloramac-node.a(sx127x.c.obj)
                0x0000000008007920                SX1276Reset
 .text.SX1276IoIrqInit
                0x0000000008007988      0x194 zephyr/drivers/lora/libloramac-node.a(sx127x.c.obj)
                0x0000000008007988                SX1276IoIrqInit
 .text.SX1276ReadBuffer
                0x0000000008007b1c       0x64 zephyr/drivers/lora/libloramac-node.a(sx127x.c.obj)
                0x0000000008007b1c                SX1276ReadBuffer
 .text.sx127x_lora_init
                0x0000000008007b80      0x23c zephyr/drivers/lora/libloramac-node.a(sx127x.c.obj)
 .text.SX1276WriteBuffer
                0x0000000008007dbc       0x64 zephyr/drivers/lora/libloramac-node.a(sx127x.c.obj)
                0x0000000008007dbc                SX1276WriteBuffer
 .text.SX1276SetRfTxPower
                0x0000000008007e20      0x178 zephyr/drivers/lora/libloramac-node.a(sx127x.c.obj)
                0x0000000008007e20                SX1276SetRfTxPower
 .text.SX1276GetDio1PinState
                0x0000000008007f98       0x38 zephyr/drivers/lora/libloramac-node.a(sx127x.c.obj)
                0x0000000008007f98                SX1276GetDio1PinState
 .text.TimerInsertTimer
                0x0000000008007fd0       0x2c zephyr/drivers/lora/libloramac-node.a(timer.c.obj)
 .text.TimerExists
                0x0000000008007ffc       0x1c zephyr/drivers/lora/libloramac-node.a(timer.c.obj)
 .text.TimerInsertNewHeadTimer
                0x0000000008008018       0x1c zephyr/drivers/lora/libloramac-node.a(timer.c.obj)
 .text.TimerStart
                0x0000000008008034       0x6c zephyr/drivers/lora/libloramac-node.a(timer.c.obj)
                0x0000000008008034                TimerStart
 .text.TimerIrqHandler
                0x00000000080080a0       0x88 zephyr/drivers/lora/libloramac-node.a(timer.c.obj)
                0x00000000080080a0                TimerIrqHandler
 .text.TimerStop
                0x0000000008008128       0x80 zephyr/drivers/lora/libloramac-node.a(timer.c.obj)
                0x0000000008008128                TimerStop
 .text.SX1276ConvertFreqInHzToPllStep
                0x00000000080081a8       0x28 zephyr/drivers/lora/libloramac-node.a(sx1276.c.obj)
 .text.GetFskBandwidthRegValue
                0x00000000080081d0       0x50 zephyr/drivers/lora/libloramac-node.a(sx1276.c.obj)
 .text.SX1276GetLoRaBandwidthInHz
                0x0000000008008220       0x28 zephyr/drivers/lora/libloramac-node.a(sx1276.c.obj)
 .text.SX1276OnDio4Irq
                0x0000000008008248       0x20 zephyr/drivers/lora/libloramac-node.a(sx1276.c.obj)
 .text.SX1276GetStatus
                0x0000000008008268        0xc zephyr/drivers/lora/libloramac-node.a(sx1276.c.obj)
                0x0000000008008268                SX1276GetStatus
 .text.SX1276SetChannel
                0x0000000008008274       0x34 zephyr/drivers/lora/libloramac-node.a(sx1276.c.obj)
                0x0000000008008274                SX1276SetChannel
 .text.SX1276OnDio3Irq
                0x00000000080082a8       0x5c zephyr/drivers/lora/libloramac-node.a(sx1276.c.obj)
 .text.SX1276OnDio2Irq
                0x0000000008008304       0xf8 zephyr/drivers/lora/libloramac-node.a(sx1276.c.obj)
 .text.SX1276OnDio1Irq
                0x00000000080083fc      0x148 zephyr/drivers/lora/libloramac-node.a(sx1276.c.obj)
 .text.SX1276OnDio0Irq
                0x0000000008008544      0x2f0 zephyr/drivers/lora/libloramac-node.a(sx1276.c.obj)
 .text.RxChainCalibration
                0x0000000008008834       0x88 zephyr/drivers/lora/libloramac-node.a(sx1276.c.obj)
 .text.SX1276SetSleep
                0x00000000080088bc       0x3c zephyr/drivers/lora/libloramac-node.a(sx1276.c.obj)
                0x00000000080088bc                SX1276SetSleep
 .text.SX1276SetStby
                0x00000000080088f8       0x34 zephyr/drivers/lora/libloramac-node.a(sx1276.c.obj)
                0x00000000080088f8                SX1276SetStby
 .text.SX1276SetTx
                0x000000000800892c       0xb8 zephyr/drivers/lora/libloramac-node.a(sx1276.c.obj)
 .text.SX1276Send
                0x00000000080089e4      0x124 zephyr/drivers/lora/libloramac-node.a(sx1276.c.obj)
                0x00000000080089e4                SX1276Send
 .text.SX1276SetRx
                0x0000000008008b08      0x290 zephyr/drivers/lora/libloramac-node.a(sx1276.c.obj)
                0x0000000008008b08                SX1276SetRx
 .text.SX1276ReadRssi
                0x0000000008008d98       0x50 zephyr/drivers/lora/libloramac-node.a(sx1276.c.obj)
                0x0000000008008d98                SX1276ReadRssi
 .text.SX1276SetModem
                0x0000000008008de8       0x8c zephyr/drivers/lora/libloramac-node.a(sx1276.c.obj)
                0x0000000008008de8                SX1276SetModem
 .text.SX1276Init
                0x0000000008008e74       0x88 zephyr/drivers/lora/libloramac-node.a(sx1276.c.obj)
                0x0000000008008e74                SX1276Init
 .text.SX1276SetRxConfig
                0x0000000008008efc      0x2cc zephyr/drivers/lora/libloramac-node.a(sx1276.c.obj)
                0x0000000008008efc                SX1276SetRxConfig
 .text.SX1276SetTxConfig
                0x00000000080091c8      0x24c zephyr/drivers/lora/libloramac-node.a(sx1276.c.obj)
                0x00000000080091c8                SX1276SetTxConfig
 .text.SX1276SetTxContinuousWave
                0x0000000008009414       0x80 zephyr/drivers/lora/libloramac-node.a(sx1276.c.obj)
                0x0000000008009414                SX1276SetTxContinuousWave
 .text.SX1276SetMaxPayloadLength
                0x0000000008009494       0x34 zephyr/drivers/lora/libloramac-node.a(sx1276.c.obj)
                0x0000000008009494                SX1276SetMaxPayloadLength
 .text.SX1276SetPublicNetwork
                0x00000000080094c8       0x2c zephyr/drivers/lora/libloramac-node.a(sx1276.c.obj)
                0x00000000080094c8                SX1276SetPublicNetwork
 .text.SX1276OnTimeoutIrq
                0x00000000080094f4       0xe0 zephyr/drivers/lora/libloramac-node.a(sx1276.c.obj)
 .text.uart_stm32_configure
                0x00000000080095d4      0x24c zephyr/drivers/serial/libdrivers__serial.a(uart_stm32.c.obj)
 .text.uart_stm32_init
                0x0000000008009820      0x1e8 zephyr/drivers/serial/libdrivers__serial.a(uart_stm32.c.obj)
 .text.elapsed  0x0000000008009a08       0x3c zephyr/drivers/timer/libdrivers__timer.a(cortex_m_systick.c.obj)
 .text.sys_clock_driver_init
                0x0000000008009a44       0x34 zephyr/drivers/timer/libdrivers__timer.a(cortex_m_systick.c.obj)
 .text.sys_clock_isr
                0x0000000008009a78       0x48 zephyr/drivers/timer/libdrivers__timer.a(cortex_m_systick.c.obj)
                0x0000000008009a78                sys_clock_isr
 .text.sys_clock_set_timeout
                0x0000000008009ac0      0x104 zephyr/drivers/timer/libdrivers__timer.a(cortex_m_systick.c.obj)
                0x0000000008009ac0                sys_clock_set_timeout
 .text.sys_clock_elapsed
                0x0000000008009bc4       0x40 zephyr/drivers/timer/libdrivers__timer.a(cortex_m_systick.c.obj)
                0x0000000008009bc4                sys_clock_elapsed
 .text.sys_clock_cycle_get_32
                0x0000000008009c04       0x2c zephyr/drivers/timer/libdrivers__timer.a(cortex_m_systick.c.obj)
                0x0000000008009c04                sys_clock_cycle_get_32
 .text.stm32_pin_configure
                0x0000000008009c30       0x40 zephyr/drivers/pinctrl/libdrivers__pinctrl.a(pinctrl_stm32.c.obj)
 .text.OC1Config
                0x0000000008009c70       0x80 modules/stm32/stm32cube/lib..__modules__hal__stm32__stm32cube.a(stm32l4xx_ll_tim.c.obj)
 .text.OC2Config
                0x0000000008009cf0       0x84 modules/stm32/stm32cube/lib..__modules__hal__stm32__stm32cube.a(stm32l4xx_ll_tim.c.obj)
 .text.OC3Config
                0x0000000008009d74       0x84 modules/stm32/stm32cube/lib..__modules__hal__stm32__stm32cube.a(stm32l4xx_ll_tim.c.obj)
 .text.OC4Config
                0x0000000008009df8       0x68 modules/stm32/stm32cube/lib..__modules__hal__stm32__stm32cube.a(stm32l4xx_ll_tim.c.obj)
 .text.OC5Config
                0x0000000008009e60       0x68 modules/stm32/stm32cube/lib..__modules__hal__stm32__stm32cube.a(stm32l4xx_ll_tim.c.obj)
 .text.OC6Config
                0x0000000008009ec8       0x68 modules/stm32/stm32cube/lib..__modules__hal__stm32__stm32cube.a(stm32l4xx_ll_tim.c.obj)
 .text.LL_TIM_Init
                0x0000000008009f30       0x80 modules/stm32/stm32cube/lib..__modules__hal__stm32__stm32cube.a(stm32l4xx_ll_tim.c.obj)
                0x0000000008009f30                LL_TIM_Init
 .text.UTILS_PLL_IsBusy
                0x0000000008009fb0       0x24 modules/stm32/stm32cube/lib..__modules__hal__stm32__stm32cube.a(stm32l4xx_ll_utils.c.obj)
 .text.LL_SetSystemCoreClock
                0x0000000008009fd4        0xc modules/stm32/stm32cube/lib..__modules__hal__stm32__stm32cube.a(stm32l4xx_ll_utils.c.obj)
                0x0000000008009fd4                LL_SetSystemCoreClock
 .text.LL_SetFlashLatency
                0x0000000008009fe0       0xd0 modules/stm32/stm32cube/lib..__modules__hal__stm32__stm32cube.a(stm32l4xx_ll_utils.c.obj)
                0x0000000008009fe0                LL_SetFlashLatency
 .text.UTILS_EnablePLLAndSwitchSystem
                0x000000000800a0b0       0xb0 modules/stm32/stm32cube/lib..__modules__hal__stm32__stm32cube.a(stm32l4xx_ll_utils.c.obj)
 .text.LL_PLL_ConfigSystemClock_HSI
                0x000000000800a160       0x68 modules/stm32/stm32cube/lib..__modules__hal__stm32__stm32cube.a(stm32l4xx_ll_utils.c.obj)
                0x000000000800a160                LL_PLL_ConfigSystemClock_HSI
 .text.ws2812_strip_update_channels
                0x000000000800a1c8       0x5c modules/rts-zephyr/drivers/led_strip/lib..__..__tmp__projects__beacon_project_rzd__lora_russia_railways__modules__rts-zephyr__drivers__led_strip.a(ws2812_pwm_stm32.c.obj)
 .text.ws2812_pwm_write
                0x000000000800a224      0x1f0 modules/rts-zephyr/drivers/led_strip/lib..__..__tmp__projects__beacon_project_rzd__lora_russia_railways__modules__rts-zephyr__drivers__led_strip.a(ws2812_pwm_stm32.c.obj)
 .text.ws2812_strip_update_rgb
                0x000000000800a414       0xa0 modules/rts-zephyr/drivers/led_strip/lib..__..__tmp__projects__beacon_project_rzd__lora_russia_railways__modules__rts-zephyr__drivers__led_strip.a(ws2812_pwm_stm32.c.obj)
 .text.led_hsv2rgb
                0x000000000800a4b4       0xf4 modules/rts-zephyr/subsys/led_utils/lib..__..__tmp__projects__beacon_project_rzd__lora_russia_railways__modules__rts-zephyr__subsys__led_utils.a(led_utils.c.obj)
                0x000000000800a4b4                led_hsv2rgb
 .text.z_device_state_init
                0x000000000800a5a8       0x18 zephyr/kernel/libkernel.a(device.c.obj)
                0x000000000800a5a8                z_device_state_init
 .text.z_sys_init_run_level
                0x000000000800a5c0       0x50 zephyr/kernel/libkernel.a(device.c.obj)
                0x000000000800a5c0                z_sys_init_run_level
 .text.z_impl_device_get_binding
                0x000000000800a610       0x64 zephyr/kernel/libkernel.a(device.c.obj)
                0x000000000800a610                z_impl_device_get_binding
 .text.reason_to_str
                0x000000000800a674       0x40 zephyr/kernel/libkernel.a(fatal.c.obj)
 .text.thread_name_get
                0x000000000800a6b4       0x20 zephyr/kernel/libkernel.a(fatal.c.obj)
 .text.k_sys_fatal_error_handler
                0x000000000800a6d4       0x5c zephyr/kernel/libkernel.a(fatal.c.obj)
                0x000000000800a6d4                k_sys_fatal_error_handler
 .text.z_fatal_error
                0x000000000800a730       0xd4 zephyr/kernel/libkernel.a(fatal.c.obj)
                0x000000000800a730                z_fatal_error
 .text.init_idle_thread
                0x000000000800a804       0x58 zephyr/kernel/libkernel.a(init.c.obj)
 .text.prepare_multithreading
                0x000000000800a85c       0x94 zephyr/kernel/libkernel.a(init.c.obj)
 .text.bg_thread_main
                0x000000000800a8f0       0x38 zephyr/kernel/libkernel.a(init.c.obj)
 .text.switch_to_main_thread
                0x000000000800a928       0x14 zephyr/kernel/libkernel.a(init.c.obj)
 .text.z_bss_zero
                0x000000000800a93c       0x18 zephyr/kernel/libkernel.a(init.c.obj)
                0x000000000800a93c                z_bss_zero
 .text.z_cstart
                0x000000000800a954       0x88 zephyr/kernel/libkernel.a(init.c.obj)
                0x000000000800a954                z_cstart
 .text.init_mem_slab_module
                0x000000000800a9dc       0x24 zephyr/kernel/libkernel.a(mem_slab.c.obj)
 .text.schedule_new_thread
                0x000000000800aa00       0x1c zephyr/kernel/libkernel.a(thread.c.obj)
 .text.z_setup_new_thread
                0x000000000800aa1c       0x60 zephyr/kernel/libkernel.a(thread.c.obj)
                0x000000000800aa1c                z_setup_new_thread
 .text.z_init_static_threads
                0x000000000800aa7c       0x84 zephyr/kernel/libkernel.a(thread.c.obj)
                0x000000000800aa7c                z_init_static_threads
 .text.z_impl_k_msgq_put
                0x000000000800ab00       0xb8 zephyr/kernel/libkernel.a(msg_q.c.obj)
                0x000000000800ab00                z_impl_k_msgq_put
 .text.z_impl_k_msgq_get
                0x000000000800abb8       0xc0 zephyr/kernel/libkernel.a(msg_q.c.obj)
                0x000000000800abb8                z_impl_k_msgq_get
 .text.z_impl_k_mutex_lock
                0x000000000800ac78      0x114 zephyr/kernel/libkernel.a(mutex.c.obj)
                0x000000000800ac78                z_impl_k_mutex_lock
 .text.z_impl_k_mutex_unlock
                0x000000000800ad8c       0x84 zephyr/kernel/libkernel.a(mutex.c.obj)
                0x000000000800ad8c                z_impl_k_mutex_unlock
 .text.z_impl_k_sem_give
                0x000000000800ae10       0x50 zephyr/kernel/libkernel.a(sem.c.obj)
                0x000000000800ae10                z_impl_k_sem_give
 .text.z_impl_k_sem_take
                0x000000000800ae60       0x50 zephyr/kernel/libkernel.a(sem.c.obj)
                0x000000000800ae60                z_impl_k_sem_take
 .text.submit_to_queue_locked
                0x000000000800aeb0       0xd8 zephyr/kernel/libkernel.a(work.c.obj)
 .text.finalize_cancel_locked
                0x000000000800af88       0x7c zephyr/kernel/libkernel.a(work.c.obj)
 .text.work_queue_main
                0x000000000800b004       0xf0 zephyr/kernel/libkernel.a(work.c.obj)
 .text.k_work_submit
                0x000000000800b0f4       0x10 zephyr/kernel/libkernel.a(work.c.obj)
                0x000000000800b0f4                k_work_submit
 .text.k_work_queue_start
                0x000000000800b104       0x7c zephyr/kernel/libkernel.a(work.c.obj)
                0x000000000800b104                k_work_queue_start
 .text.add_thread_timeout
                0x000000000800b180       0x20 zephyr/kernel/libkernel.a(sched.c.obj)
 .text.z_reset_time_slice
                0x000000000800b1a0       0x2c zephyr/kernel/libkernel.a(sched.c.obj)
                0x000000000800b1a0                z_reset_time_slice
 .text.k_sched_time_slice_set
                0x000000000800b1cc       0x5c zephyr/kernel/libkernel.a(sched.c.obj)
                0x000000000800b1cc                k_sched_time_slice_set
 .text.z_reschedule
                0x000000000800b228       0x38 zephyr/kernel/libkernel.a(sched.c.obj)
                0x000000000800b228                z_reschedule
 .text.k_sched_lock
                0x000000000800b260       0x34 zephyr/kernel/libkernel.a(sched.c.obj)
                0x000000000800b260                k_sched_lock
 .text.update_cache
                0x000000000800b294       0x4c zephyr/kernel/libkernel.a(sched.c.obj)
 .text.move_thread_to_end_of_prio_q
                0x000000000800b2e0       0x88 zephyr/kernel/libkernel.a(sched.c.obj)
 .text.z_time_slice
                0x000000000800b368       0xac zephyr/kernel/libkernel.a(sched.c.obj)
                0x000000000800b368                z_time_slice
 .text.ready_thread
                0x000000000800b414       0x80 zephyr/kernel/libkernel.a(sched.c.obj)
 .text.z_sched_start
                0x000000000800b494       0x3c zephyr/kernel/libkernel.a(sched.c.obj)
                0x000000000800b494                z_sched_start
 .text.unready_thread
                0x000000000800b4d0       0x38 zephyr/kernel/libkernel.a(sched.c.obj)
 .text.z_pend_curr
                0x000000000800b508       0x28 zephyr/kernel/libkernel.a(sched.c.obj)
                0x000000000800b508                z_pend_curr
 .text.z_set_prio
                0x000000000800b530       0xc0 zephyr/kernel/libkernel.a(sched.c.obj)
                0x000000000800b530                z_set_prio
 .text.z_impl_k_thread_suspend
                0x000000000800b5f0       0x84 zephyr/kernel/libkernel.a(sched.c.obj)
                0x000000000800b5f0                z_impl_k_thread_suspend
 .text.k_sched_unlock
                0x000000000800b674       0x50 zephyr/kernel/libkernel.a(sched.c.obj)
                0x000000000800b674                k_sched_unlock
 .text.end_thread
                0x000000000800b6c4       0x94 zephyr/kernel/libkernel.a(sched.c.obj)
 .text.z_sched_init
                0x000000000800b758       0x18 zephyr/kernel/libkernel.a(sched.c.obj)
                0x000000000800b758                z_sched_init
 .text.z_impl_k_yield
                0x000000000800b770       0x88 zephyr/kernel/libkernel.a(sched.c.obj)
                0x000000000800b770                z_impl_k_yield
 .text.z_tick_sleep
                0x000000000800b7f8       0x98 zephyr/kernel/libkernel.a(sched.c.obj)
 .text.z_impl_k_sleep
                0x000000000800b890       0x30 zephyr/kernel/libkernel.a(sched.c.obj)
                0x000000000800b890                z_impl_k_sleep
 .text.z_impl_z_current_get
                0x000000000800b8c0        0xc zephyr/kernel/libkernel.a(sched.c.obj)
                0x000000000800b8c0                z_impl_z_current_get
 .text.z_impl_k_is_preempt_thread
                0x000000000800b8cc       0x20 zephyr/kernel/libkernel.a(sched.c.obj)
                0x000000000800b8cc                z_impl_k_is_preempt_thread
 .text.z_thread_abort
                0x000000000800b8ec       0x50 zephyr/kernel/libkernel.a(sched.c.obj)
                0x000000000800b8ec                z_thread_abort
 .text.z_sched_wait
                0x000000000800b93c       0x28 zephyr/kernel/libkernel.a(sched.c.obj)
                0x000000000800b93c                z_sched_wait
 .text.z_data_copy
                0x000000000800b964       0x34 zephyr/kernel/libkernel.a(xip.c.obj)
                0x000000000800b964                z_data_copy
 .text.first    0x000000000800b998       0x14 zephyr/kernel/libkernel.a(timeout.c.obj)
 .text.next     0x000000000800b9ac       0x18 zephyr/kernel/libkernel.a(timeout.c.obj)
 .text.elapsed  0x000000000800b9c4       0x18 zephyr/kernel/libkernel.a(timeout.c.obj)
 .text.next_timeout
                0x000000000800b9dc       0x4c zephyr/kernel/libkernel.a(timeout.c.obj)
 .text.z_add_timeout
                0x000000000800ba28      0x118 zephyr/kernel/libkernel.a(timeout.c.obj)
                0x000000000800ba28                z_add_timeout
 .text.sys_clock_announce
                0x000000000800bb40       0xc4 zephyr/kernel/libkernel.a(timeout.c.obj)
                0x000000000800bb40                sys_clock_announce
 .text.sys_clock_tick_get
                0x000000000800bc04       0x40 zephyr/kernel/libkernel.a(timeout.c.obj)
                0x000000000800bc04                sys_clock_tick_get
 .text.z_impl_k_busy_wait
                0x000000000800bc44       0x34 zephyr/kernel/libkernel.a(timeout.c.obj)
                0x000000000800bc44                z_impl_k_busy_wait
 .text.z_timer_expiration_handler
                0x000000000800bc78       0x94 zephyr/kernel/libkernel.a(timer.c.obj)
                0x000000000800bc78                z_timer_expiration_handler
 .text.z_impl_k_timer_start
                0x000000000800bd0c       0xac zephyr/kernel/libkernel.a(timer.c.obj)
                0x000000000800bd0c                z_impl_k_timer_start
 .text.register_events
                0x000000000800bdb8      0x3f4 zephyr/kernel/libkernel.a(poll.c.obj)
 .text.z_impl_k_poll
                0x000000000800c1ac      0x158 zephyr/kernel/libkernel.a(poll.c.obj)
                0x000000000800c1ac                z_impl_k_poll
 .text.z_impl_k_poll_signal_raise
                0x000000000800c304       0x54 zephyr/kernel/libkernel.a(poll.c.obj)
                0x000000000800c304                z_impl_k_poll_signal_raise
 .text.boot_banner
                0x000000000800c358       0x1c zephyr/kernel/libkernel.a(banner.c.obj)
                0x000000000800c358                boot_banner
 .text.statics_init
                0x000000000800c374       0x24 zephyr/kernel/libkernel.a(kheap.c.obj)
 .text.k_sys_work_q_init
                0x000000000800c398       0x34 zephyr/kernel/libkernel.a(system_work_q.c.obj)
 .text.malloc   0x000000000800c3cc       0x10 /opt/zephyr-sdk/arm-zephyr-eabi/arm-zephyr-eabi/lib/thumb/v7e-m/nofp/libc_nano.a(lib_a-malloc.o)
                0x000000000800c3cc                malloc
 .text._free_r  0x000000000800c3dc       0x94 /opt/zephyr-sdk/arm-zephyr-eabi/arm-zephyr-eabi/lib/thumb/v7e-m/nofp/libc_nano.a(lib_a-nano-freer.o)
                0x000000000800c3dc                _free_r
 .text._malloc_r
                0x000000000800c470       0xb4 /opt/zephyr-sdk/arm-zephyr-eabi/arm-zephyr-eabi/lib/thumb/v7e-m/nofp/libc_nano.a(lib_a-nano-mallocr.o)
                0x000000000800c470                _malloc_r
 .text._printf_float
                0x000000000800c524      0x454 /opt/zephyr-sdk/arm-zephyr-eabi/arm-zephyr-eabi/lib/thumb/v7e-m/nofp/libc_nano.a(lib_a-nano-vfprintf_float.o)
                0x000000000800c524                _printf_float
 .text._printf_i
                0x000000000800c978      0x24c /opt/zephyr-sdk/arm-zephyr-eabi/arm-zephyr-eabi/lib/thumb/v7e-m/nofp/libc_nano.a(lib_a-nano-vfprintf_i.o)
                0x000000000800c978                _printf_i
 .text._sbrk_r  0x000000000800cbc4       0x20 /opt/zephyr-sdk/arm-zephyr-eabi/arm-zephyr-eabi/lib/thumb/v7e-m/nofp/libc_nano.a(lib_a-sbrkr.o)
                0x000000000800cbc4                _sbrk_r
 .text._localeconv_r
                0x000000000800cbe4        0x8 /opt/zephyr-sdk/arm-zephyr-eabi/arm-zephyr-eabi/lib/thumb/v7e-m/nofp/libc_nano.a(lib_a-localeconv.o)
                0x000000000800cbe4                _localeconv_r
 .text.__malloc_lock
                0x000000000800cbec        0xc /opt/zephyr-sdk/arm-zephyr-eabi/arm-zephyr-eabi/lib/thumb/v7e-m/nofp/libc_nano.a(lib_a-mlock.o)
                0x000000000800cbec                __malloc_lock
 .text.__malloc_unlock
                0x000000000800cbf8        0xc /opt/zephyr-sdk/arm-zephyr-eabi/arm-zephyr-eabi/lib/thumb/v7e-m/nofp/libc_nano.a(lib_a-mlock.o)
                0x000000000800cbf8                __malloc_unlock
 .text._Balloc  0x000000000800cc04       0x80 /opt/zephyr-sdk/arm-zephyr-eabi/arm-zephyr-eabi/lib/thumb/v7e-m/nofp/libc_nano.a(lib_a-mprec.o)
                0x000000000800cc04                _Balloc
 .text._Bfree   0x000000000800cc84       0x44 /opt/zephyr-sdk/arm-zephyr-eabi/arm-zephyr-eabi/lib/thumb/v7e-m/nofp/libc_nano.a(lib_a-mprec.o)
                0x000000000800cc84                _Bfree
 .text.__multadd
                0x000000000800ccc8       0x8c /opt/zephyr-sdk/arm-zephyr-eabi/arm-zephyr-eabi/lib/thumb/v7e-m/nofp/libc_nano.a(lib_a-mprec.o)
                0x000000000800ccc8                __multadd
 .text.__i2b    0x000000000800cd54       0x2c /opt/zephyr-sdk/arm-zephyr-eabi/arm-zephyr-eabi/lib/thumb/v7e-m/nofp/libc_nano.a(lib_a-mprec.o)
                0x000000000800cd54                __i2b
 .text.__multiply
                0x000000000800cd80      0x150 /opt/zephyr-sdk/arm-zephyr-eabi/arm-zephyr-eabi/lib/thumb/v7e-m/nofp/libc_nano.a(lib_a-mprec.o)
                0x000000000800cd80                __multiply
 .text.__pow5mult
                0x000000000800ced0       0xb4 /opt/zephyr-sdk/arm-zephyr-eabi/arm-zephyr-eabi/lib/thumb/v7e-m/nofp/libc_nano.a(lib_a-mprec.o)
                0x000000000800ced0                __pow5mult
 .text.__lshift
                0x000000000800cf84       0xe0 /opt/zephyr-sdk/arm-zephyr-eabi/arm-zephyr-eabi/lib/thumb/v7e-m/nofp/libc_nano.a(lib_a-mprec.o)
                0x000000000800cf84                __lshift
 .text.__mdiff  0x000000000800d064      0x110 /opt/zephyr-sdk/arm-zephyr-eabi/arm-zephyr-eabi/lib/thumb/v7e-m/nofp/libc_nano.a(lib_a-mprec.o)
                0x000000000800d064                __mdiff
 .text.__d2b    0x000000000800d174       0xb8 /opt/zephyr-sdk/arm-zephyr-eabi/arm-zephyr-eabi/lib/thumb/v7e-m/nofp/libc_nano.a(lib_a-mprec.o)
                0x000000000800d174                __d2b
 .text.__assert_func
                0x000000000800d22c       0x3c /opt/zephyr-sdk/arm-zephyr-eabi/arm-zephyr-eabi/lib/thumb/v7e-m/nofp/libc_nano.a(lib_a-assert.o)
                0x000000000800d22c                __assert_func
 .text.fprintf  0x000000000800d268       0x24 /opt/zephyr-sdk/arm-zephyr-eabi/arm-zephyr-eabi/lib/thumb/v7e-m/nofp/libc_nano.a(lib_a-fprintf.o)
                0x000000000800d268                fprintf
                0x000000000800d268                fiprintf
 .text._vfprintf_r
                0x000000000800d28c      0x260 /opt/zephyr-sdk/arm-zephyr-eabi/arm-zephyr-eabi/lib/thumb/v7e-m/nofp/libc_nano.a(lib_a-nano-vfprintf.o)
                0x000000000800d28c                _vfiprintf_r
                0x000000000800d28c                _vfprintf_r
 .text.__swbuf_r
                0x000000000800d4ec       0xa4 /opt/zephyr-sdk/arm-zephyr-eabi/arm-zephyr-eabi/lib/thumb/v7e-m/nofp/libc_nano.a(lib_a-wbuf.o)
                0x000000000800d4ec                __swbuf_r
 .text.__swsetup_r
                0x000000000800d590       0xdc /opt/zephyr-sdk/arm-zephyr-eabi/arm-zephyr-eabi/lib/thumb/v7e-m/nofp/libc_nano.a(lib_a-wsetup.o)
                0x000000000800d590                __swsetup_r
 .text.__sflush_r
                0x000000000800d66c      0x104 /opt/zephyr-sdk/arm-zephyr-eabi/arm-zephyr-eabi/lib/thumb/v7e-m/nofp/libc_nano.a(lib_a-fflush.o)
                0x000000000800d66c                __sflush_r
 .text._fflush_r
                0x000000000800d770       0x78 /opt/zephyr-sdk/arm-zephyr-eabi/arm-zephyr-eabi/lib/thumb/v7e-m/nofp/libc_nano.a(lib_a-fflush.o)
                0x000000000800d770                _fflush_r
 .text.std      0x000000000800d7e8       0x48 /opt/zephyr-sdk/arm-zephyr-eabi/arm-zephyr-eabi/lib/thumb/v7e-m/nofp/libc_nano.a(lib_a-findfp.o)
 .text._cleanup_r
                0x000000000800d830        0xc /opt/zephyr-sdk/arm-zephyr-eabi/arm-zephyr-eabi/lib/thumb/v7e-m/nofp/libc_nano.a(lib_a-findfp.o)
                0x000000000800d830                _cleanup_r
 .text.__sfp_lock_acquire
                0x000000000800d83c        0xc /opt/zephyr-sdk/arm-zephyr-eabi/arm-zephyr-eabi/lib/thumb/v7e-m/nofp/libc_nano.a(lib_a-findfp.o)
                0x000000000800d83c                __sfp_lock_acquire
 .text.__sfp_lock_release
                0x000000000800d848        0xc /opt/zephyr-sdk/arm-zephyr-eabi/arm-zephyr-eabi/lib/thumb/v7e-m/nofp/libc_nano.a(lib_a-findfp.o)
                0x000000000800d848                __sfp_lock_release
 .text.__sinit_lock_acquire
                0x000000000800d854        0xc /opt/zephyr-sdk/arm-zephyr-eabi/arm-zephyr-eabi/lib/thumb/v7e-m/nofp/libc_nano.a(lib_a-findfp.o)
                0x000000000800d854                __sinit_lock_acquire
 .text.__sinit_lock_release
                0x000000000800d860        0xc /opt/zephyr-sdk/arm-zephyr-eabi/arm-zephyr-eabi/lib/thumb/v7e-m/nofp/libc_nano.a(lib_a-findfp.o)
                0x000000000800d860                __sinit_lock_release
 .text.__sinit  0x000000000800d86c       0x70 /opt/zephyr-sdk/arm-zephyr-eabi/arm-zephyr-eabi/lib/thumb/v7e-m/nofp/libc_nano.a(lib_a-findfp.o)
                0x000000000800d86c                __sinit
 .text.__sfp    0x000000000800d8dc       0x8c /opt/zephyr-sdk/arm-zephyr-eabi/arm-zephyr-eabi/lib/thumb/v7e-m/nofp/libc_nano.a(lib_a-findfp.o)
                0x000000000800d8dc                __sfp
 .text.__smakebuf_r
                0x000000000800d968       0x80 /opt/zephyr-sdk/arm-zephyr-eabi/arm-zephyr-eabi/lib/thumb/v7e-m/nofp/libc_nano.a(lib_a-makebuf.o)
                0x000000000800d968                __smakebuf_r
 .text.raise    0x000000000800d9e8       0x10 /opt/zephyr-sdk/arm-zephyr-eabi/arm-zephyr-eabi/lib/thumb/v7e-m/nofp/libc_nano.a(lib_a-signal.o)
                0x000000000800d9e8                raise
 .text._kill_r  0x000000000800d9f8       0x24 /opt/zephyr-sdk/arm-zephyr-eabi/arm-zephyr-eabi/lib/thumb/v7e-m/nofp/libc_nano.a(lib_a-signalr.o)
                0x000000000800d9f8                _kill_r
 .text._write_r
                0x000000000800da1c       0x24 /opt/zephyr-sdk/arm-zephyr-eabi/arm-zephyr-eabi/lib/thumb/v7e-m/nofp/libc_nano.a(lib_a-writer.o)
                0x000000000800da1c                _write_r
 .text._close_r
                0x000000000800da40       0x20 /opt/zephyr-sdk/arm-zephyr-eabi/arm-zephyr-eabi/lib/thumb/v7e-m/nofp/libc_nano.a(lib_a-closer.o)
                0x000000000800da40                _close_r
 .text._fstat_r
                0x000000000800da60       0x24 /opt/zephyr-sdk/arm-zephyr-eabi/arm-zephyr-eabi/lib/thumb/v7e-m/nofp/libc_nano.a(lib_a-fstatr.o)
                0x000000000800da60                _fstat_r
 .text._isatty_r
                0x000000000800da84       0x20 /opt/zephyr-sdk/arm-zephyr-eabi/arm-zephyr-eabi/lib/thumb/v7e-m/nofp/libc_nano.a(lib_a-isattyr.o)
                0x000000000800da84                _isatty_r
 .text._lseek_r
                0x000000000800daa4       0x24 /opt/zephyr-sdk/arm-zephyr-eabi/arm-zephyr-eabi/lib/thumb/v7e-m/nofp/libc_nano.a(lib_a-lseekr.o)
                0x000000000800daa4                _lseek_r
 .text._read_r  0x000000000800dac8       0x24 /opt/zephyr-sdk/arm-zephyr-eabi/arm-zephyr-eabi/lib/thumb/v7e-m/nofp/libc_nano.a(lib_a-readr.o)
                0x000000000800dac8                _read_r
 .text._OffsetAbsSyms
                0x000000000800daec        0x2 zephyr/CMakeFiles/offsets.dir/./arch/arm/core/offsets/offsets.c.obj
                0x000000000800daec                _OffsetAbsSyms
 .text.z_log_msg2_runtime_create
                0x000000000800daee       0x1a app/libapp.a(lora_russia_railways_brigade_chief.c.obj)
 .text.fill_msg_bit_field
                0x000000000800db08       0x42 app/libapp.a(lora_russia_railways_common.c.obj)
                0x000000000800db08                fill_msg_bit_field
 .text.extract_msg_bit_field
                0x000000000800db4a       0x48 app/libapp.a(lora_russia_railways_common.c.obj)
                0x000000000800db4a                extract_msg_bit_field
 .text.reverse  0x000000000800db92       0x22 app/libapp.a(lora_russia_railways_common.c.obj)
                0x000000000800db92                reverse
 .text.check_rssi
                0x000000000800dbb4       0x78 app/libapp.a(lora_russia_railways_common.c.obj)
                0x000000000800dbb4                check_rssi
 .text.check_msg_status
                0x000000000800dc2c       0x38 app/libapp.a(lora_russia_railways_common.c.obj)
                0x000000000800dc2c                check_msg_status
 .text.cbprintf_via_va_list
                0x000000000800dc64        0xe zephyr/libzephyr.a(cbprintf_packaged.c.obj)
 .text.cbpprintf_external
                0x000000000800dc72       0x5a zephyr/libzephyr.a(cbprintf_packaged.c.obj)
                0x000000000800dc72                cbpprintf_external
 .text.arch_printk_char_out
                0x000000000800dccc        0x4 zephyr/libzephyr.a(printk.c.obj)
                0x000000000800dccc                arch_printk_char_out
 .text.str_out  0x000000000800dcd0       0x30 zephyr/libzephyr.a(printk.c.obj)
 .text.printk   0x000000000800dd00       0x1c zephyr/libzephyr.a(printk.c.obj)
                0x000000000800dd00                printk
 .text.snprintk
                0x000000000800dd1c       0x1c zephyr/libzephyr.a(printk.c.obj)
                0x000000000800dd1c                snprintk
 .text.z_thread_entry
                0x000000000800dd38       0x14 zephyr/libzephyr.a(thread_entry.c.obj)
                0x000000000800dd38                z_thread_entry
 .text.free_list_add_bidx
                0x000000000800dd4c       0x50 zephyr/libzephyr.a(heap.c.obj)
 .text.free_list_add
                0x000000000800dd9c       0x18 zephyr/libzephyr.a(heap.c.obj)
 .text.sys_heap_init
                0x000000000800ddb4       0x84 zephyr/libzephyr.a(heap.c.obj)
                0x000000000800ddb4                sys_heap_init
 .text.outs     0x000000000800de38       0x34 zephyr/libzephyr.a(cbprintf_complete.c.obj)
 .text.add_skip_item
                0x000000000800de6c       0x52 zephyr/libzephyr.a(mpsc_pbuf.c.obj)
 .text.drop_item_locked
                0x000000000800debe      0x112 zephyr/libzephyr.a(mpsc_pbuf.c.obj)
 .text.mpsc_pbuf_init
                0x000000000800dfd0       0x4a zephyr/libzephyr.a(mpsc_pbuf.c.obj)
                0x000000000800dfd0                mpsc_pbuf_init
 .text.mpsc_pbuf_alloc
                0x000000000800e01a      0x12e zephyr/libzephyr.a(mpsc_pbuf.c.obj)
                0x000000000800e01a                mpsc_pbuf_alloc
 .text.mpsc_pbuf_commit
                0x000000000800e148       0x4c zephyr/libzephyr.a(mpsc_pbuf.c.obj)
                0x000000000800e148                mpsc_pbuf_commit
 .text.mpsc_pbuf_claim
                0x000000000800e194       0xe2 zephyr/libzephyr.a(mpsc_pbuf.c.obj)
                0x000000000800e194                mpsc_pbuf_claim
 .text.mpsc_pbuf_free
                0x000000000800e276       0x7a zephyr/libzephyr.a(mpsc_pbuf.c.obj)
                0x000000000800e276                mpsc_pbuf_free
 .text.mpsc_pbuf_is_pending
                0x000000000800e2f0       0x18 zephyr/libzephyr.a(mpsc_pbuf.c.obj)
                0x000000000800e2f0                mpsc_pbuf_is_pending
 .text._ConfigAbsSyms
                0x000000000800e308        0x2 zephyr/libzephyr.a(configs.c.obj)
                0x000000000800e308                _ConfigAbsSyms
 .text.st_stm32_common_config
                0x000000000800e30a        0x4 zephyr/libzephyr.a(soc_config.c.obj)
 .text.log_msg2_generic_get_wlen
                0x000000000800e30e       0x22 zephyr/libzephyr.a(log_core.c.obj)
 .text.dummy_timestamp
                0x000000000800e330        0x4 zephyr/libzephyr.a(log_core.c.obj)
 .text.msg_filter_check
                0x000000000800e334        0x4 zephyr/libzephyr.a(log_core.c.obj)
 .text.default_lf_get_timestamp
                0x000000000800e338       0x10 zephyr/libzephyr.a(log_core.c.obj)
 .text.notify_drop
                0x000000000800e348        0xa zephyr/libzephyr.a(log_core.c.obj)
 .text.get_msg  0x000000000800e352        0x8 zephyr/libzephyr.a(log_core.c.obj)
                0x000000000800e352                get_msg
 .text.next_pending
                0x000000000800e35a        0x8 zephyr/libzephyr.a(log_core.c.obj)
 .text.z_log_get_tag
                0x000000000800e362        0x4 zephyr/libzephyr.a(log_core.c.obj)
                0x000000000800e362                z_log_get_tag
 .text.buffer_write
                0x000000000800e366       0x1a zephyr/libzephyr.a(log_output.c.obj)
 .text.color_prefix
                0x000000000800e380        0xc zephyr/libzephyr.a(log_output.c.obj)
 .text.color_postfix
                0x000000000800e38c        0xc zephyr/libzephyr.a(log_output.c.obj)
 .text.postfix_print
                0x000000000800e398       0x18 zephyr/libzephyr.a(log_output.c.obj)
 .text.log_msg2_hexdump
                0x000000000800e3b0       0x36 zephyr/libzephyr.a(log_output.c.obj)
 .text.log_output_flush
                0x000000000800e3e6       0x1a zephyr/libzephyr.a(log_output.c.obj)
                0x000000000800e3e6                log_output_flush
 .text.out_func
                0x000000000800e400       0x38 zephyr/libzephyr.a(log_output.c.obj)
 .text.cr_out_func
                0x000000000800e438       0x1c zephyr/libzephyr.a(log_output.c.obj)
 .text.z_log_msg2_finalize
                0x000000000800e454       0x32 zephyr/libzephyr.a(log_msg2.c.obj)
                0x000000000800e454                z_log_msg2_finalize
 .text.z_impl_z_log_msg2_static_create
                0x000000000800e486       0x46 zephyr/libzephyr.a(log_msg2.c.obj)
                0x000000000800e486                z_impl_z_log_msg2_static_create
 .text.z_impl_z_log_msg2_runtime_vcreate
                0x000000000800e4cc       0x88 zephyr/libzephyr.a(log_msg2.c.obj)
                0x000000000800e4cc                z_impl_z_log_msg2_runtime_vcreate
 .text.z_cpp_init_static
                0x000000000800e554        0xc zephyr/libzephyr.a(cpp_init.c.obj)
                0x000000000800e554                z_cpp_init_static
 .text.z_arm_fatal_error
                0x000000000800e560       0x18 zephyr/arch/arch/arm/core/aarch32/libarch__arm__core__aarch32.a(fatal.c.obj)
                0x000000000800e560                z_arm_fatal_error
 .text.z_do_kernel_oops
                0x000000000800e578        0xc zephyr/arch/arch/arm/core/aarch32/libarch__arm__core__aarch32.a(fatal.c.obj)
                0x000000000800e578                z_do_kernel_oops
 .text.z_irq_spurious
                0x000000000800e584        0xc zephyr/arch/arch/arm/core/aarch32/libarch__arm__core__aarch32.a(irq_manage.c.obj)
                0x000000000800e584                z_irq_spurious
 .text.z_arm_nmi
                0x000000000800e590        0xc zephyr/arch/arch/arm/core/aarch32/libarch__arm__core__aarch32.a(nmi.c.obj)
                0x000000000800e590                z_arm_nmi
 .text.memory_fault_recoverable
                0x000000000800e59c        0x4 zephyr/arch/arch/arm/core/aarch32/cortex_m/libarch__arm__core__aarch32__cortex_m.a(fault.c.obj)
 .text.z_log_msg2_runtime_create
                0x000000000800e5a0       0x1a zephyr/arch/arch/arm/core/aarch32/cortex_m/libarch__arm__core__aarch32__cortex_m.a(fault.c.obj)
 .text.fault_handle
                0x000000000800e5ba       0x4a zephyr/arch/arch/arm/core/aarch32/cortex_m/libarch__arm__core__aarch32__cortex_m.a(fault.c.obj)
 .text.mpu_partition_is_valid
                0x000000000800e604       0x22 zephyr/arch/arch/arm/core/aarch32/mpu/libarch__arm__core__aarch32__mpu.a(arm_mpu.c.obj)
 .text.mpu_configure_region
                0x000000000800e626       0x3e zephyr/arch/arch/arm/core/aarch32/mpu/libarch__arm__core__aarch32__mpu.a(arm_mpu.c.obj)
 .text.arm_core_mpu_configure_static_mpu_regions
                0x000000000800e664        0x8 zephyr/arch/arch/arm/core/aarch32/mpu/libarch__arm__core__aarch32__mpu.a(arm_mpu.c.obj)
                0x000000000800e664                arm_core_mpu_configure_static_mpu_regions
 .text.arm_core_mpu_configure_dynamic_mpu_regions
                0x000000000800e66c        0x8 zephyr/arch/arch/arm/core/aarch32/mpu/libarch__arm__core__aarch32__mpu.a(arm_mpu.c.obj)
                0x000000000800e66c                arm_core_mpu_configure_dynamic_mpu_regions
 .text.malloc_prepare
                0x000000000800e674        0x4 zephyr/lib/libc/newlib/liblib__libc__newlib.a(libc-hooks.c.obj)
 .text._stdout_hook_default
                0x000000000800e678        0x6 zephyr/lib/libc/newlib/liblib__libc__newlib.a(libc-hooks.c.obj)
 .text._stdin_hook_default
                0x000000000800e67e        0x4 zephyr/lib/libc/newlib/liblib__libc__newlib.a(libc-hooks.c.obj)
 .text._read    0x000000000800e682        0xc zephyr/lib/libc/newlib/liblib__libc__newlib.a(libc-hooks.c.obj)
                0x000000000800e682                read
                0x000000000800e682                _read
 .text._write   0x000000000800e68e        0xc zephyr/lib/libc/newlib/liblib__libc__newlib.a(libc-hooks.c.obj)
                0x000000000800e68e                write
                0x000000000800e68e                _write
 .text._close   0x000000000800e69a        0x6 zephyr/lib/libc/newlib/liblib__libc__newlib.a(libc-hooks.c.obj)
                0x000000000800e69a                close
                0x000000000800e69a                _close
 .text._lseek   0x000000000800e6a0        0x4 zephyr/lib/libc/newlib/liblib__libc__newlib.a(libc-hooks.c.obj)
                0x000000000800e6a0                lseek
                0x000000000800e6a0                _lseek
 .text._isatty  0x000000000800e6a4        0xa zephyr/lib/libc/newlib/liblib__libc__newlib.a(libc-hooks.c.obj)
                0x000000000800e6a4                isatty
                0x000000000800e6a4                _isatty
 .text._kill    0x000000000800e6ae        0x4 zephyr/lib/libc/newlib/liblib__libc__newlib.a(libc-hooks.c.obj)
                0x000000000800e6ae                kill
                0x000000000800e6ae                _kill
 .text._getpid  0x000000000800e6b2        0x4 zephyr/lib/libc/newlib/liblib__libc__newlib.a(libc-hooks.c.obj)
                0x000000000800e6b2                _getpid
                0x000000000800e6b2                getpid
 .text._fstat   0x000000000800e6b6        0xa zephyr/lib/libc/newlib/liblib__libc__newlib.a(libc-hooks.c.obj)
                0x000000000800e6b6                _fstat
                0x000000000800e6b6                fstat
 .text.__retarget_lock_init_recursive
                0x000000000800e6c0       0x12 zephyr/lib/libc/newlib/liblib__libc__newlib.a(libc-hooks.c.obj)
                0x000000000800e6c0                __retarget_lock_init_recursive
 .text.__retarget_lock_acquire_recursive
                0x000000000800e6d2       0x10 zephyr/lib/libc/newlib/liblib__libc__newlib.a(libc-hooks.c.obj)
                0x000000000800e6d2                __retarget_lock_acquire_recursive
 .text.__retarget_lock_release_recursive
                0x000000000800e6e2        0x8 zephyr/lib/libc/newlib/liblib__libc__newlib.a(libc-hooks.c.obj)
                0x000000000800e6e2                __retarget_lock_release_recursive
 .text.__stm32_exti_isr_0
                0x000000000800e6ea        0xe zephyr/drivers/interrupt_controller/libdrivers__interrupt_controller.a(intc_exti_stm32.c.obj)
 .text.__stm32_exti_isr_1
                0x000000000800e6f8        0xe zephyr/drivers/interrupt_controller/libdrivers__interrupt_controller.a(intc_exti_stm32.c.obj)
 .text.__stm32_exti_isr_2
                0x000000000800e706        0xe zephyr/drivers/interrupt_controller/libdrivers__interrupt_controller.a(intc_exti_stm32.c.obj)
 .text.__stm32_exti_isr_3
                0x000000000800e714        0xe zephyr/drivers/interrupt_controller/libdrivers__interrupt_controller.a(intc_exti_stm32.c.obj)
 .text.__stm32_exti_isr_4
                0x000000000800e722        0xe zephyr/drivers/interrupt_controller/libdrivers__interrupt_controller.a(intc_exti_stm32.c.obj)
 .text.__stm32_exti_isr_9_5
                0x000000000800e730        0xe zephyr/drivers/interrupt_controller/libdrivers__interrupt_controller.a(intc_exti_stm32.c.obj)
 .text.__stm32_exti_isr_15_10
                0x000000000800e73e        0xe zephyr/drivers/interrupt_controller/libdrivers__interrupt_controller.a(intc_exti_stm32.c.obj)
 .text.__stm32_exti_connect_irqs
                0x000000000800e74c       0x4a zephyr/drivers/interrupt_controller/libdrivers__interrupt_controller.a(intc_exti_stm32.c.obj)
 .text.stm32_exti_init
                0x000000000800e796        0xa zephyr/drivers/interrupt_controller/libdrivers__interrupt_controller.a(intc_exti_stm32.c.obj)
 .text.config_bus_clk_init
                0x000000000800e7a0        0xa zephyr/drivers/clock_control/libdrivers__clock_control.a(clock_stm32_ll_common.c.obj)
 .text.get_bus_clock
                0x000000000800e7aa        0x6 zephyr/drivers/clock_control/libdrivers__clock_control.a(clock_stm32_ll_common.c.obj)
 .text.config_pll_init
                0x000000000800e7b0       0x10 zephyr/drivers/clock_control/libdrivers__clock_control.a(clock_stm32l4_l5_wb_wl.c.obj)
                0x000000000800e7b0                config_pll_init
 .text.gpio_stm32_isr
                0x000000000800e7c0       0x3a zephyr/drivers/gpio/libdrivers__gpio.a(gpio_stm32.c.obj)
 .text.gpio_stm32_flags_to_conf
                0x000000000800e7fa       0x76 zephyr/drivers/gpio/libdrivers__gpio.a(gpio_stm32.c.obj)
 .text.gpio_stm32_port_get_raw
                0x000000000800e870        0xc zephyr/drivers/gpio/libdrivers__gpio.a(gpio_stm32.c.obj)
 .text.gpio_stm32_port_set_masked_raw
                0x000000000800e87c       0x12 zephyr/drivers/gpio/libdrivers__gpio.a(gpio_stm32.c.obj)
 .text.gpio_stm32_port_set_bits_raw
                0x000000000800e88e        0xa zephyr/drivers/gpio/libdrivers__gpio.a(gpio_stm32.c.obj)
 .text.gpio_stm32_port_clear_bits_raw
                0x000000000800e898        0xa zephyr/drivers/gpio/libdrivers__gpio.a(gpio_stm32.c.obj)
 .text.gpio_stm32_port_toggle_bits
                0x000000000800e8a2        0xe zephyr/drivers/gpio/libdrivers__gpio.a(gpio_stm32.c.obj)
 .text.gpio_stm32_manage_callback
                0x000000000800e8b0       0x72 zephyr/drivers/gpio/libdrivers__gpio.a(gpio_stm32.c.obj)
 .text.gpio_stm32_configure_raw
                0x000000000800e922      0x148 zephyr/drivers/gpio/libdrivers__gpio.a(gpio_stm32.c.obj)
 .text.gpio_stm32_config
                0x000000000800ea6a       0x52 zephyr/drivers/gpio/libdrivers__gpio.a(gpio_stm32.c.obj)
 .text.gpio_stm32_init
                0x000000000800eabc       0x14 zephyr/drivers/gpio/libdrivers__gpio.a(gpio_stm32.c.obj)
 .text.gpio_stm32_configure
                0x000000000800ead0        0xa zephyr/drivers/gpio/libdrivers__gpio.a(gpio_stm32.c.obj)
                0x000000000800ead0                gpio_stm32_configure
 .text.LL_TIM_OC_SetCompareCH1
                0x000000000800eada        0x4 zephyr/drivers/pwm/libdrivers__pwm.a(pwm_stm32.c.obj)
 .text.LL_TIM_OC_SetCompareCH2
                0x000000000800eade        0x4 zephyr/drivers/pwm/libdrivers__pwm.a(pwm_stm32.c.obj)
 .text.LL_TIM_OC_SetCompareCH3
                0x000000000800eae2        0x4 zephyr/drivers/pwm/libdrivers__pwm.a(pwm_stm32.c.obj)
 .text.LL_TIM_OC_SetCompareCH4
                0x000000000800eae6        0x4 zephyr/drivers/pwm/libdrivers__pwm.a(pwm_stm32.c.obj)
 .text.LL_TIM_OC_SetCompareCH5
                0x000000000800eaea        0x6 zephyr/drivers/pwm/libdrivers__pwm.a(pwm_stm32.c.obj)
 .text.LL_TIM_OC_SetCompareCH6
                0x000000000800eaf0        0x4 zephyr/drivers/pwm/libdrivers__pwm.a(pwm_stm32.c.obj)
 .text.get_polarity
                0x000000000800eaf4        0xe zephyr/drivers/pwm/libdrivers__pwm.a(pwm_stm32.c.obj)
 .text.pwm_stm32_get_cycles_per_sec
                0x000000000800eb02       0x16 zephyr/drivers/pwm/libdrivers__pwm.a(pwm_stm32.c.obj)
 .text.spi_stm32_transfer_ongoing
                0x000000000800eb18       0x14 zephyr/drivers/spi/libdrivers__spi.a(spi_ll_stm32.c.obj)
 .text.z_log_msg2_runtime_create
                0x000000000800eb2c       0x1a zephyr/drivers/spi/libdrivers__spi.a(spi_ll_stm32.c.obj)
 .text.spi_stm32_irq_config_func_0
                0x000000000800eb46       0x14 zephyr/drivers/spi/libdrivers__spi.a(spi_ll_stm32.c.obj)
 .text.spi_stm32_release
                0x000000000800eb5a       0x60 zephyr/drivers/spi/libdrivers__spi.a(spi_ll_stm32.c.obj)
 .text.spi_stm32_cs_control
                0x000000000800ebba       0x9a zephyr/drivers/spi/libdrivers__spi.a(spi_ll_stm32.c.obj)
 .text.spi_stm32_complete
                0x000000000800ec54       0x78 zephyr/drivers/spi/libdrivers__spi.a(spi_ll_stm32.c.obj)
 .text.spi_stm32_transceive
                0x000000000800eccc       0x12 zephyr/drivers/spi/libdrivers__spi.a(spi_ll_stm32.c.obj)
 .text.spi_stm32_shift_m
                0x000000000800ecde      0x1e4 zephyr/drivers/spi/libdrivers__spi.a(spi_ll_stm32.c.obj)
 .text.spi_stm32_shift_s
                0x000000000800eec2      0x1b0 zephyr/drivers/spi/libdrivers__spi.a(spi_ll_stm32.c.obj)
 .text.spi_stm32_shift_frames
                0x000000000800f072       0x20 zephyr/drivers/spi/libdrivers__spi.a(spi_ll_stm32.c.obj)
 .text.spi_stm32_isr
                0x000000000800f092       0x46 zephyr/drivers/spi/libdrivers__spi.a(spi_ll_stm32.c.obj)
 .text.timer_work_handler
                0x000000000800f0d8        0x8 zephyr/drivers/lora/libloramac-node.a(hal_common.c.obj)
 .text.RtcGetTimerValue
                0x000000000800f0e0       0x10 zephyr/drivers/lora/libloramac-node.a(hal_common.c.obj)
                0x000000000800f0e0                RtcGetTimerValue
 .text.RtcGetMinimumTimeout
                0x000000000800f0f0        0x4 zephyr/drivers/lora/libloramac-node.a(hal_common.c.obj)
                0x000000000800f0f0                RtcGetMinimumTimeout
 .text.DelayMsMcu
                0x000000000800f0f4       0x16 zephyr/drivers/lora/libloramac-node.a(hal_common.c.obj)
                0x000000000800f0f4                DelayMsMcu
 .text.RtcMs2Tick
                0x000000000800f10a        0x2 zephyr/drivers/lora/libloramac-node.a(hal_common.c.obj)
                0x000000000800f10a                RtcMs2Tick
 .text.RtcTick2Ms
                0x000000000800f10c        0x2 zephyr/drivers/lora/libloramac-node.a(hal_common.c.obj)
                0x000000000800f10c                RtcTick2Ms
 .text.BoardCriticalSectionBegin
                0x000000000800f10e       0x14 zephyr/drivers/lora/libloramac-node.a(hal_common.c.obj)
                0x000000000800f10e                BoardCriticalSectionBegin
 .text.BoardCriticalSectionEnd
                0x000000000800f122        0xc zephyr/drivers/lora/libloramac-node.a(hal_common.c.obj)
                0x000000000800f122                BoardCriticalSectionEnd
 .text.z_log_msg2_runtime_create
                0x000000000800f12e       0x1a zephyr/drivers/lora/libloramac-node.a(sx12xx_common.c.obj)
 .text.clamp_int8
                0x000000000800f148       0x10 zephyr/drivers/lora/libloramac-node.a(sx127x.c.obj)
 .text.SX1276CheckRfFrequency
                0x000000000800f158        0x4 zephyr/drivers/lora/libloramac-node.a(sx127x.c.obj)
                0x000000000800f158                SX1276CheckRfFrequency
 .text.sx127x_antenna_configure
                0x000000000800f15c        0x4 zephyr/drivers/lora/libloramac-node.a(sx127x.c.obj)
 .text.z_log_msg2_runtime_create
                0x000000000800f160       0x1a zephyr/drivers/lora/libloramac-node.a(sx127x.c.obj)
 .text.SX1276GetBoardTcxoWakeupTime
                0x000000000800f17a        0x4 zephyr/drivers/lora/libloramac-node.a(sx127x.c.obj)
                0x000000000800f17a                SX1276GetBoardTcxoWakeupTime
 .text.SX1276SetAntSwLowPower
                0x000000000800f17e        0x2 zephyr/drivers/lora/libloramac-node.a(sx127x.c.obj)
                0x000000000800f17e                SX1276SetAntSwLowPower
 .text.SX1276SetBoardTcxo
                0x000000000800f180        0x2 zephyr/drivers/lora/libloramac-node.a(sx127x.c.obj)
                0x000000000800f180                SX1276SetBoardTcxo
 .text.SX1276SetAntSw
                0x000000000800f182        0x2 zephyr/drivers/lora/libloramac-node.a(sx127x.c.obj)
                0x000000000800f182                SX1276SetAntSw
 .text.sx127x_read
                0x000000000800f184        0xe zephyr/drivers/lora/libloramac-node.a(sx127x.c.obj)
                0x000000000800f184                sx127x_read
 .text.sx127x_write
                0x000000000800f192       0x12 zephyr/drivers/lora/libloramac-node.a(sx127x.c.obj)
                0x000000000800f192                sx127x_write
 .text.memcpy1  0x000000000800f1a4       0x16 zephyr/drivers/lora/libloramac-node.a(utilities.c.obj)
                0x000000000800f1a4                memcpy1
 .text.TimerSetTimeout
                0x000000000800f1ba       0x2c zephyr/drivers/lora/libloramac-node.a(timer.c.obj)
 .text.TimerInit
                0x000000000800f1e6       0x12 zephyr/drivers/lora/libloramac-node.a(timer.c.obj)
                0x000000000800f1e6                TimerInit
 .text.TimerSetValue
                0x000000000800f1f8       0x22 zephyr/drivers/lora/libloramac-node.a(timer.c.obj)
                0x000000000800f1f8                TimerSetValue
 .text.TimerGetCurrentTime
                0x000000000800f21a        0xc zephyr/drivers/lora/libloramac-node.a(timer.c.obj)
                0x000000000800f21a                TimerGetCurrentTime
 .text.TimerGetElapsedTime
                0x000000000800f226       0x20 zephyr/drivers/lora/libloramac-node.a(timer.c.obj)
                0x000000000800f226                TimerGetElapsedTime
 .text.DelayMs  0x000000000800f246        0x8 zephyr/drivers/lora/libloramac-node.a(delay.c.obj)
                0x000000000800f246                DelayMs
 .text.SX1276ConvertPllStepToFreqInHz
                0x000000000800f24e       0x16 zephyr/drivers/lora/libloramac-node.a(sx1276.c.obj)
 .text.SX1276GetGfskTimeOnAirNumerator
                0x000000000800f264       0x1e zephyr/drivers/lora/libloramac-node.a(sx1276.c.obj)
 .text.SX1276GetLoRaTimeOnAirNumerator
                0x000000000800f282       0xa6 zephyr/drivers/lora/libloramac-node.a(sx1276.c.obj)
 .text.SX1276ReadFifo
                0x000000000800f328        0xe zephyr/drivers/lora/libloramac-node.a(sx1276.c.obj)
 .text.SX1276WriteFifo
                0x000000000800f336        0xe zephyr/drivers/lora/libloramac-node.a(sx1276.c.obj)
 .text.SX1276GetTimeOnAir
                0x000000000800f344       0x64 zephyr/drivers/lora/libloramac-node.a(sx1276.c.obj)
                0x000000000800f344                SX1276GetTimeOnAir
 .text.SX1276Write
                0x000000000800f3a8       0x18 zephyr/drivers/lora/libloramac-node.a(sx1276.c.obj)
                0x000000000800f3a8                SX1276Write
 .text.SX1276Read
                0x000000000800f3c0       0x18 zephyr/drivers/lora/libloramac-node.a(sx1276.c.obj)
                0x000000000800f3c0                SX1276Read
 .text.SX1276SetOpMode
                0x000000000800f3d8       0x38 zephyr/drivers/lora/libloramac-node.a(sx1276.c.obj)
 .text.SX1276IsChannelFree
                0x000000000800f410       0x66 zephyr/drivers/lora/libloramac-node.a(sx1276.c.obj)
                0x000000000800f410                SX1276IsChannelFree
 .text.SX1276Random
                0x000000000800f476       0x40 zephyr/drivers/lora/libloramac-node.a(sx1276.c.obj)
                0x000000000800f476                SX1276Random
 .text.SX1276GetWakeupTime
                0x000000000800f4b6        0xa zephyr/drivers/lora/libloramac-node.a(sx1276.c.obj)
                0x000000000800f4b6                SX1276GetWakeupTime
 .text.uart_stm32_config_get
                0x000000000800f4c0       0xa6 zephyr/drivers/serial/libdrivers__serial.a(uart_stm32.c.obj)
 .text.uart_stm32_poll_in
                0x000000000800f566       0x26 zephyr/drivers/serial/libdrivers__serial.a(uart_stm32.c.obj)
 .text.uart_stm32_poll_out
                0x000000000800f58c       0x3c zephyr/drivers/serial/libdrivers__serial.a(uart_stm32.c.obj)
 .text.uart_stm32_err_check
                0x000000000800f5c8       0x62 zephyr/drivers/serial/libdrivers__serial.a(uart_stm32.c.obj)
 .text.pinctrl_lookup_state
                0x000000000800f62a       0x34 zephyr/drivers/pinctrl/libdrivers__pinctrl.a(common.c.obj)
                0x000000000800f62a                pinctrl_lookup_state
 .text.pinctrl_configure_pins
                0x000000000800f65e       0x54 zephyr/drivers/pinctrl/libdrivers__pinctrl.a(pinctrl_stm32.c.obj)
                0x000000000800f65e                pinctrl_configure_pins
 .text.LL_TIM_StructInit
                0x000000000800f6b2       0x12 modules/stm32/stm32cube/lib..__modules__hal__stm32__stm32cube.a(stm32l4xx_ll_tim.c.obj)
                0x000000000800f6b2                LL_TIM_StructInit
 .text.LL_TIM_OC_StructInit
                0x000000000800f6c4       0x14 modules/stm32/stm32cube/lib..__modules__hal__stm32__stm32cube.a(stm32l4xx_ll_tim.c.obj)
                0x000000000800f6c4                LL_TIM_OC_StructInit
 .text.LL_TIM_OC_Init
                0x000000000800f6d8       0x54 modules/stm32/stm32cube/lib..__modules__hal__stm32__stm32cube.a(stm32l4xx_ll_tim.c.obj)
                0x000000000800f6d8                LL_TIM_OC_Init
 .text.UTILS_GetPLLOutputFrequency
                0x000000000800f72c       0x22 modules/stm32/stm32cube/lib..__modules__hal__stm32__stm32cube.a(stm32l4xx_ll_utils.c.obj)
 .text.LL_TIM_OC_SetCompareCH1
                0x000000000800f74e        0x4 modules/rts-zephyr/drivers/led_strip/lib..__..__tmp__projects__beacon_project_rzd__lora_russia_railways__modules__rts-zephyr__drivers__led_strip.a(ws2812_pwm_stm32.c.obj)
 .text.LL_TIM_OC_SetCompareCH2
                0x000000000800f752        0x4 modules/rts-zephyr/drivers/led_strip/lib..__..__tmp__projects__beacon_project_rzd__lora_russia_railways__modules__rts-zephyr__drivers__led_strip.a(ws2812_pwm_stm32.c.obj)
 .text.LL_TIM_OC_SetCompareCH3
                0x000000000800f756        0x4 modules/rts-zephyr/drivers/led_strip/lib..__..__tmp__projects__beacon_project_rzd__lora_russia_railways__modules__rts-zephyr__drivers__led_strip.a(ws2812_pwm_stm32.c.obj)
 .text.LL_TIM_OC_SetCompareCH4
                0x000000000800f75a        0x4 modules/rts-zephyr/drivers/led_strip/lib..__..__tmp__projects__beacon_project_rzd__lora_russia_railways__modules__rts-zephyr__drivers__led_strip.a(ws2812_pwm_stm32.c.obj)
 .text.LL_TIM_OC_SetCompareCH5
                0x000000000800f75e        0x6 modules/rts-zephyr/drivers/led_strip/lib..__..__tmp__projects__beacon_project_rzd__lora_russia_railways__modules__rts-zephyr__drivers__led_strip.a(ws2812_pwm_stm32.c.obj)
 .text.LL_TIM_OC_SetCompareCH6
                0x000000000800f764        0x4 modules/rts-zephyr/drivers/led_strip/lib..__..__tmp__projects__beacon_project_rzd__lora_russia_railways__modules__rts-zephyr__drivers__led_strip.a(ws2812_pwm_stm32.c.obj)
 .text.LL_TIM_ClearFlag_CC1
                0x000000000800f768        0x8 modules/rts-zephyr/drivers/led_strip/lib..__..__tmp__projects__beacon_project_rzd__lora_russia_railways__modules__rts-zephyr__drivers__led_strip.a(ws2812_pwm_stm32.c.obj)
 .text.LL_TIM_IsActiveFlag_CC1
                0x000000000800f770        0xc modules/rts-zephyr/drivers/led_strip/lib..__..__tmp__projects__beacon_project_rzd__lora_russia_railways__modules__rts-zephyr__drivers__led_strip.a(ws2812_pwm_stm32.c.obj)
 .text.LL_TIM_ClearFlag_CC2
                0x000000000800f77c        0x8 modules/rts-zephyr/drivers/led_strip/lib..__..__tmp__projects__beacon_project_rzd__lora_russia_railways__modules__rts-zephyr__drivers__led_strip.a(ws2812_pwm_stm32.c.obj)
 .text.LL_TIM_IsActiveFlag_CC2
                0x000000000800f784        0xc modules/rts-zephyr/drivers/led_strip/lib..__..__tmp__projects__beacon_project_rzd__lora_russia_railways__modules__rts-zephyr__drivers__led_strip.a(ws2812_pwm_stm32.c.obj)
 .text.LL_TIM_ClearFlag_CC3
                0x000000000800f790        0x8 modules/rts-zephyr/drivers/led_strip/lib..__..__tmp__projects__beacon_project_rzd__lora_russia_railways__modules__rts-zephyr__drivers__led_strip.a(ws2812_pwm_stm32.c.obj)
 .text.LL_TIM_IsActiveFlag_CC3
                0x000000000800f798        0xc modules/rts-zephyr/drivers/led_strip/lib..__..__tmp__projects__beacon_project_rzd__lora_russia_railways__modules__rts-zephyr__drivers__led_strip.a(ws2812_pwm_stm32.c.obj)
 .text.LL_TIM_ClearFlag_CC4